Archive member included to satisfy reference by file (symbol)

/opt/st/stm32cubeide_1.14.0/plugins/com.st.stm32cube.ide.mcu.externaltools.gnu-tools-for-stm32.11.3.rel1.linux64_1.1.100.202309141235/tools/bin/../lib/gcc/arm-none-eabi/11.3.1/../../../../arm-none-eabi/lib/thumb/v7-m/nofp/libc_nano.a(libc_a-exit.o)
                              /opt/st/stm32cubeide_1.14.0/plugins/com.st.stm32cube.ide.mcu.externaltools.gnu-tools-for-stm32.11.3.rel1.linux64_1.1.100.202309141235/tools/bin/../lib/gcc/arm-none-eabi/11.3.1/../../../../arm-none-eabi/lib/thumb/v7-m/nofp/crt0.o (exit)
/opt/st/stm32cubeide_1.14.0/plugins/com.st.stm32cube.ide.mcu.externaltools.gnu-tools-for-stm32.11.3.rel1.linux64_1.1.100.202309141235/tools/bin/../lib/gcc/arm-none-eabi/11.3.1/../../../../arm-none-eabi/lib/thumb/v7-m/nofp/libc_nano.a(libc_a-findfp.o)
                              ./Middlewares/Third_Party/FreeRTOS/Source/tasks.o (__sf)
/opt/st/stm32cubeide_1.14.0/plugins/com.st.stm32cube.ide.mcu.externaltools.gnu-tools-for-stm32.11.3.rel1.linux64_1.1.100.202309141235/tools/bin/../lib/gcc/arm-none-eabi/11.3.1/../../../../arm-none-eabi/lib/thumb/v7-m/nofp/libc_nano.a(libc_a-fwalk.o)
                              /opt/st/stm32cubeide_1.14.0/plugins/com.st.stm32cube.ide.mcu.externaltools.gnu-tools-for-stm32.11.3.rel1.linux64_1.1.100.202309141235/tools/bin/../lib/gcc/arm-none-eabi/11.3.1/../../../../arm-none-eabi/lib/thumb/v7-m/nofp/libc_nano.a(libc_a-findfp.o) (_fwalk_sglue)
/opt/st/stm32cubeide_1.14.0/plugins/com.st.stm32cube.ide.mcu.externaltools.gnu-tools-for-stm32.11.3.rel1.linux64_1.1.100.202309141235/tools/bin/../lib/gcc/arm-none-eabi/11.3.1/../../../../arm-none-eabi/lib/thumb/v7-m/nofp/libc_nano.a(libc_a-stdio.o)
                              /opt/st/stm32cubeide_1.14.0/plugins/com.st.stm32cube.ide.mcu.externaltools.gnu-tools-for-stm32.11.3.rel1.linux64_1.1.100.202309141235/tools/bin/../lib/gcc/arm-none-eabi/11.3.1/../../../../arm-none-eabi/lib/thumb/v7-m/nofp/libc_nano.a(libc_a-findfp.o) (__sread)
/opt/st/stm32cubeide_1.14.0/plugins/com.st.stm32cube.ide.mcu.externaltools.gnu-tools-for-stm32.11.3.rel1.linux64_1.1.100.202309141235/tools/bin/../lib/gcc/arm-none-eabi/11.3.1/../../../../arm-none-eabi/lib/thumb/v7-m/nofp/libc_nano.a(libc_a-memset.o)
                              /opt/st/stm32cubeide_1.14.0/plugins/com.st.stm32cube.ide.mcu.externaltools.gnu-tools-for-stm32.11.3.rel1.linux64_1.1.100.202309141235/tools/bin/../lib/gcc/arm-none-eabi/11.3.1/../../../../arm-none-eabi/lib/thumb/v7-m/nofp/crt0.o (memset)
/opt/st/stm32cubeide_1.14.0/plugins/com.st.stm32cube.ide.mcu.externaltools.gnu-tools-for-stm32.11.3.rel1.linux64_1.1.100.202309141235/tools/bin/../lib/gcc/arm-none-eabi/11.3.1/../../../../arm-none-eabi/lib/thumb/v7-m/nofp/libc_nano.a(libc_a-closer.o)
                              /opt/st/stm32cubeide_1.14.0/plugins/com.st.stm32cube.ide.mcu.externaltools.gnu-tools-for-stm32.11.3.rel1.linux64_1.1.100.202309141235/tools/bin/../lib/gcc/arm-none-eabi/11.3.1/../../../../arm-none-eabi/lib/thumb/v7-m/nofp/libc_nano.a(libc_a-stdio.o) (_close_r)
/opt/st/stm32cubeide_1.14.0/plugins/com.st.stm32cube.ide.mcu.externaltools.gnu-tools-for-stm32.11.3.rel1.linux64_1.1.100.202309141235/tools/bin/../lib/gcc/arm-none-eabi/11.3.1/../../../../arm-none-eabi/lib/thumb/v7-m/nofp/libc_nano.a(libc_a-reent.o)
                              ./Middlewares/Third_Party/FreeRTOS/Source/tasks.o (_reclaim_reent)
/opt/st/stm32cubeide_1.14.0/plugins/com.st.stm32cube.ide.mcu.externaltools.gnu-tools-for-stm32.11.3.rel1.linux64_1.1.100.202309141235/tools/bin/../lib/gcc/arm-none-eabi/11.3.1/../../../../arm-none-eabi/lib/thumb/v7-m/nofp/libc_nano.a(libc_a-impure.o)
                              ./Middlewares/Third_Party/FreeRTOS/Source/tasks.o (_impure_ptr)
/opt/st/stm32cubeide_1.14.0/plugins/com.st.stm32cube.ide.mcu.externaltools.gnu-tools-for-stm32.11.3.rel1.linux64_1.1.100.202309141235/tools/bin/../lib/gcc/arm-none-eabi/11.3.1/../../../../arm-none-eabi/lib/thumb/v7-m/nofp/libc_nano.a(libc_a-lseekr.o)
                              /opt/st/stm32cubeide_1.14.0/plugins/com.st.stm32cube.ide.mcu.externaltools.gnu-tools-for-stm32.11.3.rel1.linux64_1.1.100.202309141235/tools/bin/../lib/gcc/arm-none-eabi/11.3.1/../../../../arm-none-eabi/lib/thumb/v7-m/nofp/libc_nano.a(libc_a-stdio.o) (_lseek_r)
/opt/st/stm32cubeide_1.14.0/plugins/com.st.stm32cube.ide.mcu.externaltools.gnu-tools-for-stm32.11.3.rel1.linux64_1.1.100.202309141235/tools/bin/../lib/gcc/arm-none-eabi/11.3.1/../../../../arm-none-eabi/lib/thumb/v7-m/nofp/libc_nano.a(libc_a-readr.o)
                              /opt/st/stm32cubeide_1.14.0/plugins/com.st.stm32cube.ide.mcu.externaltools.gnu-tools-for-stm32.11.3.rel1.linux64_1.1.100.202309141235/tools/bin/../lib/gcc/arm-none-eabi/11.3.1/../../../../arm-none-eabi/lib/thumb/v7-m/nofp/libc_nano.a(libc_a-stdio.o) (_read_r)
[...]
Memory Configuration

Name             Origin             Length             Attributes
RAM              0x0000000020000000 0x0000000000005000 xrw
FLASH            0x0000000008000000 0x0000000000010000 xr
*default*        0x0000000000000000 0xffffffffffffffff

Linker script and memory map

LOAD /opt/st/stm32cubeide_1.14.0/plugins/com.st.stm32cube.ide.mcu.externaltools.gnu-tools-for-stm32.11.3.rel1.linux64_1.1.100.202309141235/tools/bin/../lib/gcc/arm-none-eabi/11.3.1/thumb/v7-m/nofp/crti.o
LOAD /opt/st/stm32cubeide_1.14.0/plugins/com.st.stm32cube.ide.mcu.externaltools.gnu-tools-for-stm32.11.3.rel1.linux64_1.1.100.202309141235/tools/bin/../lib/gcc/arm-none-eabi/11.3.1/thumb/v7-m/nofp/crtbegin.o
LOAD /opt/st/stm32cubeide_1.14.0/plugins/com.st.stm32cube.ide.mcu.externaltools.gnu-tools-for-stm32.11.3.rel1.linux64_1.1.100.202309141235/tools/bin/../lib/gcc/arm-none-eabi/11.3.1/../../../../arm-none-eabi/lib/thumb/v7-m/nofp/crt0.o
LOAD ./Core/Src/freertos.o
LOAD ./Core/Src/main.o
LOAD ./Core/Src/stm32f1xx_hal_msp.o
LOAD ./Core/Src/stm32f1xx_hal_timebase_tim.o
LOAD ./Core/Src/stm32f1xx_it.o
LOAD ./Core/Src/syscalls.o
LOAD ./Core/Src/sysmem.o
LOAD ./Core/Src/system_stm32f1xx.o
LOAD ./Core/Startup/startup_stm32f103c8tx.o
LOAD ./Drivers/STM32F1xx_HAL_Driver/Src/stm32f1xx_hal.o
LOAD ./Drivers/STM32F1xx_HAL_Driver/Src/stm32f1xx_hal_cortex.o
LOAD ./Drivers/STM32F1xx_HAL_Driver/Src/stm32f1xx_hal_dma.o
LOAD ./Drivers/STM32F1xx_HAL_Driver/Src/stm32f1xx_hal_exti.o
LOAD ./Drivers/STM32F1xx_HAL_Driver/Src/stm32f1xx_hal_flash.o
LOAD ./Drivers/STM32F1xx_HAL_Driver/Src/stm32f1xx_hal_flash_ex.o
LOAD ./Drivers/STM32F1xx_HAL_Driver/Src/stm32f1xx_hal_gpio.o
LOAD ./Drivers/STM32F1xx_HAL_Driver/Src/stm32f1xx_hal_gpio_ex.o
LOAD ./Drivers/STM32F1xx_HAL_Driver/Src/stm32f1xx_hal_pwr.o
LOAD ./Drivers/STM32F1xx_HAL_Driver/Src/stm32f1xx_hal_rcc.o
LOAD ./Drivers/STM32F1xx_HAL_Driver/Src/stm32f1xx_hal_rcc_ex.o
LOAD ./Drivers/STM32F1xx_HAL_Driver/Src/stm32f1xx_hal_tim.o
LOAD ./Drivers/STM32F1xx_HAL_Driver/Src/stm32f1xx_hal_tim_ex.o
LOAD ./Middlewares/Third_Party/FreeRTOS/Source/CMSIS_RTOS_V2/cmsis_os2.o
LOAD ./Middlewares/Third_Party/FreeRTOS/Source/croutine.o
LOAD ./Middlewares/Third_Party/FreeRTOS/Source/event_groups.o
LOAD ./Middlewares/Third_Party/FreeRTOS/Source/list.o
LOAD ./Middlewares/Third_Party/FreeRTOS/Source/queue.o
LOAD ./Middlewares/Third_Party/FreeRTOS/Source/stream_buffer.o
LOAD ./Middlewares/Third_Party/FreeRTOS/Source/tasks.o
LOAD ./Middlewares/Third_Party/FreeRTOS/Source/timers.o
LOAD ./Middlewares/Third_Party/FreeRTOS/Source/portable/GCC/ARM_CM3/port.o
LOAD ./Middlewares/Third_Party/FreeRTOS/Source/portable/MemMang/heap_4.o
LOAD ./ThisLibrary/FreeRtosUML.o
START GROUP
LOAD /opt/st/stm32cubeide_1.14.0/plugins/com.st.stm32cube.ide.mcu.externaltools.gnu-tools-for-stm32.11.3.rel1.linux64_1.1.100.202309141235/tools/bin/../lib/gcc/arm-none-eabi/11.3.1/../../../../arm-none-eabi/lib/thumb/v7-m/nofp/libc_nano.a
LOAD /opt/st/stm32cubeide_1.14.0/plugins/com.st.stm32cube.ide.mcu.externaltools.gnu-tools-for-stm32.11.3.rel1.linux64_1.1.100.202309141235/tools/bin/../lib/gcc/arm-none-eabi/11.3.1/../../../../arm-none-eabi/lib/thumb/v7-m/nofp/libm.a
END GROUP
START GROUP
LOAD /opt/st/stm32cubeide_1.14.0/plugins/com.st.stm32cube.ide.mcu.externaltools.gnu-tools-for-stm32.11.3.rel1.linux64_1.1.100.202309141235/tools/bin/../lib/gcc/arm-none-eabi/11.3.1/thumb/v7-m/nofp/libgcc.a
LOAD /opt/st/stm32cubeide_1.14.0/plugins/com.st.stm32cube.ide.mcu.externaltools.gnu-tools-for-stm32.11.3.rel1.linux64_1.1.100.202309141235/tools/bin/../lib/gcc/arm-none-eabi/11.3.1/../../../../arm-none-eabi/lib/thumb/v7-m/nofp/libc_nano.a
END GROUP
START GROUP
LOAD /opt/st/stm32cubeide_1.14.0/plugins/com.st.stm32cube.ide.mcu.externaltools.gnu-tools-for-stm32.11.3.rel1.linux64_1.1.100.202309141235/tools/bin/../lib/gcc/arm-none-eabi/11.3.1/thumb/v7-m/nofp/libgcc.a
LOAD /opt/st/stm32cubeide_1.14.0/plugins/com.st.stm32cube.ide.mcu.externaltools.gnu-tools-for-stm32.11.3.rel1.linux64_1.1.100.202309141235/tools/bin/../lib/gcc/arm-none-eabi/11.3.1/../../../../arm-none-eabi/lib/thumb/v7-m/nofp/libc_nano.a
LOAD /opt/st/stm32cubeide_1.14.0/plugins/com.st.stm32cube.ide.mcu.externaltools.gnu-tools-for-stm32.11.3.rel1.linux64_1.1.100.202309141235/tools/bin/../lib/gcc/arm-none-eabi/11.3.1/../../../../arm-none-eabi/lib/thumb/v7-m/nofp/libnosys.a
END GROUP
START GROUP
LOAD /opt/st/stm32cubeide_1.14.0/plugins/com.st.stm32cube.ide.mcu.externaltools.gnu-tools-for-stm32.11.3.rel1.linux64_1.1.100.202309141235/tools/bin/../lib/gcc/arm-none-eabi/11.3.1/thumb/v7-m/nofp/libgcc.a
LOAD /opt/st/stm32cubeide_1.14.0/plugins/com.st.stm32cube.ide.mcu.externaltools.gnu-tools-for-stm32.11.3.rel1.linux64_1.1.100.202309141235/tools/bin/../lib/gcc/arm-none-eabi/11.3.1/../../../../arm-none-eabi/lib/thumb/v7-m/nofp/libc_nano.a
LOAD /opt/st/stm32cubeide_1.14.0/plugins/com.st.stm32cube.ide.mcu.externaltools.gnu-tools-for-stm32.11.3.rel1.linux64_1.1.100.202309141235/tools/bin/../lib/gcc/arm-none-eabi/11.3.1/../../../../arm-none-eabi/lib/thumb/v7-m/nofp/libnosys.a
END GROUP
LOAD /opt/st/stm32cubeide_1.14.0/plugins/com.st.stm32cube.ide.mcu.externaltools.gnu-tools-for-stm32.11.3.rel1.linux64_1.1.100.202309141235/tools/bin/../lib/gcc/arm-none-eabi/11.3.1/thumb/v7-m/nofp/crtend.o
LOAD /opt/st/stm32cubeide_1.14.0/plugins/com.st.stm32cube.ide.mcu.externaltools.gnu-tools-for-stm32.11.3.rel1.linux64_1.1.100.202309141235/tools/bin/../lib/gcc/arm-none-eabi/11.3.1/thumb/v7-m/nofp/crtn.o
                0x0000000020005000                _estack = (ORIGIN (RAM) + LENGTH (RAM))
                0x0000000000000200                _Min_Heap_Size = 0x200
                0x0000000000000400                _Min_Stack_Size = 0x400

.isr_vector     0x0000000008000000      0x10c
                0x0000000008000000                . = ALIGN (0x4)
 *(.isr_vector)
 .isr_vector    0x0000000008000000      0x10c ./Core/Startup/startup_stm32f103c8tx.o
                0x0000000008000000                g_pfnVectors
                0x000000000800010c                . = ALIGN (0x4)

.text           0x0000000008000110     0x4eec
                0x0000000008000110                . = ALIGN (0x4)
 *(.text)
 .text          0x0000000008000110       0x40 /opt/st/stm32cubeide_1.14.0/plugins/com.st.stm32cube.ide.mcu.externaltools.gnu-tools-for-stm32.11.3.rel1.linux64_1.1.100.202309141235/tools/bin/../lib/gcc/arm-none-eabi/11.3.1/thumb/v7-m/nofp/crtbegin.o
 *(.text*)
 .text.main     0x0000000008000150      0x1a4 ./Core/Src/main.o
                0x0000000008000150                main
 .text.SystemClock_Config
                0x00000000080002f4       0x76 ./Core/Src/main.o
                0x00000000080002f4                SystemClock_Config
 *fill*         0x000000000800036a        0x2 
 .text.MX_GPIO_Init
                0x000000000800036c       0x98 ./Core/Src/main.o
 .text.fTaskBlinkLong
                0x0000000008000404       0x64 ./Core/Src/main.o
                0x0000000008000404                fTaskBlinkLong
 .text.fTaskBlinkShort
                0x0000000008000468       0x64 ./Core/Src/main.o
                0x0000000008000468                fTaskBlinkShort
 .text.fTaskBlinkReal
                0x00000000080004cc       0x64 ./Core/Src/main.o
                0x00000000080004cc                fTaskBlinkReal
 .text.fTaskStart
                0x0000000008000530      0x104 ./Core/Src/main.o
                0x0000000008000530                fTaskStart
 .text.fTaskTimerEvent
                0x0000000008000634       0x50 ./Core/Src/main.o
                0x0000000008000634                fTaskTimerEvent
 .text.fTaskStartFSM1
                0x0000000008000684       0x28 ./Core/Src/main.o
                0x0000000008000684                fTaskStartFSM1
 .text.fTaskStartFSM2
                0x00000000080006ac       0x28 ./Core/Src/main.o
                0x00000000080006ac                fTaskStartFSM2
 .text.CallbackTimerBlinkDelay
                0x00000000080006d4       0x18 ./Core/Src/main.o
                0x00000000080006d4                CallbackTimerBlinkDelay
 .text.HAL_TIM_PeriodElapsedCallback
                0x00000000080006ec       0x24 ./Core/Src/main.o
                0x00000000080006ec                HAL_TIM_PeriodElapsedCallback
 .text.Error_Handler
                0x0000000008000710        0xa ./Core/Src/main.o
                0x0000000008000710                Error_Handler
 *fill*         0x000000000800071a        0x2 
 .text.HAL_MspInit
                0x000000000800071c       0x70 ./Core/Src/stm32f1xx_hal_msp.o
                0x000000000800071c                HAL_MspInit
 .text.HAL_InitTick
                0x000000000800078c       0xe4 ./Core/Src/stm32f1xx_hal_timebase_tim.o
                0x000000000800078c                HAL_InitTick
 .text.NMI_Handler
                0x0000000008000870        0x6 ./Core/Src/stm32f1xx_it.o
                0x0000000008000870                NMI_Handler
 .text.HardFault_Handler
                0x0000000008000876        0x6 ./Core/Src/stm32f1xx_it.o
                0x0000000008000876                HardFault_Handler
 .text.MemManage_Handler
                0x000000000800087c        0x6 ./Core/Src/stm32f1xx_it.o
                0x000000000800087c                MemManage_Handler
 .text.BusFault_Handler
                0x0000000008000882        0x6 ./Core/Src/stm32f1xx_it.o
                0x0000000008000882                BusFault_Handler
 .text.UsageFault_Handler
                0x0000000008000888        0x6 ./Core/Src/stm32f1xx_it.o
                0x0000000008000888                UsageFault_Handler
 .text.DebugMon_Handler
                0x000000000800088e        0xc ./Core/Src/stm32f1xx_it.o
                0x000000000800088e                DebugMon_Handler
 *fill*         0x000000000800089a        0x2 
 .text.TIM1_UP_IRQHandler
                0x000000000800089c       0x14 ./Core/Src/stm32f1xx_it.o
                0x000000000800089c                TIM1_UP_IRQHandler
 .text.SystemInit
                0x00000000080008b0        0xc ./Core/Src/system_stm32f1xx.o
                0x00000000080008b0                SystemInit
 .text.Reset_Handler
                0x00000000080008bc       0x48 ./Core/Startup/startup_stm32f103c8tx.o
                0x00000000080008bc                Reset_Handler
 .text.Default_Handler
                0x0000000008000904        0x2 ./Core/Startup/startup_stm32f103c8tx.o
                0x0000000008000904                RTC_Alarm_IRQHandler
                0x0000000008000904                EXTI2_IRQHandler
                0x0000000008000904                TIM1_CC_IRQHandler
                0x0000000008000904                PVD_IRQHandler
                0x0000000008000904                EXTI3_IRQHandler
                0x0000000008000904                EXTI0_IRQHandler
                0x0000000008000904                I2C2_EV_IRQHandler
                0x0000000008000904                ADC1_2_IRQHandler
                0x0000000008000904                SPI1_IRQHandler
                0x0000000008000904                TAMPER_IRQHandler
                0x0000000008000904                DMA1_Channel4_IRQHandler
                0x0000000008000904                USART3_IRQHandler
                0x0000000008000904                RTC_IRQHandler
                0x0000000008000904                DMA1_Channel7_IRQHandler
                0x0000000008000904                CAN1_RX1_IRQHandler
                0x0000000008000904                TIM4_IRQHandler
                0x0000000008000904                I2C1_EV_IRQHandler
                0x0000000008000904                DMA1_Channel6_IRQHandler
                0x0000000008000904                TIM3_IRQHandler
                0x0000000008000904                RCC_IRQHandler
                0x0000000008000904                TIM1_TRG_COM_IRQHandler
                0x0000000008000904                DMA1_Channel1_IRQHandler
                0x0000000008000904                Default_Handler
                0x0000000008000904                EXTI15_10_IRQHandler
                0x0000000008000904                EXTI9_5_IRQHandler
                0x0000000008000904                SPI2_IRQHandler
                0x0000000008000904                DMA1_Channel5_IRQHandler
                0x0000000008000904                EXTI4_IRQHandler
                0x0000000008000904                USB_LP_CAN1_RX0_IRQHandler
                0x0000000008000904                USB_HP_CAN1_TX_IRQHandler
                0x0000000008000904                DMA1_Channel3_IRQHandler
                0x0000000008000904                WWDG_IRQHandler
                0x0000000008000904                TIM2_IRQHandler
                0x0000000008000904                TIM1_BRK_IRQHandler
                0x0000000008000904                EXTI1_IRQHandler
                0x0000000008000904                USART2_IRQHandler
                0x0000000008000904                I2C2_ER_IRQHandler
                0x0000000008000904                DMA1_Channel2_IRQHandler
                0x0000000008000904                CAN1_SCE_IRQHandler
                0x0000000008000904                FLASH_IRQHandler
                0x0000000008000904                USART1_IRQHandler
                0x0000000008000904                I2C1_ER_IRQHandler
                0x0000000008000904                USBWakeUp_IRQHandler
 *fill*         0x0000000008000906        0x2 
 .text.HAL_Init
                0x0000000008000908       0x2c ./Drivers/STM32F1xx_HAL_Driver/Src/stm32f1xx_hal.o
                0x0000000008000908                HAL_Init
 .text.HAL_IncTick
                0x0000000008000934       0x24 ./Drivers/STM32F1xx_HAL_Driver/Src/stm32f1xx_hal.o
                0x0000000008000934                HAL_IncTick
 .text.HAL_GetTick
                0x0000000008000958       0x14 ./Drivers/STM32F1xx_HAL_Driver/Src/stm32f1xx_hal.o
                0x0000000008000958                HAL_GetTick
 .text.__NVIC_SetPriorityGrouping
                0x000000000800096c       0x48 ./Drivers/STM32F1xx_HAL_Driver/Src/stm32f1xx_hal_cortex.o
 .text.__NVIC_GetPriorityGrouping
                0x00000000080009b4       0x1c ./Drivers/STM32F1xx_HAL_Driver/Src/stm32f1xx_hal_cortex.o
 .text.__NVIC_EnableIRQ
                0x00000000080009d0       0x38 ./Drivers/STM32F1xx_HAL_Driver/Src/stm32f1xx_hal_cortex.o
 .text.__NVIC_SetPriority
                0x0000000008000a08       0x54 ./Drivers/STM32F1xx_HAL_Driver/Src/stm32f1xx_hal_cortex.o
 .text.NVIC_EncodePriority
                0x0000000008000a5c       0x64 ./Drivers/STM32F1xx_HAL_Driver/Src/stm32f1xx_hal_cortex.o
 .text.HAL_NVIC_SetPriorityGrouping
                0x0000000008000ac0       0x16 ./Drivers/STM32F1xx_HAL_Driver/Src/stm32f1xx_hal_cortex.o
                0x0000000008000ac0                HAL_NVIC_SetPriorityGrouping
 .text.HAL_NVIC_SetPriority
                0x0000000008000ad6       0x38 ./Drivers/STM32F1xx_HAL_Driver/Src/stm32f1xx_hal_cortex.o
                0x0000000008000ad6                HAL_NVIC_SetPriority
 .text.HAL_NVIC_EnableIRQ
                0x0000000008000b0e       0x1c ./Drivers/STM32F1xx_HAL_Driver/Src/stm32f1xx_hal_cortex.o
                0x0000000008000b0e                HAL_NVIC_EnableIRQ
 *fill*         0x0000000008000b2a        0x2 
 .text.HAL_GPIO_Init
                0x0000000008000b2c      0x308 ./Drivers/STM32F1xx_HAL_Driver/Src/stm32f1xx_hal_gpio.o
                0x0000000008000b2c                HAL_GPIO_Init
 .text.HAL_GPIO_WritePin
                0x0000000008000e34       0x30 ./Drivers/STM32F1xx_HAL_Driver/Src/stm32f1xx_hal_gpio.o
                0x0000000008000e34                HAL_GPIO_WritePin
 .text.HAL_GPIO_TogglePin
                0x0000000008000e64       0x32 ./Drivers/STM32F1xx_HAL_Driver/Src/stm32f1xx_hal_gpio.o
                0x0000000008000e64                HAL_GPIO_TogglePin
 *fill*         0x0000000008000e96        0x2 
 .text.HAL_RCC_OscConfig
                0x0000000008000e98      0x504 ./Drivers/STM32F1xx_HAL_Driver/Src/stm32f1xx_hal_rcc.o
                0x0000000008000e98                HAL_RCC_OscConfig
 .text.HAL_RCC_ClockConfig
                0x000000000800139c      0x1d4 ./Drivers/STM32F1xx_HAL_Driver/Src/stm32f1xx_hal_rcc.o
                0x000000000800139c                HAL_RCC_ClockConfig
 .text.HAL_RCC_GetSysClockFreq
                0x0000000008001570       0xa8 ./Drivers/STM32F1xx_HAL_Driver/Src/stm32f1xx_hal_rcc.o
                0x0000000008001570                HAL_RCC_GetSysClockFreq
 .text.HAL_RCC_GetHCLKFreq
                0x0000000008001618       0x14 ./Drivers/STM32F1xx_HAL_Driver/Src/stm32f1xx_hal_rcc.o
                0x0000000008001618                HAL_RCC_GetHCLKFreq
 .text.HAL_RCC_GetPCLK2Freq
                0x000000000800162c       0x28 ./Drivers/STM32F1xx_HAL_Driver/Src/stm32f1xx_hal_rcc.o
                0x000000000800162c                HAL_RCC_GetPCLK2Freq
 .text.HAL_RCC_GetClockConfig
                0x0000000008001654       0x60 ./Drivers/STM32F1xx_HAL_Driver/Src/stm32f1xx_hal_rcc.o
                0x0000000008001654                HAL_RCC_GetClockConfig
 .text.RCC_Delay
                0x00000000080016b4       0x3c ./Drivers/STM32F1xx_HAL_Driver/Src/stm32f1xx_hal_rcc.o
 .text.HAL_TIM_Base_Init
                0x00000000080016f0       0x9e ./Drivers/STM32F1xx_HAL_Driver/Src/stm32f1xx_hal_tim.o
                0x00000000080016f0                HAL_TIM_Base_Init
 .text.HAL_TIM_Base_MspInit
                0x000000000800178e       0x12 ./Drivers/STM32F1xx_HAL_Driver/Src/stm32f1xx_hal_tim.o
                0x000000000800178e                HAL_TIM_Base_MspInit
 .text.HAL_TIM_Base_Start_IT
                0x00000000080017a0       0xa4 ./Drivers/STM32F1xx_HAL_Driver/Src/stm32f1xx_hal_tim.o
                0x00000000080017a0                HAL_TIM_Base_Start_IT
 .text.HAL_TIM_IRQHandler
                0x0000000008001844      0x210 ./Drivers/STM32F1xx_HAL_Driver/Src/stm32f1xx_hal_tim.o
                0x0000000008001844                HAL_TIM_IRQHandler
 .text.HAL_TIM_OC_DelayElapsedCallback
                0x0000000008001a54       0x12 ./Drivers/STM32F1xx_HAL_Driver/Src/stm32f1xx_hal_tim.o
                0x0000000008001a54                HAL_TIM_OC_DelayElapsedCallback
 .text.HAL_TIM_IC_CaptureCallback
                0x0000000008001a66       0x12 ./Drivers/STM32F1xx_HAL_Driver/Src/stm32f1xx_hal_tim.o
                0x0000000008001a66                HAL_TIM_IC_CaptureCallback
 .text.HAL_TIM_PWM_PulseFinishedCallback
                0x0000000008001a78       0x12 ./Drivers/STM32F1xx_HAL_Driver/Src/stm32f1xx_hal_tim.o
                0x0000000008001a78                HAL_TIM_PWM_PulseFinishedCallback
 .text.HAL_TIM_TriggerCallback
                0x0000000008001a8a       0x12 ./Drivers/STM32F1xx_HAL_Driver/Src/stm32f1xx_hal_tim.o
                0x0000000008001a8a                HAL_TIM_TriggerCallback
 .text.TIM_Base_SetConfig
                0x0000000008001a9c       0xc4 ./Drivers/STM32F1xx_HAL_Driver/Src/stm32f1xx_hal_tim.o
                0x0000000008001a9c                TIM_Base_SetConfig
 .text.HAL_TIMEx_CommutCallback
                0x0000000008001b60       0x12 ./Drivers/STM32F1xx_HAL_Driver/Src/stm32f1xx_hal_tim_ex.o
                0x0000000008001b60                HAL_TIMEx_CommutCallback
 .text.HAL_TIMEx_BreakCallback
                0x0000000008001b72       0x12 ./Drivers/STM32F1xx_HAL_Driver/Src/stm32f1xx_hal_tim_ex.o
                0x0000000008001b72                HAL_TIMEx_BreakCallback
 .text.osKernelInitialize
                0x0000000008001b84       0x64 ./Middlewares/Third_Party/FreeRTOS/Source/CMSIS_RTOS_V2/cmsis_os2.o
                0x0000000008001b84                osKernelInitialize
 .text.osKernelStart
                0x0000000008001be8       0x68 ./Middlewares/Third_Party/FreeRTOS/Source/CMSIS_RTOS_V2/cmsis_os2.o
                0x0000000008001be8                osKernelStart
 .text.osThreadNew
                0x0000000008001c50      0x154 ./Middlewares/Third_Party/FreeRTOS/Source/CMSIS_RTOS_V2/cmsis_os2.o
                0x0000000008001c50                osThreadNew
 .text.osDelay  0x0000000008001da4       0x5c ./Middlewares/Third_Party/FreeRTOS/Source/CMSIS_RTOS_V2/cmsis_os2.o
                0x0000000008001da4                osDelay
 .text.TimerCallback
                0x0000000008001e00       0x2a ./Middlewares/Third_Party/FreeRTOS/Source/CMSIS_RTOS_V2/cmsis_os2.o
 *fill*         0x0000000008001e2a        0x2 
 .text.osTimerNew
                0x0000000008001e2c      0x108 ./Middlewares/Third_Party/FreeRTOS/Source/CMSIS_RTOS_V2/cmsis_os2.o
                0x0000000008001e2c                osTimerNew
 .text.osTimerStart
                0x0000000008001f34       0x80 ./Middlewares/Third_Party/FreeRTOS/Source/CMSIS_RTOS_V2/cmsis_os2.o
                0x0000000008001f34                osTimerStart
 .text.osMessageQueueNew
                0x0000000008001fb4      0x10c ./Middlewares/Third_Party/FreeRTOS/Source/CMSIS_RTOS_V2/cmsis_os2.o
                0x0000000008001fb4                osMessageQueueNew
 .text.vApplicationGetIdleTaskMemory
                0x00000000080020c0       0x30 ./Middlewares/Third_Party/FreeRTOS/Source/CMSIS_RTOS_V2/cmsis_os2.o
                0x00000000080020c0                vApplicationGetIdleTaskMemory
 .text.vApplicationGetTimerTaskMemory
                0x00000000080020f0       0x34 ./Middlewares/Third_Party/FreeRTOS/Source/CMSIS_RTOS_V2/cmsis_os2.o
                0x00000000080020f0                vApplicationGetTimerTaskMemory
 .text.vListInitialise
                0x0000000008002124       0x3e ./Middlewares/Third_Party/FreeRTOS/Source/list.o
                0x0000000008002124                vListInitialise
 .text.vListInitialiseItem
                0x0000000008002162       0x18 ./Middlewares/Third_Party/FreeRTOS/Source/list.o
                0x0000000008002162                vListInitialiseItem
 .text.vListInsertEnd
                0x000000000800217a       0x46 ./Middlewares/Third_Party/FreeRTOS/Source/list.o
                0x000000000800217a                vListInsertEnd
 .text.vListInsert
                0x00000000080021c0       0x70 ./Middlewares/Third_Party/FreeRTOS/Source/list.o
                0x00000000080021c0                vListInsert
 .text.uxListRemove
                0x0000000008002230       0x52 ./Middlewares/Third_Party/FreeRTOS/Source/list.o
                0x0000000008002230                uxListRemove
 *fill*         0x0000000008002282        0x2 
 .text.xQueueGenericReset
                0x0000000008002284       0xd0 ./Middlewares/Third_Party/FreeRTOS/Source/queue.o
                0x0000000008002284                xQueueGenericReset
 .text.xQueueGenericCreateStatic
                0x0000000008002354       0xee ./Middlewares/Third_Party/FreeRTOS/Source/queue.o
                0x0000000008002354                xQueueGenericCreateStatic
 .text.xQueueGenericCreate
                0x0000000008002442       0x7c ./Middlewares/Third_Party/FreeRTOS/Source/queue.o
                0x0000000008002442                xQueueGenericCreate
 .text.prvInitialiseNewQueue
                0x00000000080024be       0x46 ./Middlewares/Third_Party/FreeRTOS/Source/queue.o
 .text.xQueueGenericSend
                0x0000000008002504      0x1fc ./Middlewares/Third_Party/FreeRTOS/Source/queue.o
                0x0000000008002504                xQueueGenericSend
 .text.xQueueGenericSendFromISR
                0x0000000008002700      0x130 ./Middlewares/Third_Party/FreeRTOS/Source/queue.o
                0x0000000008002700                xQueueGenericSendFromISR
 .text.xQueueReceive
                0x0000000008002830      0x1c0 ./Middlewares/Third_Party/FreeRTOS/Source/queue.o
                0x0000000008002830                xQueueReceive
 .text.prvCopyDataToQueue
                0x00000000080029f0       0xd4 ./Middlewares/Third_Party/FreeRTOS/Source/queue.o
 .text.prvCopyDataFromQueue
                0x0000000008002ac4       0x4c ./Middlewares/Third_Party/FreeRTOS/Source/queue.o
 .text.prvUnlockQueue
                0x0000000008002b10       0xa4 ./Middlewares/Third_Party/FreeRTOS/Source/queue.o
 .text.prvIsQueueEmpty
                0x0000000008002bb4       0x2c ./Middlewares/Third_Party/FreeRTOS/Source/queue.o
 .text.prvIsQueueFull
                0x0000000008002be0       0x30 ./Middlewares/Third_Party/FreeRTOS/Source/queue.o
 .text.vQueueAddToRegistry
                0x0000000008002c10       0x50 ./Middlewares/Third_Party/FreeRTOS/Source/queue.o
                0x0000000008002c10                vQueueAddToRegistry
 .text.vQueueWaitForMessageRestricted
                0x0000000008002c60       0x68 ./Middlewares/Third_Party/FreeRTOS/Source/queue.o
                0x0000000008002c60                vQueueWaitForMessageRestricted
 .text.xTaskCreateStatic
                0x0000000008002cc8       0xb8 ./Middlewares/Third_Party/FreeRTOS/Source/tasks.o
                0x0000000008002cc8                xTaskCreateStatic
 .text.xTaskCreate
                0x0000000008002d80       0x8a ./Middlewares/Third_Party/FreeRTOS/Source/tasks.o
                0x0000000008002d80                xTaskCreate
 *fill*         0x0000000008002e0a        0x2 
 .text.prvInitialiseNewTask
                0x0000000008002e0c      0x13c ./Middlewares/Third_Party/FreeRTOS/Source/tasks.o
 .text.prvAddNewTaskToReadyList
                0x0000000008002f48       0xe0 ./Middlewares/Third_Party/FreeRTOS/Source/tasks.o
 .text.vTaskDelay
                0x0000000008003028       0x68 ./Middlewares/Third_Party/FreeRTOS/Source/tasks.o
                0x0000000008003028                vTaskDelay
 .text.vTaskStartScheduler
                0x0000000008003090       0xe0 ./Middlewares/Third_Party/FreeRTOS/Source/tasks.o
                0x0000000008003090                vTaskStartScheduler
 .text.vTaskSuspendAll
                0x0000000008003170       0x1c ./Middlewares/Third_Party/FreeRTOS/Source/tasks.o
                0x0000000008003170                vTaskSuspendAll
 .text.xTaskResumeAll
                0x000000000800318c      0x13c ./Middlewares/Third_Party/FreeRTOS/Source/tasks.o
                0x000000000800318c                xTaskResumeAll
 .text.xTaskGetTickCount
                0x00000000080032c8       0x1c ./Middlewares/Third_Party/FreeRTOS/Source/tasks.o
                0x00000000080032c8                xTaskGetTickCount
 .text.xTaskIncrementTick
                0x00000000080032e4      0x17c ./Middlewares/Third_Party/FreeRTOS/Source/tasks.o
                0x00000000080032e4                xTaskIncrementTick
 .text.vTaskSwitchContext
                0x0000000008003460       0xc8 ./Middlewares/Third_Party/FreeRTOS/Source/tasks.o
                0x0000000008003460                vTaskSwitchContext
 .text.vTaskPlaceOnEventList
                0x0000000008003528       0x48 ./Middlewares/Third_Party/FreeRTOS/Source/tasks.o
                0x0000000008003528                vTaskPlaceOnEventList
 .text.vTaskPlaceOnEventListRestricted
                0x0000000008003570       0x58 ./Middlewares/Third_Party/FreeRTOS/Source/tasks.o
                0x0000000008003570                vTaskPlaceOnEventListRestricted
 .text.xTaskRemoveFromEventList
                0x00000000080035c8       0xc8 ./Middlewares/Third_Party/FreeRTOS/Source/tasks.o
                0x00000000080035c8                xTaskRemoveFromEventList
 .text.vTaskInternalSetTimeOutState
                0x0000000008003690       0x2c ./Middlewares/Third_Party/FreeRTOS/Source/tasks.o
                0x0000000008003690                vTaskInternalSetTimeOutState
 .text.xTaskCheckForTimeOut
                0x00000000080036bc       0xc4 ./Middlewares/Third_Party/FreeRTOS/Source/tasks.o
                0x00000000080036bc                xTaskCheckForTimeOut
 .text.vTaskMissedYield
                0x0000000008003780       0x18 ./Middlewares/Third_Party/FreeRTOS/Source/tasks.o
                0x0000000008003780                vTaskMissedYield
 .text.prvIdleTask
                0x0000000008003798       0x30 ./Middlewares/Third_Party/FreeRTOS/Source/tasks.o
 .text.prvInitialiseTaskLists
                0x00000000080037c8       0x80 ./Middlewares/Third_Party/FreeRTOS/Source/tasks.o
 .text.prvCheckTasksWaitingTermination
                0x0000000008003848       0x5c ./Middlewares/Third_Party/FreeRTOS/Source/tasks.o
 .text.prvDeleteTCB
                0x00000000080038a4       0x68 ./Middlewares/Third_Party/FreeRTOS/Source/tasks.o
 .text.prvResetNextTaskUnblockTime
                0x000000000800390c       0x48 ./Middlewares/Third_Party/FreeRTOS/Source/tasks.o
 .text.xTaskGetSchedulerState
                0x0000000008003954       0x3c ./Middlewares/Third_Party/FreeRTOS/Source/tasks.o
                0x0000000008003954                xTaskGetSchedulerState
 .text.xTaskPriorityDisinherit
                0x0000000008003990       0xdc ./Middlewares/Third_Party/FreeRTOS/Source/tasks.o
                0x0000000008003990                xTaskPriorityDisinherit
 .text.prvAddCurrentTaskToDelayedList
                0x0000000008003a6c       0xa8 ./Middlewares/Third_Party/FreeRTOS/Source/tasks.o
 .text.xTimerCreateTimerTask
                0x0000000008003b14       0x90 ./Middlewares/Third_Party/FreeRTOS/Source/timers.o
                0x0000000008003b14                xTimerCreateTimerTask
 .text.xTimerCreate
                0x0000000008003ba4       0x42 ./Middlewares/Third_Party/FreeRTOS/Source/timers.o
                0x0000000008003ba4                xTimerCreate
 .text.xTimerCreateStatic
                0x0000000008003be6       0x7a ./Middlewares/Third_Party/FreeRTOS/Source/timers.o
                0x0000000008003be6                xTimerCreateStatic
 .text.prvInitialiseNewTimer
                0x0000000008003c60       0x64 ./Middlewares/Third_Party/FreeRTOS/Source/timers.o
 .text.xTimerGenericCommand
                0x0000000008003cc4       0x9c ./Middlewares/Third_Party/FreeRTOS/Source/timers.o
                0x0000000008003cc4                xTimerGenericCommand
 .text.prvProcessExpiredTimer
                0x0000000008003d60       0x80 ./Middlewares/Third_Party/FreeRTOS/Source/timers.o
 .text.prvTimerTask
                0x0000000008003de0       0x24 ./Middlewares/Third_Party/FreeRTOS/Source/timers.o
 .text.prvProcessTimerOrBlockTask
                0x0000000008003e04       0x9c ./Middlewares/Third_Party/FreeRTOS/Source/timers.o
 .text.prvGetNextExpireTime
                0x0000000008003ea0       0x48 ./Middlewares/Third_Party/FreeRTOS/Source/timers.o
 .text.prvSampleTimeNow
                0x0000000008003ee8       0x40 ./Middlewares/Third_Party/FreeRTOS/Source/timers.o
 .text.prvInsertTimerInActiveList
                0x0000000008003f28       0x84 ./Middlewares/Third_Party/FreeRTOS/Source/timers.o
 .text.prvProcessReceivedCommands
                0x0000000008003fac      0x168 ./Middlewares/Third_Party/FreeRTOS/Source/timers.o
 .text.prvSwitchTimerLists
                0x0000000008004114       0xc4 ./Middlewares/Third_Party/FreeRTOS/Source/timers.o
 .text.prvCheckForValidListAndQueue
                0x00000000080041d8       0x80 ./Middlewares/Third_Party/FreeRTOS/Source/timers.o
 .text.pvTimerGetTimerID
                0x0000000008004258       0x40 ./Middlewares/Third_Party/FreeRTOS/Source/timers.o
                0x0000000008004258                pvTimerGetTimerID
 .text.pxPortInitialiseStack
                0x0000000008004298       0x58 ./Middlewares/Third_Party/FreeRTOS/Source/portable/GCC/ARM_CM3/port.o
                0x0000000008004298                pxPortInitialiseStack
 .text.prvTaskExitError
                0x00000000080042f0       0x58 ./Middlewares/Third_Party/FreeRTOS/Source/portable/GCC/ARM_CM3/port.o
 *fill*         0x0000000008004348        0x8 
 .text.SVC_Handler
                0x0000000008004350       0x28 ./Middlewares/Third_Party/FreeRTOS/Source/portable/GCC/ARM_CM3/port.o
                0x0000000008004350                SVC_Handler
 .text.prvPortStartFirstTask
                0x0000000008004378       0x20 ./Middlewares/Third_Party/FreeRTOS/Source/portable/GCC/ARM_CM3/port.o
 .text.xPortStartScheduler
                0x0000000008004398       0xe4 ./Middlewares/Third_Party/FreeRTOS/Source/portable/GCC/ARM_CM3/port.o
                0x0000000008004398                xPortStartScheduler
 .text.vPortEnterCritical
                0x000000000800447c       0x60 ./Middlewares/Third_Party/FreeRTOS/Source/portable/GCC/ARM_CM3/port.o
                0x000000000800447c                vPortEnterCritical
 .text.vPortExitCritical
                0x00000000080044dc       0x50 ./Middlewares/Third_Party/FreeRTOS/Source/portable/GCC/ARM_CM3/port.o
                0x00000000080044dc                vPortExitCritical
 *fill*         0x000000000800452c        0x4 
 .text.PendSV_Handler
                0x0000000008004530       0x48 ./Middlewares/Third_Party/FreeRTOS/Source/portable/GCC/ARM_CM3/port.o
                0x0000000008004530                PendSV_Handler
 .text.SysTick_Handler
                0x0000000008004578       0x44 ./Middlewares/Third_Party/FreeRTOS/Source/portable/GCC/ARM_CM3/port.o
                0x0000000008004578                SysTick_Handler
 .text.vPortSetupTimerInterrupt
                0x00000000080045bc       0x44 ./Middlewares/Third_Party/FreeRTOS/Source/portable/GCC/ARM_CM3/port.o
                0x00000000080045bc                vPortSetupTimerInterrupt
 .text.vPortValidateInterruptPriority
                0x0000000008004600       0x7c ./Middlewares/Third_Party/FreeRTOS/Source/portable/GCC/ARM_CM3/port.o
                0x0000000008004600                vPortValidateInterruptPriority
 .text.pvPortMalloc
                0x000000000800467c      0x188 ./Middlewares/Third_Party/FreeRTOS/Source/portable/MemMang/heap_4.o
                0x000000000800467c                pvPortMalloc
 .text.vPortFree
                0x0000000008004804       0xb4 ./Middlewares/Third_Party/FreeRTOS/Source/portable/MemMang/heap_4.o
                0x0000000008004804                vPortFree
 .text.prvHeapInit
                0x00000000080048b8       0xc4 ./Middlewares/Third_Party/FreeRTOS/Source/portable/MemMang/heap_4.o
 .text.prvInsertBlockIntoFreeList
                0x000000000800497c       0xb0 ./Middlewares/Third_Party/FreeRTOS/Source/portable/MemMang/heap_4.o
 .text.initializeTransitionEvent
                0x0000000008004a2c       0x5a ./ThisLibrary/FreeRtosUML.o
                0x0000000008004a2c                initializeTransitionEvent
 .text.initializeTransitionFork
                0x0000000008004a86       0x5a ./ThisLibrary/FreeRtosUML.o
                0x0000000008004a86                initializeTransitionFork
 .text.initializeTransitionEndState
                0x0000000008004ae0       0x36 ./ThisLibrary/FreeRtosUML.o
                0x0000000008004ae0                initializeTransitionEndState
 *fill*         0x0000000008004b16        0x2 
 .text.addToTransitionFork
                0x0000000008004b18       0x4c ./ThisLibrary/FreeRtosUML.o
                0x0000000008004b18                addToTransitionFork
 .text.addToTransitionEvent
                0x0000000008004b64       0x54 ./ThisLibrary/FreeRtosUML.o
                0x0000000008004b64                addToTransitionEvent
 .text.addToTransitionEndState
                0x0000000008004bb8       0x3c ./ThisLibrary/FreeRtosUML.o
                0x0000000008004bb8                addToTransitionEndState
 .text.handleTransition
                0x0000000008004bf4       0x64 ./ThisLibrary/FreeRtosUML.o
                0x0000000008004bf4                handleTransition
 .text.createStateQueueMapping
                0x0000000008004c58       0x28 ./ThisLibrary/FreeRtosUML.o
                0x0000000008004c58                createStateQueueMapping
 .text.getQueueForState
                0x0000000008004c80       0x24 ./ThisLibrary/FreeRtosUML.o
                0x0000000008004c80                getQueueForState
 .text.MessageQueueState
                0x0000000008004ca4       0x28 ./ThisLibrary/FreeRtosUML.o
                0x0000000008004ca4                MessageQueueState
 .text.MessageQueueEvent
                0x0000000008004ccc       0x2e ./ThisLibrary/FreeRtosUML.o
                0x0000000008004ccc                MessageQueueEvent
 *fill*         0x0000000008004cfa        0x2 
 .text.sendToTransitionFork
                0x0000000008004cfc       0x60 ./ThisLibrary/FreeRtosUML.o
                0x0000000008004cfc                sendToTransitionFork
 .text.sendToTransitionEvent
                0x0000000008004d5c       0x36 ./ThisLibrary/FreeRtosUML.o
                0x0000000008004d5c                sendToTransitionEvent
 *fill*         0x0000000008004d92        0x2 
 .text.sendToTransitionEndState
                0x0000000008004d94       0x2c ./ThisLibrary/FreeRtosUML.o
                0x0000000008004d94                sendToTransitionEndState
 .text.waitForOwnState
                0x0000000008004dc0       0x2a ./ThisLibrary/FreeRtosUML.o
                0x0000000008004dc0                waitForOwnState
 .text.waitForOwnEvent
                0x0000000008004dea       0x2c ./ThisLibrary/FreeRtosUML.o
                0x0000000008004dea                waitForOwnEvent
 .text.memset   0x0000000008004e16       0x10 /opt/st/stm32cubeide_1.14.0/plugins/com.st.stm32cube.ide.mcu.externaltools.gnu-tools-for-stm32.11.3.rel1.linux64_1.1.100.202309141235/tools/bin/../lib/gcc/arm-none-eabi/11.3.1/../../../../arm-none-eabi/lib/thumb/v7-m/nofp/libc_nano.a(libc_a-memset.o)
                0x0000000008004e16                memset
 *fill*         0x0000000008004e26        0x2 
 .text._reclaim_reent
                0x0000000008004e28       0xac /opt/st/stm32cubeide_1.14.0/plugins/com.st.stm32cube.ide.mcu.externaltools.gnu-tools-for-stm32.11.3.rel1.linux64_1.1.100.202309141235/tools/bin/../lib/gcc/arm-none-eabi/11.3.1/../../../../arm-none-eabi/lib/thumb/v7-m/nofp/libc_nano.a(libc_a-reent.o)
                0x0000000008004e28                _reclaim_reent
 .text.__libc_init_array
                0x0000000008004ed4       0x48 /opt/st/stm32cubeide_1.14.0/plugins/com.st.stm32cube.ide.mcu.externaltools.gnu-tools-for-stm32.11.3.rel1.linux64_1.1.100.202309141235/tools/bin/../lib/gcc/arm-none-eabi/11.3.1/../../../../arm-none-eabi/lib/thumb/v7-m/nofp/libc_nano.a(libc_a-init.o)
                0x0000000008004ed4                __libc_init_array
 .text.__retarget_lock_acquire_recursive
                0x0000000008004f1c        0x2 /opt/st/stm32cubeide_1.14.0/plugins/com.st.stm32cube.ide.mcu.externaltools.gnu-tools-for-stm32.11.3.rel1.linux64_1.1.100.202309141235/tools/bin/../lib/gcc/arm-none-eabi/11.3.1/../../../../arm-none-eabi/lib/thumb/v7-m/nofp/libc_nano.a(libc_a-lock.o)
                0x0000000008004f1c                __retarget_lock_acquire_recursive
 .text.__retarget_lock_release_recursive
                0x0000000008004f1e        0x2 /opt/st/stm32cubeide_1.14.0/plugins/com.st.stm32cube.ide.mcu.externaltools.gnu-tools-for-stm32.11.3.rel1.linux64_1.1.100.202309141235/tools/bin/../lib/gcc/arm-none-eabi/11.3.1/../../../../arm-none-eabi/lib/thumb/v7-m/nofp/libc_nano.a(libc_a-lock.o)
                0x0000000008004f1e                __retarget_lock_release_recursive
 .text.memcpy   0x0000000008004f20       0x1c /opt/st/stm32cubeide_1.14.0/plugins/com.st.stm32cube.ide.mcu.externaltools.gnu-tools-for-stm32.11.3.rel1.linux64_1.1.100.202309141235/tools/bin/../lib/gcc/arm-none-eabi/11.3.1/../../../../arm-none-eabi/lib/thumb/v7-m/nofp/libc_nano.a(libc_a-memcpy-stub.o)
                0x0000000008004f20                memcpy
 .text._free_r  0x0000000008004f3c       0x90 /opt/st/stm32cubeide_1.14.0/plugins/com.st.stm32cube.ide.mcu.externaltools.gnu-tools-for-stm32.11.3.rel1.linux64_1.1.100.202309141235/tools/bin/../lib/gcc/arm-none-eabi/11.3.1/../../../../arm-none-eabi/lib/thumb/v7-m/nofp/libc_nano.a(libc_a-freer.o)
                0x0000000008004f3c                _free_r
 .text.__malloc_lock
                0x0000000008004fcc        0xc /opt/st/stm32cubeide_1.14.0/plugins/com.st.stm32cube.ide.mcu.externaltools.gnu-tools-for-stm32.11.3.rel1.linux64_1.1.100.202309141235/tools/bin/../lib/gcc/arm-none-eabi/11.3.1/../../../../arm-none-eabi/lib/thumb/v7-m/nofp/libc_nano.a(libc_a-mlock.o)
                0x0000000008004fcc                __malloc_lock
 .text.__malloc_unlock
                0x0000000008004fd8        0xc /opt/st/stm32cubeide_1.14.0/plugins/com.st.stm32cube.ide.mcu.externaltools.gnu-tools-for-stm32.11.3.rel1.linux64_1.1.100.202309141235/tools/bin/../lib/gcc/arm-none-eabi/11.3.1/../../../../arm-none-eabi/lib/thumb/v7-m/nofp/libc_nano.a(libc_a-mlock.o)
                0x0000000008004fd8                __malloc_unlock
 *(.glue_7)
 .glue_7        0x0000000008004fe4        0x0 linker stubs
 *(.glue_7t)
 .glue_7t       0x0000000008004fe4        0x0 linker stubs
 *(.eh_frame)
 .eh_frame      0x0000000008004fe4        0x0 /opt/st/stm32cubeide_1.14.0/plugins/com.st.stm32cube.ide.mcu.externaltools.gnu-tools-for-stm32.11.3.rel1.linux64_1.1.100.202309141235/tools/bin/../lib/gcc/arm-none-eabi/11.3.1/thumb/v7-m/nofp/crtbegin.o
 *(.init)
 .init          0x0000000008004fe4        0x4 /opt/st/stm32cubeide_1.14.0/plugins/com.st.stm32cube.ide.mcu.externaltools.gnu-tools-for-stm32.11.3.rel1.linux64_1.1.100.202309141235/tools/bin/../lib/gcc/arm-none-eabi/11.3.1/thumb/v7-m/nofp/crti.o
                0x0000000008004fe4                _init
 .init          0x0000000008004fe8        0x8 /opt/st/stm32cubeide_1.14.0/plugins/com.st.stm32cube.ide.mcu.externaltools.gnu-tools-for-stm32.11.3.rel1.linux64_1.1.100.202309141235/tools/bin/../lib/gcc/arm-none-eabi/11.3.1/thumb/v7-m/nofp/crtn.o
 *(.fini)
 .fini          0x0000000008004ff0        0x4 /opt/st/stm32cubeide_1.14.0/plugins/com.st.stm32cube.ide.mcu.externaltools.gnu-tools-for-stm32.11.3.rel1.linux64_1.1.100.202309141235/tools/bin/../lib/gcc/arm-none-eabi/11.3.1/thumb/v7-m/nofp/crti.o
                0x0000000008004ff0                _fini
 .fini          0x0000000008004ff4        0x8 /opt/st/stm32cubeide_1.14.0/plugins/com.st.stm32cube.ide.mcu.externaltools.gnu-tools-for-stm32.11.3.rel1.linux64_1.1.100.202309141235/tools/bin/../lib/gcc/arm-none-eabi/11.3.1/thumb/v7-m/nofp/crtn.o
                0x0000000008004ffc                . = ALIGN (0x4)
                0x0000000008004ffc                _etext = .

.vfp11_veneer   0x0000000008004ffc        0x0
 .vfp11_veneer  0x0000000008004ffc        0x0 linker stubs

.v4_bx          0x0000000008004ffc        0x0
 .v4_bx         0x0000000008004ffc        0x0 linker stubs

.iplt           0x0000000008004ffc        0x0
 .iplt          0x0000000008004ffc        0x0 /opt/st/stm32cubeide_1.14.0/plugins/com.st.stm32cube.ide.mcu.externaltools.gnu-tools-for-stm32.11.3.rel1.linux64_1.1.100.202309141235/tools/bin/../lib/gcc/arm-none-eabi/11.3.1/thumb/v7-m/nofp/crtbegin.o

.rodata         0x0000000008004ffc      0x2c8
                0x0000000008004ffc                . = ALIGN (0x4)
 *(.rodata)
 .rodata        0x0000000008004ffc       0xd0 ./Core/Src/main.o
 .rodata        0x00000000080050cc        0x5 ./Middlewares/Third_Party/FreeRTOS/Source/tasks.o
 *fill*         0x00000000080050d1        0x3 
 .rodata        0x00000000080050d4        0xd ./Middlewares/Third_Party/FreeRTOS/Source/timers.o
 *(.rodata*)
 *fill*         0x00000000080050e1        0x3 
 .rodata.TaskBlinkLong_attributes
                0x00000000080050e4       0x24 ./Core/Src/main.o
                0x00000000080050e4                TaskBlinkLong_attributes
 .rodata.TaskBlinkShort_attributes
                0x0000000008005108       0x24 ./Core/Src/main.o
                0x0000000008005108                TaskBlinkShort_attributes
 .rodata.TaskBlinkReal_attributes
                0x000000000800512c       0x24 ./Core/Src/main.o
                0x000000000800512c                TaskBlinkReal_attributes
 .rodata.TaskStart_attributes
                0x0000000008005150       0x24 ./Core/Src/main.o
                0x0000000008005150                TaskStart_attributes
 .rodata.TaskTimerEvent_attributes
                0x0000000008005174       0x24 ./Core/Src/main.o
                0x0000000008005174                TaskTimerEvent_attributes
 .rodata.TaskStartFSM1_attributes
                0x0000000008005198       0x24 ./Core/Src/main.o
                0x0000000008005198                TaskStartFSM1_attributes
 .rodata.TaskStartFSM2_attributes
                0x00000000080051bc       0x24 ./Core/Src/main.o
                0x00000000080051bc                TaskStartFSM2_attributes
 .rodata.myQueue0_attributes
                0x00000000080051e0       0x18 ./Core/Src/main.o
                0x00000000080051e0                myQueue0_attributes
 .rodata.myQueue1_attributes
                0x00000000080051f8       0x18 ./Core/Src/main.o
                0x00000000080051f8                myQueue1_attributes
 .rodata.myQueue2_attributes
                0x0000000008005210       0x18 ./Core/Src/main.o
                0x0000000008005210                myQueue2_attributes
 .rodata.myQueue3_attributes
                0x0000000008005228       0x18 ./Core/Src/main.o
                0x0000000008005228                myQueue3_attributes
 .rodata.myQueue4_attributes
                0x0000000008005240       0x18 ./Core/Src/main.o
                0x0000000008005240                myQueue4_attributes
 .rodata.myQueue5_attributes
                0x0000000008005258       0x18 ./Core/Src/main.o
                0x0000000008005258                myQueue5_attributes
 .rodata.myQueue6_attributes
                0x0000000008005270       0x18 ./Core/Src/main.o
                0x0000000008005270                myQueue6_attributes
 .rodata.TimerBlinkDelay_attributes
                0x0000000008005288       0x10 ./Core/Src/main.o
                0x0000000008005288                TimerBlinkDelay_attributes
 .rodata.AHBPrescTable
                0x0000000008005298       0x10 ./Core/Src/system_stm32f1xx.o
                0x0000000008005298                AHBPrescTable
 .rodata.APBPrescTable
                0x00000000080052a8        0x8 ./Core/Src/system_stm32f1xx.o
                0x00000000080052a8                APBPrescTable
 .rodata.aPLLMULFactorTable.1
                0x00000000080052b0       0x10 ./Drivers/STM32F1xx_HAL_Driver/Src/stm32f1xx_hal_rcc.o
 .rodata.aPredivFactorTable.0
                0x00000000080052c0        0x2 ./Drivers/STM32F1xx_HAL_Driver/Src/stm32f1xx_hal_rcc.o
                0x00000000080052c4                . = ALIGN (0x4)
 *fill*         0x00000000080052c2        0x2 

.rel.dyn        0x00000000080052c4        0x0
 .rel.iplt      0x00000000080052c4        0x0 /opt/st/stm32cubeide_1.14.0/plugins/com.st.stm32cube.ide.mcu.externaltools.gnu-tools-for-stm32.11.3.rel1.linux64_1.1.100.202309141235/tools/bin/../lib/gcc/arm-none-eabi/11.3.1/thumb/v7-m/nofp/crtbegin.o

.ARM.extab      0x00000000080052c4        0x0
                0x00000000080052c4                . = ALIGN (0x4)
 *(.ARM.extab* .gnu.linkonce.armextab.*)
                0x00000000080052c4                . = ALIGN (0x4)

.ARM            0x00000000080052c4        0x0
                0x00000000080052c4                . = ALIGN (0x4)
                0x00000000080052c4                __exidx_start = .
 *(.ARM.exidx*)
                0x00000000080052c4                __exidx_end = .
                0x00000000080052c4                . = ALIGN (0x4)

.preinit_array  0x00000000080052c4        0x0
                0x00000000080052c4                . = ALIGN (0x4)
                0x00000000080052c4                PROVIDE (__preinit_array_start = .)
 *(.preinit_array*)
                0x00000000080052c4                PROVIDE (__preinit_array_end = .)
                0x00000000080052c4                . = ALIGN (0x4)

.init_array     0x00000000080052c4        0x4
                0x00000000080052c4                . = ALIGN (0x4)
                0x00000000080052c4                PROVIDE (__init_array_start = .)
 *(SORT_BY_NAME(.init_array.*))
 *(.init_array*)
 .init_array    0x00000000080052c4        0x4 /opt/st/stm32cubeide_1.14.0/plugins/com.st.stm32cube.ide.mcu.externaltools.gnu-tools-for-stm32.11.3.rel1.linux64_1.1.100.202309141235/tools/bin/../lib/gcc/arm-none-eabi/11.3.1/thumb/v7-m/nofp/crtbegin.o
                0x00000000080052c8                PROVIDE (__init_array_end = .)
                0x00000000080052c8                . = ALIGN (0x4)

.fini_array     0x00000000080052c8        0x4
                0x00000000080052c8                . = ALIGN (0x4)
                [!provide]                        PROVIDE (__fini_array_start = .)
 *(SORT_BY_NAME(.fini_array.*))
 *(.fini_array*)
 .fini_array    0x00000000080052c8        0x4 /opt/st/stm32cubeide_1.14.0/plugins/com.st.stm32cube.ide.mcu.externaltools.gnu-tools-for-stm32.11.3.rel1.linux64_1.1.100.202309141235/tools/bin/../lib/gcc/arm-none-eabi/11.3.1/thumb/v7-m/nofp/crtbegin.o
                [!provide]                        PROVIDE (__fini_array_end = .)
                0x00000000080052cc                . = ALIGN (0x4)
                0x00000000080052cc                _sidata = LOADADDR (.data)

.data           0x0000000020000000       0x60 load address 0x00000000080052cc
                0x0000000020000000                . = ALIGN (0x4)
                0x0000000020000000                _sdata = .
 *(.data)
 *(.data*)
 .data.SystemCoreClock
                0x0000000020000000        0x4 ./Core/Src/system_stm32f1xx.o
                0x0000000020000000                SystemCoreClock
 .data.uwTickPrio
                0x0000000020000004        0x4 ./Drivers/STM32F1xx_HAL_Driver/Src/stm32f1xx_hal.o
                0x0000000020000004                uwTickPrio
 .data.uwTickFreq
                0x0000000020000008        0x1 ./Drivers/STM32F1xx_HAL_Driver/Src/stm32f1xx_hal.o
                0x0000000020000008                uwTickFreq
 *fill*         0x0000000020000009        0x3 
 .data.uxCriticalNesting
                0x000000002000000c        0x4 ./Middlewares/Third_Party/FreeRTOS/Source/portable/GCC/ARM_CM3/port.o
 .data._impure_data
                0x0000000020000010       0x4c /opt/st/stm32cubeide_1.14.0/plugins/com.st.stm32cube.ide.mcu.externaltools.gnu-tools-for-stm32.11.3.rel1.linux64_1.1.100.202309141235/tools/bin/../lib/gcc/arm-none-eabi/11.3.1/../../../../arm-none-eabi/lib/thumb/v7-m/nofp/libc_nano.a(libc_a-impure.o)
                0x0000000020000010                _impure_data
 .data._impure_ptr
                0x000000002000005c        0x4 /opt/st/stm32cubeide_1.14.0/plugins/com.st.stm32cube.ide.mcu.externaltools.gnu-tools-for-stm32.11.3.rel1.linux64_1.1.100.202309141235/tools/bin/../lib/gcc/arm-none-eabi/11.3.1/../../../../arm-none-eabi/lib/thumb/v7-m/nofp/libc_nano.a(libc_a-impure.o)
                0x000000002000005c                _impure_ptr
 *(.RamFunc)
 *(.RamFunc*)
                0x0000000020000060                . = ALIGN (0x4)
                0x0000000020000060                _edata = .

.igot.plt       0x0000000020000060        0x0 load address 0x000000000800532c
 .igot.plt      0x0000000020000060        0x0 /opt/st/stm32cubeide_1.14.0/plugins/com.st.stm32cube.ide.mcu.externaltools.gnu-tools-for-stm32.11.3.rel1.linux64_1.1.100.202309141235/tools/bin/../lib/gcc/arm-none-eabi/11.3.1/thumb/v7-m/nofp/crtbegin.o
                0x0000000020000060                . = ALIGN (0x4)

.bss            0x0000000020000060     0x3650 load address 0x000000000800532c
                0x0000000020000060                _sbss = .
                0x0000000020000060                __bss_start__ = _sbss
 *(.bss)
 .bss           0x0000000020000060       0x1c /opt/st/stm32cubeide_1.14.0/plugins/com.st.stm32cube.ide.mcu.externaltools.gnu-tools-for-stm32.11.3.rel1.linux64_1.1.100.202309141235/tools/bin/../lib/gcc/arm-none-eabi/11.3.1/thumb/v7-m/nofp/crtbegin.o
 *(.bss*)
 .bss.TaskBlinkLongHandle
                0x000000002000007c        0x4 ./Core/Src/main.o
                0x000000002000007c                TaskBlinkLongHandle
 .bss.TaskBlinkLongBuffer
                0x0000000020000080      0x2a0 ./Core/Src/main.o
                0x0000000020000080                TaskBlinkLongBuffer
 .bss.TaskBlinkLongControlBlock
                0x0000000020000320       0xa8 ./Core/Src/main.o
                0x0000000020000320                TaskBlinkLongControlBlock
 .bss.TaskBlinkShortHandle
                0x00000000200003c8        0x4 ./Core/Src/main.o
                0x00000000200003c8                TaskBlinkShortHandle
 .bss.TaskBlinkShortBuffer
                0x00000000200003cc      0x2a0 ./Core/Src/main.o
                0x00000000200003cc                TaskBlinkShortBuffer
 .bss.TaskBlinkShortControlBlock
                0x000000002000066c       0xa8 ./Core/Src/main.o
                0x000000002000066c                TaskBlinkShortControlBlock
 .bss.TaskBlinkRealHandle
                0x0000000020000714        0x4 ./Core/Src/main.o
                0x0000000020000714                TaskBlinkRealHandle
 .bss.TaskBlinkRealBuffer
                0x0000000020000718      0x2a0 ./Core/Src/main.o
                0x0000000020000718                TaskBlinkRealBuffer
 .bss.TaskBlinkRealControlBlock
                0x00000000200009b8       0xa8 ./Core/Src/main.o
                0x00000000200009b8                TaskBlinkRealControlBlock
 .bss.TaskStartHandle
                0x0000000020000a60        0x4 ./Core/Src/main.o
                0x0000000020000a60                TaskStartHandle
 .bss.TaskStartBuffer
                0x0000000020000a64      0x2a0 ./Core/Src/main.o
                0x0000000020000a64                TaskStartBuffer
 .bss.TaskStartControlBlock
                0x0000000020000d04       0xa8 ./Core/Src/main.o
                0x0000000020000d04                TaskStartControlBlock
 .bss.TaskTimerEventHandle
                0x0000000020000dac        0x4 ./Core/Src/main.o
                0x0000000020000dac                TaskTimerEventHandle
 .bss.TaskTimerEventBuffer
                0x0000000020000db0      0x2a0 ./Core/Src/main.o
                0x0000000020000db0                TaskTimerEventBuffer
 .bss.TaskTimerEventControlBlock
                0x0000000020001050       0xa8 ./Core/Src/main.o
                0x0000000020001050                TaskTimerEventControlBlock
 .bss.TaskStartFSM1Handle
                0x00000000200010f8        0x4 ./Core/Src/main.o
                0x00000000200010f8                TaskStartFSM1Handle
 .bss.TaskStartFSM1Buffer
                0x00000000200010fc      0x2a0 ./Core/Src/main.o
                0x00000000200010fc                TaskStartFSM1Buffer
 .bss.TaskStartFSM1ControlBlock
                0x000000002000139c       0xa8 ./Core/Src/main.o
                0x000000002000139c                TaskStartFSM1ControlBlock
 .bss.TaskStartFSM2Handle
                0x0000000020001444        0x4 ./Core/Src/main.o
                0x0000000020001444                TaskStartFSM2Handle
 .bss.TaskStartFSM2Buffer
                0x0000000020001448      0x2a0 ./Core/Src/main.o
                0x0000000020001448                TaskStartFSM2Buffer
 .bss.TaskStartFSM2ControlBlock
                0x00000000200016e8       0xa8 ./Core/Src/main.o
                0x00000000200016e8                TaskStartFSM2ControlBlock
 .bss.myQueue0Handle
                0x0000000020001790        0x4 ./Core/Src/main.o
                0x0000000020001790                myQueue0Handle
 .bss.myQueue0Buffer
                0x0000000020001794        0x8 ./Core/Src/main.o
                0x0000000020001794                myQueue0Buffer
 .bss.myQueue0ControlBlock
                0x000000002000179c       0x50 ./Core/Src/main.o
                0x000000002000179c                myQueue0ControlBlock
 .bss.myQueue1Handle
                0x00000000200017ec        0x4 ./Core/Src/main.o
                0x00000000200017ec                myQueue1Handle
 .bss.myQueue1Buffer
                0x00000000200017f0        0x8 ./Core/Src/main.o
                0x00000000200017f0                myQueue1Buffer
 .bss.myQueue1ControlBlock
                0x00000000200017f8       0x50 ./Core/Src/main.o
                0x00000000200017f8                myQueue1ControlBlock
 .bss.myQueue2Handle
                0x0000000020001848        0x4 ./Core/Src/main.o
                0x0000000020001848                myQueue2Handle
 .bss.myQueue2Buffer
                0x000000002000184c        0x8 ./Core/Src/main.o
                0x000000002000184c                myQueue2Buffer
 .bss.myQueue2ControlBlock
                0x0000000020001854       0x50 ./Core/Src/main.o
                0x0000000020001854                myQueue2ControlBlock
 .bss.myQueue3Handle
                0x00000000200018a4        0x4 ./Core/Src/main.o
                0x00000000200018a4                myQueue3Handle
 .bss.myQueue3Buffer
                0x00000000200018a8        0x8 ./Core/Src/main.o
                0x00000000200018a8                myQueue3Buffer
 .bss.myQueue3ControlBlock
                0x00000000200018b0       0x50 ./Core/Src/main.o
                0x00000000200018b0                myQueue3ControlBlock
 .bss.myQueue4Handle
                0x0000000020001900        0x4 ./Core/Src/main.o
                0x0000000020001900                myQueue4Handle
 .bss.myQueue4Buffer
                0x0000000020001904        0x8 ./Core/Src/main.o
                0x0000000020001904                myQueue4Buffer
 .bss.myQueue4ControlBlock
                0x000000002000190c       0x50 ./Core/Src/main.o
                0x000000002000190c                myQueue4ControlBlock
 .bss.myQueue5Handle
                0x000000002000195c        0x4 ./Core/Src/main.o
                0x000000002000195c                myQueue5Handle
 .bss.myQueue5Buffer
                0x0000000020001960        0x8 ./Core/Src/main.o
                0x0000000020001960                myQueue5Buffer
 .bss.myQueue5ControlBlock
                0x0000000020001968       0x50 ./Core/Src/main.o
                0x0000000020001968                myQueue5ControlBlock
 .bss.myQueue6Handle
                0x00000000200019b8        0x4 ./Core/Src/main.o
                0x00000000200019b8                myQueue6Handle
 .bss.myQueue6Buffer
                0x00000000200019bc        0x8 ./Core/Src/main.o
                0x00000000200019bc                myQueue6Buffer
 .bss.myQueue6ControlBlock
                0x00000000200019c4       0x50 ./Core/Src/main.o
                0x00000000200019c4                myQueue6ControlBlock
 .bss.TimerBlinkDelayHandle
                0x0000000020001a14        0x4 ./Core/Src/main.o
                0x0000000020001a14                TimerBlinkDelayHandle
 .bss.TimerBlinkDelayControlBlock
                0x0000000020001a18       0x30 ./Core/Src/main.o
                0x0000000020001a18                TimerBlinkDelayControlBlock
 .bss.htim1     0x0000000020001a48       0x48 ./Core/Src/stm32f1xx_hal_timebase_tim.o
                0x0000000020001a48                htim1
 .bss.uwTick    0x0000000020001a90        0x4 ./Drivers/STM32F1xx_HAL_Driver/Src/stm32f1xx_hal.o
                0x0000000020001a90                uwTick
 .bss.KernelState
                0x0000000020001a94        0x4 ./Middlewares/Third_Party/FreeRTOS/Source/CMSIS_RTOS_V2/cmsis_os2.o
 .bss.Idle_TCB  0x0000000020001a98       0xa8 ./Middlewares/Third_Party/FreeRTOS/Source/CMSIS_RTOS_V2/cmsis_os2.o
 .bss.Idle_Stack
                0x0000000020001b40      0x200 ./Middlewares/Third_Party/FreeRTOS/Source/CMSIS_RTOS_V2/cmsis_os2.o
 .bss.Timer_TCB
                0x0000000020001d40       0xa8 ./Middlewares/Third_Party/FreeRTOS/Source/CMSIS_RTOS_V2/cmsis_os2.o
 .bss.Timer_Stack
                0x0000000020001de8      0x400 ./Middlewares/Third_Party/FreeRTOS/Source/CMSIS_RTOS_V2/cmsis_os2.o
 .bss.xQueueRegistry
                0x00000000200021e8       0x40 ./Middlewares/Third_Party/FreeRTOS/Source/queue.o
                0x00000000200021e8                xQueueRegistry
 .bss.pxCurrentTCB
                0x0000000020002228        0x4 ./Middlewares/Third_Party/FreeRTOS/Source/tasks.o
                0x0000000020002228                pxCurrentTCB
 .bss.pxReadyTasksLists
                0x000000002000222c      0x460 ./Middlewares/Third_Party/FreeRTOS/Source/tasks.o
 .bss.xDelayedTaskList1
                0x000000002000268c       0x14 ./Middlewares/Third_Party/FreeRTOS/Source/tasks.o
 .bss.xDelayedTaskList2
                0x00000000200026a0       0x14 ./Middlewares/Third_Party/FreeRTOS/Source/tasks.o
 .bss.pxDelayedTaskList
                0x00000000200026b4        0x4 ./Middlewares/Third_Party/FreeRTOS/Source/tasks.o
 .bss.pxOverflowDelayedTaskList
                0x00000000200026b8        0x4 ./Middlewares/Third_Party/FreeRTOS/Source/tasks.o
 .bss.xPendingReadyList
                0x00000000200026bc       0x14 ./Middlewares/Third_Party/FreeRTOS/Source/tasks.o
 .bss.xTasksWaitingTermination
                0x00000000200026d0       0x14 ./Middlewares/Third_Party/FreeRTOS/Source/tasks.o
 .bss.uxDeletedTasksWaitingCleanUp
                0x00000000200026e4        0x4 ./Middlewares/Third_Party/FreeRTOS/Source/tasks.o
 .bss.xSuspendedTaskList
                0x00000000200026e8       0x14 ./Middlewares/Third_Party/FreeRTOS/Source/tasks.o
 .bss.uxCurrentNumberOfTasks
                0x00000000200026fc        0x4 ./Middlewares/Third_Party/FreeRTOS/Source/tasks.o
 .bss.xTickCount
                0x0000000020002700        0x4 ./Middlewares/Third_Party/FreeRTOS/Source/tasks.o
 .bss.uxTopReadyPriority
                0x0000000020002704        0x4 ./Middlewares/Third_Party/FreeRTOS/Source/tasks.o
 .bss.xSchedulerRunning
                0x0000000020002708        0x4 ./Middlewares/Third_Party/FreeRTOS/Source/tasks.o
 .bss.uxPendedTicks
                0x000000002000270c        0x4 ./Middlewares/Third_Party/FreeRTOS/Source/tasks.o
 .bss.xYieldPending
                0x0000000020002710        0x4 ./Middlewares/Third_Party/FreeRTOS/Source/tasks.o
 .bss.xNumOfOverflows
                0x0000000020002714        0x4 ./Middlewares/Third_Party/FreeRTOS/Source/tasks.o
 .bss.uxTaskNumber
                0x0000000020002718        0x4 ./Middlewares/Third_Party/FreeRTOS/Source/tasks.o
 .bss.xNextTaskUnblockTime
                0x000000002000271c        0x4 ./Middlewares/Third_Party/FreeRTOS/Source/tasks.o
 .bss.xIdleTaskHandle
                0x0000000020002720        0x4 ./Middlewares/Third_Party/FreeRTOS/Source/tasks.o
 .bss.uxSchedulerSuspended
                0x0000000020002724        0x4 ./Middlewares/Third_Party/FreeRTOS/Source/tasks.o
 .bss.xActiveTimerList1
                0x0000000020002728       0x14 ./Middlewares/Third_Party/FreeRTOS/Source/timers.o
 .bss.xActiveTimerList2
                0x000000002000273c       0x14 ./Middlewares/Third_Party/FreeRTOS/Source/timers.o
 .bss.pxCurrentTimerList
                0x0000000020002750        0x4 ./Middlewares/Third_Party/FreeRTOS/Source/timers.o
 .bss.pxOverflowTimerList
                0x0000000020002754        0x4 ./Middlewares/Third_Party/FreeRTOS/Source/timers.o
 .bss.xTimerQueue
                0x0000000020002758        0x4 ./Middlewares/Third_Party/FreeRTOS/Source/timers.o
 .bss.xTimerTaskHandle
                0x000000002000275c        0x4 ./Middlewares/Third_Party/FreeRTOS/Source/timers.o
 .bss.xLastTime.2
                0x0000000020002760        0x4 ./Middlewares/Third_Party/FreeRTOS/Source/timers.o
 .bss.ucStaticTimerQueueStorage.1
                0x0000000020002764       0xa0 ./Middlewares/Third_Party/FreeRTOS/Source/timers.o
 .bss.xStaticTimerQueue.0
                0x0000000020002804       0x50 ./Middlewares/Third_Party/FreeRTOS/Source/timers.o
 .bss.ucMaxSysCallPriority
                0x0000000020002854        0x1 ./Middlewares/Third_Party/FreeRTOS/Source/portable/GCC/ARM_CM3/port.o
 *fill*         0x0000000020002855        0x3 
 .bss.ulMaxPRIGROUPValue
                0x0000000020002858        0x4 ./Middlewares/Third_Party/FreeRTOS/Source/portable/GCC/ARM_CM3/port.o
 .bss.ucHeap    0x000000002000285c      0xc00 ./Middlewares/Third_Party/FreeRTOS/Source/portable/MemMang/heap_4.o
 .bss.xStart    0x000000002000345c        0x8 ./Middlewares/Third_Party/FreeRTOS/Source/portable/MemMang/heap_4.o
 .bss.pxEnd     0x0000000020003464        0x4 ./Middlewares/Third_Party/FreeRTOS/Source/portable/MemMang/heap_4.o
 .bss.xFreeBytesRemaining
                0x0000000020003468        0x4 ./Middlewares/Third_Party/FreeRTOS/Source/portable/MemMang/heap_4.o
 .bss.xMinimumEverFreeBytesRemaining
                0x000000002000346c        0x4 ./Middlewares/Third_Party/FreeRTOS/Source/portable/MemMang/heap_4.o
 .bss.xBlockAllocatedBit
                0x0000000020003470        0x4 ./Middlewares/Third_Party/FreeRTOS/Source/portable/MemMang/heap_4.o
 .bss.transitionTable
                0x0000000020003474       0x64 ./ThisLibrary/FreeRtosUML.o
                0x0000000020003474                transitionTable
 .bss.transitionEndState
                0x00000000200034d8        0xa ./ThisLibrary/FreeRtosUML.o
                0x00000000200034d8                transitionEndState
 *fill*         0x00000000200034e2        0x2 
 .bss.transitionForkState
                0x00000000200034e4       0x64 ./ThisLibrary/FreeRtosUML.o
                0x00000000200034e4                transitionForkState
 .bss.stateQueueMappings
                0x0000000020003548       0x28 ./ThisLibrary/FreeRtosUML.o
                0x0000000020003548                stateQueueMappings
 .bss.__sf      0x0000000020003570      0x138 /opt/st/stm32cubeide_1.14.0/plugins/com.st.stm32cube.ide.mcu.externaltools.gnu-tools-for-stm32.11.3.rel1.linux64_1.1.100.202309141235/tools/bin/../lib/gcc/arm-none-eabi/11.3.1/../../../../arm-none-eabi/lib/thumb/v7-m/nofp/libc_nano.a(libc_a-findfp.o)
                0x0000000020003570                __sf
 .bss.__lock___malloc_recursive_mutex
                0x00000000200036a8        0x1 /opt/st/stm32cubeide_1.14.0/plugins/com.st.stm32cube.ide.mcu.externaltools.gnu-tools-for-stm32.11.3.rel1.linux64_1.1.100.202309141235/tools/bin/../lib/gcc/arm-none-eabi/11.3.1/../../../../arm-none-eabi/lib/thumb/v7-m/nofp/libc_nano.a(libc_a-lock.o)
                0x00000000200036a8                __lock___malloc_recursive_mutex
 *fill*         0x00000000200036a9        0x3 
 .bss.__malloc_free_list
                0x00000000200036ac        0x4 /opt/st/stm32cubeide_1.14.0/plugins/com.st.stm32cube.ide.mcu.externaltools.gnu-tools-for-stm32.11.3.rel1.linux64_1.1.100.202309141235/tools/bin/../lib/gcc/arm-none-eabi/11.3.1/../../../../arm-none-eabi/lib/thumb/v7-m/nofp/libc_nano.a(libc_a-mallocr.o)
                0x00000000200036ac                __malloc_free_list
 *(COMMON)
                0x00000000200036b0                . = ALIGN (0x4)
                0x00000000200036b0                _ebss = .
                0x00000000200036b0                __bss_end__ = _ebss

._user_heap_stack
                0x00000000200036b0      0x600 load address 0x000000000800532c
                0x00000000200036b0                . = ALIGN (0x8)
                [!provide]                        PROVIDE (end = .)
                0x00000000200036b0                PROVIDE (_end = .)
                0x00000000200038b0                . = (. + _Min_Heap_Size)
 *fill*         0x00000000200036b0      0x200 
                0x0000000020003cb0                . = (. + _Min_Stack_Size)
 *fill*         0x00000000200038b0      0x400 
                0x0000000020003cb0                . = ALIGN (0x8)

/DISCARD/
 libc.a(*)
 libm.a(*)
 libgcc.a(*)

.ARM.attributes
                0x0000000000000000       0x29
 *(.ARM.attributes)
 .ARM.attributes
                0x0000000000000000       0x1d /opt/st/stm32cubeide_1.14.0/plugins/com.st.stm32cube.ide.mcu.externaltools.gnu-tools-for-stm32.11.3.rel1.linux64_1.1.100.202309141235/tools/bin/../lib/gcc/arm-none-eabi/11.3.1/thumb/v7-m/nofp/crti.o
 .ARM.attributes
                0x000000000000001d       0x2d /opt/st/stm32cubeide_1.14.0/plugins/com.st.stm32cube.ide.mcu.externaltools.gnu-tools-for-stm32.11.3.rel1.linux64_1.1.100.202309141235/tools/bin/../lib/gcc/arm-none-eabi/11.3.1/thumb/v7-m/nofp/crtbegin.o
 .ARM.attributes
                0x000000000000004a       0x2d ./Core/Src/main.o
 .ARM.attributes
                0x0000000000000077       0x2d ./Core/Src/stm32f1xx_hal_msp.o
 .ARM.attributes
                0x00000000000000a4       0x2d ./Core/Src/stm32f1xx_hal_timebase_tim.o
 .ARM.attributes
                0x00000000000000d1       0x2d ./Core/Src/stm32f1xx_it.o
 .ARM.attributes
                0x00000000000000fe       0x2d ./Core/Src/system_stm32f1xx.o
 .ARM.attributes
                0x000000000000012b       0x21 ./Core/Startup/startup_stm32f103c8tx.o
 .ARM.attributes
                0x000000000000014c       0x2d ./Drivers/STM32F1xx_HAL_Driver/Src/stm32f1xx_hal.o
 .ARM.attributes
                0x0000000000000179       0x2d ./Drivers/STM32F1xx_HAL_Driver/Src/stm32f1xx_hal_cortex.o
 .ARM.attributes
                0x00000000000001a6       0x2d ./Drivers/STM32F1xx_HAL_Driver/Src/stm32f1xx_hal_gpio.o
 .ARM.attributes
                0x00000000000001d3       0x2d ./Drivers/STM32F1xx_HAL_Driver/Src/stm32f1xx_hal_rcc.o
 .ARM.attributes
                0x0000000000000200       0x2d ./Drivers/STM32F1xx_HAL_Driver/Src/stm32f1xx_hal_tim.o
 .ARM.attributes
                0x000000000000022d       0x2d ./Drivers/STM32F1xx_HAL_Driver/Src/stm32f1xx_hal_tim_ex.o
 .ARM.attributes
                0x000000000000025a       0x2d ./Middlewares/Third_Party/FreeRTOS/Source/CMSIS_RTOS_V2/cmsis_os2.o
 .ARM.attributes
                0x0000000000000287       0x2d ./Middlewares/Third_Party/FreeRTOS/Source/list.o
 .ARM.attributes
                0x00000000000002b4       0x2d ./Middlewares/Third_Party/FreeRTOS/Source/queue.o
 .ARM.attributes
                0x00000000000002e1       0x2d ./Middlewares/Third_Party/FreeRTOS/Source/tasks.o
 .ARM.attributes
                0x000000000000030e       0x2d ./Middlewares/Third_Party/FreeRTOS/Source/timers.o
 .ARM.attributes
                0x000000000000033b       0x2d ./Middlewares/Third_Party/FreeRTOS/Source/portable/GCC/ARM_CM3/port.o
 .ARM.attributes
                0x0000000000000368       0x2d ./Middlewares/Third_Party/FreeRTOS/Source/portable/MemMang/heap_4.o
 .ARM.attributes
                0x0000000000000395       0x2d ./ThisLibrary/FreeRtosUML.o
 .ARM.attributes
                0x00000000000003c2       0x2d /opt/st/stm32cubeide_1.14.0/plugins/com.st.stm32cube.ide.mcu.externaltools.gnu-tools-for-stm32.11.3.rel1.linux64_1.1.100.202309141235/tools/bin/../lib/gcc/arm-none-eabi/11.3.1/../../../../arm-none-eabi/lib/thumb/v7-m/nofp/libc_nano.a(libc_a-findfp.o)
 .ARM.attributes
                0x00000000000003ef       0x2d /opt/st/stm32cubeide_1.14.0/plugins/com.st.stm32cube.ide.mcu.externaltools.gnu-tools-for-stm32.11.3.rel1.linux64_1.1.100.202309141235/tools/bin/../lib/gcc/arm-none-eabi/11.3.1/../../../../arm-none-eabi/lib/thumb/v7-m/nofp/libc_nano.a(libc_a-memset.o)
 .ARM.attributes
                0x000000000000041c       0x2d /opt/st/stm32cubeide_1.14.0/plugins/com.st.stm32cube.ide.mcu.externaltools.gnu-tools-for-stm32.11.3.rel1.linux64_1.1.100.202309141235/tools/bin/../lib/gcc/arm-none-eabi/11.3.1/../../../../arm-none-eabi/lib/thumb/v7-m/nofp/libc_nano.a(libc_a-reent.o)
 .ARM.attributes
                0x0000000000000449       0x2d /opt/st/stm32cubeide_1.14.0/plugins/com.st.stm32cube.ide.mcu.externaltools.gnu-tools-for-stm32.11.3.rel1.linux64_1.1.100.202309141235/tools/bin/../lib/gcc/arm-none-eabi/11.3.1/../../../../arm-none-eabi/lib/thumb/v7-m/nofp/libc_nano.a(libc_a-impure.o)
 .ARM.attributes
                0x0000000000000476       0x2d /opt/st/stm32cubeide_1.14.0/plugins/com.st.stm32cube.ide.mcu.externaltools.gnu-tools-for-stm32.11.3.rel1.linux64_1.1.100.202309141235/tools/bin/../lib/gcc/arm-none-eabi/11.3.1/../../../../arm-none-eabi/lib/thumb/v7-m/nofp/libc_nano.a(libc_a-init.o)
 .ARM.attributes
                0x00000000000004a3       0x2d /opt/st/stm32cubeide_1.14.0/plugins/com.st.stm32cube.ide.mcu.externaltools.gnu-tools-for-stm32.11.3.rel1.linux64_1.1.100.202309141235/tools/bin/../lib/gcc/arm-none-eabi/11.3.1/../../../../arm-none-eabi/lib/thumb/v7-m/nofp/libc_nano.a(libc_a-lock.o)
 .ARM.attributes
                0x00000000000004d0       0x2d /opt/st/stm32cubeide_1.14.0/plugins/com.st.stm32cube.ide.mcu.externaltools.gnu-tools-for-stm32.11.3.rel1.linux64_1.1.100.202309141235/tools/bin/../lib/gcc/arm-none-eabi/11.3.1/../../../../arm-none-eabi/lib/thumb/v7-m/nofp/libc_nano.a(libc_a-memcpy-stub.o)
 .ARM.attributes
                0x00000000000004fd       0x2d /opt/st/stm32cubeide_1.14.0/plugins/com.st.stm32cube.ide.mcu.externaltools.gnu-tools-for-stm32.11.3.rel1.linux64_1.1.100.202309141235/tools/bin/../lib/gcc/arm-none-eabi/11.3.1/../../../../arm-none-eabi/lib/thumb/v7-m/nofp/libc_nano.a(libc_a-freer.o)
 .ARM.attributes
                0x000000000000052a       0x2d /opt/st/stm32cubeide_1.14.0/plugins/com.st.stm32cube.ide.mcu.externaltools.gnu-tools-for-stm32.11.3.rel1.linux64_1.1.100.202309141235/tools/bin/../lib/gcc/arm-none-eabi/11.3.1/../../../../arm-none-eabi/lib/thumb/v7-m/nofp/libc_nano.a(libc_a-mallocr.o)
 .ARM.attributes
                0x0000000000000557       0x2d /opt/st/stm32cubeide_1.14.0/plugins/com.st.stm32cube.ide.mcu.externaltools.gnu-tools-for-stm32.11.3.rel1.linux64_1.1.100.202309141235/tools/bin/../lib/gcc/arm-none-eabi/11.3.1/../../../../arm-none-eabi/lib/thumb/v7-m/nofp/libc_nano.a(libc_a-mlock.o)
 .ARM.attributes
                0x0000000000000584       0x1d /opt/st/stm32cubeide_1.14.0/plugins/com.st.stm32cube.ide.mcu.externaltools.gnu-tools-for-stm32.11.3.rel1.linux64_1.1.100.202309141235/tools/bin/../lib/gcc/arm-none-eabi/11.3.1/thumb/v7-m/nofp/crtn.o
OUTPUT(stm32_FSM_FreeRtos_Event_State.elf elf32-littlearm)
LOAD linker stubs
LOAD /opt/st/stm32cubeide_1.14.0/plugins/com.st.stm32cube.ide.mcu.externaltools.gnu-tools-for-stm32.11.3.rel1.linux64_1.1.100.202309141235/tools/bin/../lib/gcc/arm-none-eabi/11.3.1/../../../../arm-none-eabi/lib/thumb/v7-m/nofp/libc.a
LOAD /opt/st/stm32cubeide_1.14.0/plugins/com.st.stm32cube.ide.mcu.externaltools.gnu-tools-for-stm32.11.3.rel1.linux64_1.1.100.202309141235/tools/bin/../lib/gcc/arm-none-eabi/11.3.1/../../../../arm-none-eabi/lib/thumb/v7-m/nofp/libm.a
LOAD /opt/st/stm32cubeide_1.14.0/plugins/com.st.stm32cube.ide.mcu.externaltools.gnu-tools-for-stm32.11.3.rel1.linux64_1.1.100.202309141235/tools/bin/../lib/gcc/arm-none-eabi/11.3.1/thumb/v7-m/nofp/libgcc.a

.comment        0x0000000000000000       0x43
 .comment       0x0000000000000000       0x43 /opt/st/stm32cubeide_1.14.0/plugins/com.st.stm32cube.ide.mcu.externaltools.gnu-tools-for-stm32.11.3.rel1.linux64_1.1.100.202309141235/tools/bin/../lib/gcc/arm-none-eabi/11.3.1/thumb/v7-m/nofp/crtbegin.o
                                         0x44 (size before relaxing)
 .comment       0x0000000000000043       0x44 ./Core/Src/main.o
 .comment       0x0000000000000043       0x44 ./Core/Src/stm32f1xx_hal_msp.o
 .comment       0x0000000000000043       0x44 ./Core/Src/stm32f1xx_hal_timebase_tim.o
 .comment       0x0000000000000043       0x44 ./Core/Src/stm32f1xx_it.o
 .comment       0x0000000000000043       0x44 ./Core/Src/system_stm32f1xx.o
 .comment       0x0000000000000043       0x44 ./Drivers/STM32F1xx_HAL_Driver/Src/stm32f1xx_hal.o
 .comment       0x0000000000000043       0x44 ./Drivers/STM32F1xx_HAL_Driver/Src/stm32f1xx_hal_cortex.o
 .comment       0x0000000000000043       0x44 ./Drivers/STM32F1xx_HAL_Driver/Src/stm32f1xx_hal_gpio.o
 .comment       0x0000000000000043       0x44 ./Drivers/STM32F1xx_HAL_Driver/Src/stm32f1xx_hal_rcc.o
 .comment       0x0000000000000043       0x44 ./Drivers/STM32F1xx_HAL_Driver/Src/stm32f1xx_hal_tim.o
 .comment       0x0000000000000043       0x44 ./Drivers/STM32F1xx_HAL_Driver/Src/stm32f1xx_hal_tim_ex.o
 .comment       0x0000000000000043       0x44 ./Middlewares/Third_Party/FreeRTOS/Source/CMSIS_RTOS_V2/cmsis_os2.o
 .comment       0x0000000000000043       0x44 ./Middlewares/Third_Party/FreeRTOS/Source/list.o
 .comment       0x0000000000000043       0x44 ./Middlewares/Third_Party/FreeRTOS/Source/queue.o
 .comment       0x0000000000000043       0x44 ./Middlewares/Third_Party/FreeRTOS/Source/tasks.o
 .comment       0x0000000000000043       0x44 ./Middlewares/Third_Party/FreeRTOS/Source/timers.o
 .comment       0x0000000000000043       0x44 ./Middlewares/Third_Party/FreeRTOS/Source/portable/GCC/ARM_CM3/port.o
 .comment       0x0000000000000043       0x44 ./Middlewares/Third_Party/FreeRTOS/Source/portable/MemMang/heap_4.o
 .comment       0x0000000000000043       0x44 ./ThisLibrary/FreeRtosUML.o

.debug_info     0x0000000000000000    0x141f8
 .debug_info    0x0000000000000000     0x217a ./Core/Src/main.o
 .debug_info    0x000000000000217a      0x361 ./Core/Src/stm32f1xx_hal_msp.o
 .debug_info    0x00000000000024db      0x99a ./Core/Src/stm32f1xx_hal_timebase_tim.o
 .debug_info    0x0000000000002e75      0x66a ./Core/Src/stm32f1xx_it.o
 .debug_info    0x00000000000034df      0x222 ./Core/Src/system_stm32f1xx.o
 .debug_info    0x0000000000003701       0x23 ./Core/Startup/startup_stm32f103c8tx.o
 .debug_info    0x0000000000003724      0x704 ./Drivers/STM32F1xx_HAL_Driver/Src/stm32f1xx_hal.o
 .debug_info    0x0000000000003e28      0xa87 ./Drivers/STM32F1xx_HAL_Driver/Src/stm32f1xx_hal_cortex.o
 .debug_info    0x00000000000048af      0x5ab ./Drivers/STM32F1xx_HAL_Driver/Src/stm32f1xx_hal_gpio.o
 .debug_info    0x0000000000004e5a      0x7d5 ./Drivers/STM32F1xx_HAL_Driver/Src/stm32f1xx_hal_rcc.o
 .debug_info    0x000000000000562f     0x293b ./Drivers/STM32F1xx_HAL_Driver/Src/stm32f1xx_hal_tim.o
 .debug_info    0x0000000000007f6a     0x149b ./Drivers/STM32F1xx_HAL_Driver/Src/stm32f1xx_hal_tim_ex.o
 .debug_info    0x0000000000009405     0x4058 ./Middlewares/Third_Party/FreeRTOS/Source/CMSIS_RTOS_V2/cmsis_os2.o
 .debug_info    0x000000000000d45d      0x2aa ./Middlewares/Third_Party/FreeRTOS/Source/list.o
 .debug_info    0x000000000000d707     0x1abf ./Middlewares/Third_Party/FreeRTOS/Source/queue.o
 .debug_info    0x000000000000f1c6     0x27b7 ./Middlewares/Third_Party/FreeRTOS/Source/tasks.o
 .debug_info    0x000000000001197d     0x1a7c ./Middlewares/Third_Party/FreeRTOS/Source/timers.o
 .debug_info    0x00000000000133f9      0x494 ./Middlewares/Third_Party/FreeRTOS/Source/portable/GCC/ARM_CM3/port.o
 .debug_info    0x000000000001388d      0x3c3 ./Middlewares/Third_Party/FreeRTOS/Source/portable/MemMang/heap_4.o
 .debug_info    0x0000000000013c50      0x5a8 ./ThisLibrary/FreeRtosUML.o

.debug_abbrev   0x0000000000000000     0x2de4
 .debug_abbrev  0x0000000000000000      0x321 ./Core/Src/main.o
 .debug_abbrev  0x0000000000000321      0x11c ./Core/Src/stm32f1xx_hal_msp.o
 .debug_abbrev  0x000000000000043d      0x1f3 ./Core/Src/stm32f1xx_hal_timebase_tim.o
 .debug_abbrev  0x0000000000000630      0x17c ./Core/Src/stm32f1xx_it.o
 .debug_abbrev  0x00000000000007ac      0x13f ./Core/Src/system_stm32f1xx.o
 .debug_abbrev  0x00000000000008eb       0x12 ./Core/Startup/startup_stm32f103c8tx.o
 .debug_abbrev  0x00000000000008fd      0x201 ./Drivers/STM32F1xx_HAL_Driver/Src/stm32f1xx_hal.o
 .debug_abbrev  0x0000000000000afe      0x2f8 ./Drivers/STM32F1xx_HAL_Driver/Src/stm32f1xx_hal_cortex.o
 .debug_abbrev  0x0000000000000df6      0x1ca ./Drivers/STM32F1xx_HAL_Driver/Src/stm32f1xx_hal_gpio.o
 .debug_abbrev  0x0000000000000fc0      0x2b3 ./Drivers/STM32F1xx_HAL_Driver/Src/stm32f1xx_hal_rcc.o
 .debug_abbrev  0x0000000000001273      0x277 ./Drivers/STM32F1xx_HAL_Driver/Src/stm32f1xx_hal_tim.o
 .debug_abbrev  0x00000000000014ea      0x282 ./Drivers/STM32F1xx_HAL_Driver/Src/stm32f1xx_hal_tim_ex.o
 .debug_abbrev  0x000000000000176c      0x465 ./Middlewares/Third_Party/FreeRTOS/Source/CMSIS_RTOS_V2/cmsis_os2.o
 .debug_abbrev  0x0000000000001bd1       0xf5 ./Middlewares/Third_Party/FreeRTOS/Source/list.o
 .debug_abbrev  0x0000000000001cc6      0x3ce ./Middlewares/Third_Party/FreeRTOS/Source/queue.o
 .debug_abbrev  0x0000000000002094      0x3fe ./Middlewares/Third_Party/FreeRTOS/Source/tasks.o
 .debug_abbrev  0x0000000000002492      0x367 ./Middlewares/Third_Party/FreeRTOS/Source/timers.o
 .debug_abbrev  0x00000000000027f9      0x258 ./Middlewares/Third_Party/FreeRTOS/Source/portable/GCC/ARM_CM3/port.o
 .debug_abbrev  0x0000000000002a51      0x205 ./Middlewares/Third_Party/FreeRTOS/Source/portable/MemMang/heap_4.o
 .debug_abbrev  0x0000000000002c56      0x18e ./ThisLibrary/FreeRtosUML.o

.debug_aranges  0x0000000000000000     0x1168
 .debug_aranges
                0x0000000000000000       0x80 ./Core/Src/main.o
 .debug_aranges
                0x0000000000000080       0x20 ./Core/Src/stm32f1xx_hal_msp.o
 .debug_aranges
                0x00000000000000a0       0x30 ./Core/Src/stm32f1xx_hal_timebase_tim.o
 .debug_aranges
                0x00000000000000d0       0x50 ./Core/Src/stm32f1xx_it.o
 .debug_aranges
                0x0000000000000120       0x28 ./Core/Src/system_stm32f1xx.o
 .debug_aranges
                0x0000000000000148       0x28 ./Core/Startup/startup_stm32f103c8tx.o
 .debug_aranges
                0x0000000000000170       0xe0 ./Drivers/STM32F1xx_HAL_Driver/Src/stm32f1xx_hal.o
 .debug_aranges
                0x0000000000000250      0x100 ./Drivers/STM32F1xx_HAL_Driver/Src/stm32f1xx_hal_cortex.o
 .debug_aranges
                0x0000000000000350       0x58 ./Drivers/STM32F1xx_HAL_Driver/Src/stm32f1xx_hal_gpio.o
 .debug_aranges
                0x00000000000003a8       0x90 ./Drivers/STM32F1xx_HAL_Driver/Src/stm32f1xx_hal_rcc.o
 .debug_aranges
                0x0000000000000438      0x3d0 ./Drivers/STM32F1xx_HAL_Driver/Src/stm32f1xx_hal_tim.o
 .debug_aranges
                0x0000000000000808      0x168 ./Drivers/STM32F1xx_HAL_Driver/Src/stm32f1xx_hal_tim_ex.o
 .debug_aranges
                0x0000000000000970      0x228 ./Middlewares/Third_Party/FreeRTOS/Source/CMSIS_RTOS_V2/cmsis_os2.o
 .debug_aranges
                0x0000000000000b98       0x40 ./Middlewares/Third_Party/FreeRTOS/Source/list.o
 .debug_aranges
                0x0000000000000bd8      0x158 ./Middlewares/Third_Party/FreeRTOS/Source/queue.o
 .debug_aranges
                0x0000000000000d30      0x1f8 ./Middlewares/Third_Party/FreeRTOS/Source/tasks.o
 .debug_aranges
                0x0000000000000f28       0xe0 ./Middlewares/Third_Party/FreeRTOS/Source/timers.o
 .debug_aranges
                0x0000000000001008       0x78 ./Middlewares/Third_Party/FreeRTOS/Source/portable/GCC/ARM_CM3/port.o
 .debug_aranges
                0x0000000000001080       0x50 ./Middlewares/Third_Party/FreeRTOS/Source/portable/MemMang/heap_4.o
 .debug_aranges
                0x00000000000010d0       0x98 ./ThisLibrary/FreeRtosUML.o

.debug_rnglists
                0x0000000000000000      0xd68
 .debug_rnglists
                0x0000000000000000       0x5e ./Core/Src/main.o
 .debug_rnglists
                0x000000000000005e       0x13 ./Core/Src/stm32f1xx_hal_msp.o
 .debug_rnglists
                0x0000000000000071       0x20 ./Core/Src/stm32f1xx_hal_timebase_tim.o
 .debug_rnglists
                0x0000000000000091       0x37 ./Core/Src/stm32f1xx_it.o
 .debug_rnglists
                0x00000000000000c8       0x1a ./Core/Src/system_stm32f1xx.o
 .debug_rnglists
                0x00000000000000e2       0x19 ./Core/Startup/startup_stm32f103c8tx.o
 .debug_rnglists
                0x00000000000000fb       0xa3 ./Drivers/STM32F1xx_HAL_Driver/Src/stm32f1xx_hal.o
 .debug_rnglists
                0x000000000000019e       0xbb ./Drivers/STM32F1xx_HAL_Driver/Src/stm32f1xx_hal_cortex.o
 .debug_rnglists
                0x0000000000000259       0x3f ./Drivers/STM32F1xx_HAL_Driver/Src/stm32f1xx_hal_gpio.o
 .debug_rnglists
                0x0000000000000298       0x6c ./Drivers/STM32F1xx_HAL_Driver/Src/stm32f1xx_hal_rcc.o
 .debug_rnglists
                0x0000000000000304      0x31a ./Drivers/STM32F1xx_HAL_Driver/Src/stm32f1xx_hal_tim.o
 .debug_rnglists
                0x000000000000061e      0x125 ./Drivers/STM32F1xx_HAL_Driver/Src/stm32f1xx_hal_tim_ex.o
 .debug_rnglists
                0x0000000000000743      0x1b4 ./Middlewares/Third_Party/FreeRTOS/Source/CMSIS_RTOS_V2/cmsis_os2.o
 .debug_rnglists
                0x00000000000008f7       0x2b ./Middlewares/Third_Party/FreeRTOS/Source/list.o
 .debug_rnglists
                0x0000000000000922      0x109 ./Middlewares/Third_Party/FreeRTOS/Source/queue.o
 .debug_rnglists
                0x0000000000000a2b      0x194 ./Middlewares/Third_Party/FreeRTOS/Source/tasks.o
 .debug_rnglists
                0x0000000000000bbf       0xab ./Middlewares/Third_Party/FreeRTOS/Source/timers.o
 .debug_rnglists
                0x0000000000000c6a       0x56 ./Middlewares/Third_Party/FreeRTOS/Source/portable/GCC/ARM_CM3/port.o
 .debug_rnglists
                0x0000000000000cc0       0x3b ./Middlewares/Third_Party/FreeRTOS/Source/portable/MemMang/heap_4.o
 .debug_rnglists
                0x0000000000000cfb       0x6d ./ThisLibrary/FreeRtosUML.o

.debug_macro    0x0000000000000000     0x2ee6
 .debug_macro   0x0000000000000000      0x318 ./Core/Src/main.o
 .debug_macro   0x0000000000000318       0x5b ./Core/Src/main.o
 .debug_macro   0x0000000000000373       0x74 ./Core/Src/main.o
 .debug_macro   0x00000000000003e7      0x129 ./Core/Src/main.o
 .debug_macro   0x0000000000000510       0xdd ./Core/Src/main.o
 .debug_macro   0x00000000000005ed       0x8d ./Core/Src/main.o
 .debug_macro   0x000000000000067a       0x1c ./Core/Src/main.o
 .debug_macro   0x0000000000000696      0x369 ./Core/Src/main.o
 .debug_macro   0x00000000000009ff       0x10 ./Core/Src/main.o
 .debug_macro   0x0000000000000a0f       0x1c ./Core/Src/main.o
 .debug_macro   0x0000000000000a2b       0x16 ./Core/Src/main.o
 .debug_macro   0x0000000000000a41      0x147 ./Core/Src/main.o
 .debug_macro   0x0000000000000b88       0x16 ./Core/Src/main.o
 .debug_macro   0x0000000000000b9e      0x1a3 ./Core/Src/stm32f1xx_hal_msp.o
 .debug_macro   0x0000000000000d41      0x199 ./Core/Src/stm32f1xx_hal_timebase_tim.o
 .debug_macro   0x0000000000000eda      0x1ad ./Core/Src/stm32f1xx_it.o
 .debug_macro   0x0000000000001087      0x199 ./Core/Src/system_stm32f1xx.o
 .debug_macro   0x0000000000001220      0x1bd ./Drivers/STM32F1xx_HAL_Driver/Src/stm32f1xx_hal.o
 .debug_macro   0x00000000000013dd      0x199 ./Drivers/STM32F1xx_HAL_Driver/Src/stm32f1xx_hal_cortex.o
 .debug_macro   0x0000000000001576      0x204 ./Drivers/STM32F1xx_HAL_Driver/Src/stm32f1xx_hal_gpio.o
 .debug_macro   0x000000000000177a      0x1ab ./Drivers/STM32F1xx_HAL_Driver/Src/stm32f1xx_hal_rcc.o
 .debug_macro   0x0000000000001925      0x19a ./Drivers/STM32F1xx_HAL_Driver/Src/stm32f1xx_hal_tim.o
 .debug_macro   0x0000000000001abf      0x199 ./Drivers/STM32F1xx_HAL_Driver/Src/stm32f1xx_hal_tim_ex.o
 .debug_macro   0x0000000000001c58      0x259 ./Middlewares/Third_Party/FreeRTOS/Source/CMSIS_RTOS_V2/cmsis_os2.o
 .debug_macro   0x0000000000001eb1       0x10 ./Middlewares/Third_Party/FreeRTOS/Source/CMSIS_RTOS_V2/cmsis_os2.o
 .debug_macro   0x0000000000001ec1       0x20 ./Middlewares/Third_Party/FreeRTOS/Source/CMSIS_RTOS_V2/cmsis_os2.o
 .debug_macro   0x0000000000001ee1       0x10 ./Middlewares/Third_Party/FreeRTOS/Source/CMSIS_RTOS_V2/cmsis_os2.o
 .debug_macro   0x0000000000001ef1       0xb7 ./Middlewares/Third_Party/FreeRTOS/Source/CMSIS_RTOS_V2/cmsis_os2.o
 .debug_macro   0x0000000000001fa8       0x16 ./Middlewares/Third_Party/FreeRTOS/Source/CMSIS_RTOS_V2/cmsis_os2.o
 .debug_macro   0x0000000000001fbe       0x91 ./Middlewares/Third_Party/FreeRTOS/Source/CMSIS_RTOS_V2/cmsis_os2.o
 .debug_macro   0x000000000000204f       0x9a ./Middlewares/Third_Party/FreeRTOS/Source/CMSIS_RTOS_V2/cmsis_os2.o
 .debug_macro   0x00000000000020e9      0x199 ./Middlewares/Third_Party/FreeRTOS/Source/list.o
 .debug_macro   0x0000000000002282      0x224 ./Middlewares/Third_Party/FreeRTOS/Source/queue.o
 .debug_macro   0x00000000000024a6       0x16 ./Middlewares/Third_Party/FreeRTOS/Source/queue.o
 .debug_macro   0x00000000000024bc      0x299 ./Middlewares/Third_Party/FreeRTOS/Source/tasks.o
 .debug_macro   0x0000000000002755       0x10 ./Middlewares/Third_Party/FreeRTOS/Source/tasks.o
 .debug_macro   0x0000000000002765      0x1dc ./Middlewares/Third_Party/FreeRTOS/Source/timers.o
 .debug_macro   0x0000000000002941      0x20f ./Middlewares/Third_Party/FreeRTOS/Source/portable/GCC/ARM_CM3/port.o
 .debug_macro   0x0000000000002b50      0x1c0 ./Middlewares/Third_Party/FreeRTOS/Source/portable/MemMang/heap_4.o
 .debug_macro   0x0000000000002d10      0x1d6 ./ThisLibrary/FreeRtosUML.o

.debug_line     0x0000000000000000    0x12149
 .debug_line    0x0000000000000000      0xbf5 ./Core/Src/main.o
 .debug_line    0x0000000000000bf5      0x634 ./Core/Src/stm32f1xx_hal_msp.o
 .debug_line    0x0000000000001229      0x6a0 ./Core/Src/stm32f1xx_hal_timebase_tim.o
 .debug_line    0x00000000000018c9      0x6ce ./Core/Src/stm32f1xx_it.o
 .debug_line    0x0000000000001f97      0x6b0 ./Core/Src/system_stm32f1xx.o
 .debug_line    0x0000000000002647       0x78 ./Core/Startup/startup_stm32f103c8tx.o
 .debug_line    0x00000000000026bf      0x8dd ./Drivers/STM32F1xx_HAL_Driver/Src/stm32f1xx_hal.o
 .debug_line    0x0000000000002f9c      0xac5 ./Drivers/STM32F1xx_HAL_Driver/Src/stm32f1xx_hal_cortex.o
 .debug_line    0x0000000000003a61      0x976 ./Drivers/STM32F1xx_HAL_Driver/Src/stm32f1xx_hal_gpio.o
 .debug_line    0x00000000000043d7      0xce6 ./Drivers/STM32F1xx_HAL_Driver/Src/stm32f1xx_hal_rcc.o
 .debug_line    0x00000000000050bd     0x33c9 ./Drivers/STM32F1xx_HAL_Driver/Src/stm32f1xx_hal_tim.o
 .debug_line    0x0000000000008486     0x183c ./Drivers/STM32F1xx_HAL_Driver/Src/stm32f1xx_hal_tim_ex.o
 .debug_line    0x0000000000009cc2     0x2425 ./Middlewares/Third_Party/FreeRTOS/Source/CMSIS_RTOS_V2/cmsis_os2.o
 .debug_line    0x000000000000c0e7      0x6d5 ./Middlewares/Third_Party/FreeRTOS/Source/list.o
 .debug_line    0x000000000000c7bc     0x1698 ./Middlewares/Third_Party/FreeRTOS/Source/queue.o
 .debug_line    0x000000000000de54     0x1d26 ./Middlewares/Third_Party/FreeRTOS/Source/tasks.o
 .debug_line    0x000000000000fb7a      0xc6c ./Middlewares/Third_Party/FreeRTOS/Source/timers.o
 .debug_line    0x00000000000107e6      0x83c ./Middlewares/Third_Party/FreeRTOS/Source/portable/GCC/ARM_CM3/port.o
 .debug_line    0x0000000000011022      0x897 ./Middlewares/Third_Party/FreeRTOS/Source/portable/MemMang/heap_4.o
 .debug_line    0x00000000000118b9      0x890 ./ThisLibrary/FreeRtosUML.o

.debug_str      0x0000000000000000    0x92198
 .debug_str     0x0000000000000000    0x8a442 ./Core/Src/main.o
                                      0x8a95a (size before relaxing)
 .debug_str     0x000000000008a442      0x2dd ./Core/Src/stm32f1xx_hal_msp.o
                                      0x81c9f (size before relaxing)
 .debug_str     0x000000000008a71f      0x10a ./Core/Src/stm32f1xx_hal_timebase_tim.o
                                      0x8228e (size before relaxing)
 .debug_str     0x000000000008a829       0xa5 ./Core/Src/stm32f1xx_it.o
                                      0x81e7d (size before relaxing)
 .debug_str     0x000000000008a8ce       0x7e ./Core/Src/system_stm32f1xx.o
                                      0x819d6 (size before relaxing)
 .debug_str     0x000000000008a94c       0x34 ./Core/Startup/startup_stm32f103c8tx.o
                                         0x81 (size before relaxing)
 .debug_str     0x000000000008a980      0x34a ./Drivers/STM32F1xx_HAL_Driver/Src/stm32f1xx_hal.o
                                      0x82109 (size before relaxing)
 .debug_str     0x000000000008acca      0x29f ./Drivers/STM32F1xx_HAL_Driver/Src/stm32f1xx_hal_cortex.o
                                      0x82055 (size before relaxing)
 .debug_str     0x000000000008af69      0x2e3 ./Drivers/STM32F1xx_HAL_Driver/Src/stm32f1xx_hal_gpio.o
                                      0x81d5c (size before relaxing)
 .debug_str     0x000000000008b24c      0x1f3 ./Drivers/STM32F1xx_HAL_Driver/Src/stm32f1xx_hal_rcc.o
                                      0x81e05 (size before relaxing)
 .debug_str     0x000000000008b43f      0xe69 ./Drivers/STM32F1xx_HAL_Driver/Src/stm32f1xx_hal_tim.o
                                      0x82df7 (size before relaxing)
 .debug_str     0x000000000008c2a8      0x503 ./Drivers/STM32F1xx_HAL_Driver/Src/stm32f1xx_hal_tim_ex.o
                                      0x82613 (size before relaxing)
 .debug_str     0x000000000008c7ab     0x3028 ./Middlewares/Third_Party/FreeRTOS/Source/CMSIS_RTOS_V2/cmsis_os2.o
                                       0xe88b (size before relaxing)
 .debug_str     0x000000000008f7d3      0x21b ./Middlewares/Third_Party/FreeRTOS/Source/list.o
                                       0xa659 (size before relaxing)
 .debug_str     0x000000000008f9ee      0x863 ./Middlewares/Third_Party/FreeRTOS/Source/queue.o
                                       0xc053 (size before relaxing)
 .debug_str     0x0000000000090251     0x10c5 ./Middlewares/Third_Party/FreeRTOS/Source/tasks.o
                                       0xceff (size before relaxing)
 .debug_str     0x0000000000091316      0x515 ./Middlewares/Third_Party/FreeRTOS/Source/timers.o
                                       0xc847 (size before relaxing)
 .debug_str     0x000000000009182b      0x66e ./Middlewares/Third_Party/FreeRTOS/Source/portable/GCC/ARM_CM3/port.o
                                       0x9c28 (size before relaxing)
 .debug_str     0x0000000000091e99      0x23a ./Middlewares/Third_Party/FreeRTOS/Source/portable/MemMang/heap_4.o
                                       0xada6 (size before relaxing)
 .debug_str     0x00000000000920d3       0xc5 ./ThisLibrary/FreeRtosUML.o
                                       0xb8e2 (size before relaxing)

.debug_frame    0x0000000000000000     0x4b38
 .debug_frame   0x0000000000000000      0x1b4 ./Core/Src/main.o
 .debug_frame   0x00000000000001b4       0x34 ./Core/Src/stm32f1xx_hal_msp.o
 .debug_frame   0x00000000000001e8       0x74 ./Core/Src/stm32f1xx_hal_timebase_tim.o
 .debug_frame   0x000000000000025c       0xc4 ./Core/Src/stm32f1xx_it.o
 .debug_frame   0x0000000000000320       0x58 ./Core/Src/system_stm32f1xx.o
 .debug_frame   0x0000000000000378      0x334 ./Drivers/STM32F1xx_HAL_Driver/Src/stm32f1xx_hal.o
 .debug_frame   0x00000000000006ac      0x428 ./Drivers/STM32F1xx_HAL_Driver/Src/stm32f1xx_hal_cortex.o
 .debug_frame   0x0000000000000ad4      0x14c ./Drivers/STM32F1xx_HAL_Driver/Src/stm32f1xx_hal_gpio.o
 .debug_frame   0x0000000000000c20      0x218 ./Drivers/STM32F1xx_HAL_Driver/Src/stm32f1xx_hal_rcc.o
 .debug_frame   0x0000000000000e38     0x11bc ./Drivers/STM32F1xx_HAL_Driver/Src/stm32f1xx_hal_tim.o
 .debug_frame   0x0000000000001ff4      0x638 ./Drivers/STM32F1xx_HAL_Driver/Src/stm32f1xx_hal_tim_ex.o
 .debug_frame   0x000000000000262c      0x980 ./Middlewares/Third_Party/FreeRTOS/Source/CMSIS_RTOS_V2/cmsis_os2.o