Archive member included to satisfy reference by file (symbol)

/opt/st/stm32cubeide_1.14.0/plugins/com.st.stm32cube.ide.mcu.externaltools.gnu-tools-for-stm32.11.3.rel1.linux64_1.1.100.202309141235/tools/bin/../lib/gcc/arm-none-eabi/11.3.1/../../../../arm-none-eabi/lib/thumb/v7-m/nofp/libc_nano.a(libc_a-exit.o)
                              /opt/st/stm32cubeide_1.14.0/plugins/com.st.stm32cube.ide.mcu.externaltools.gnu-tools-for-stm32.11.3.rel1.linux64_1.1.100.202309141235/tools/bin/../lib/gcc/arm-none-eabi/11.3.1/../../../../arm-none-eabi/lib/thumb/v7-m/nofp/crt0.o (exit)
/opt/st/stm32cubeide_1.14.0/plugins/com.st.stm32cube.ide.mcu.externaltools.gnu-tools-for-stm32.11.3.rel1.linux64_1.1.100.202309141235/tools/bin/../lib/gcc/arm-none-eabi/11.3.1/../../../../arm-none-eabi/lib/thumb/v7-m/nofp/libc_nano.a(libc_a-findfp.o)
                              ./Middlewares/Third_Party/FreeRTOS/Source/tasks.o (__sf)
/opt/st/stm32cubeide_1.14.0/plugins/com.st.stm32cube.ide.mcu.externaltools.gnu-tools-for-stm32.11.3.rel1.linux64_1.1.100.202309141235/tools/bin/../lib/gcc/arm-none-eabi/11.3.1/../../../../arm-none-eabi/lib/thumb/v7-m/nofp/libc_nano.a(libc_a-fwalk.o)
                              /opt/st/stm32cubeide_1.14.0/plugins/com.st.stm32cube.ide.mcu.externaltools.gnu-tools-for-stm32.11.3.rel1.linux64_1.1.100.202309141235/tools/bin/../lib/gcc/arm-none-eabi/11.3.1/../../../../arm-none-eabi/lib/thumb/v7-m/nofp/libc_nano.a(libc_a-findfp.o) (_fwalk_sglue)
/opt/st/stm32cubeide_1.14.0/plugins/com.st.stm32cube.ide.mcu.externaltools.gnu-tools-for-stm32.11.3.rel1.linux64_1.1.100.202309141235/tools/bin/../lib/gcc/arm-none-eabi/11.3.1/../../../../arm-none-eabi/lib/thumb/v7-m/nofp/libc_nano.a(libc_a-stdio.o)
                              /opt/st/stm32cubeide_1.14.0/plugins/com.st.stm32cube.ide.mcu.externaltools.gnu-tools-for-stm32.11.3.rel1.linux64_1.1.100.202309141235/tools/bin/../lib/gcc/arm-none-eabi/11.3.1/../../../../arm-none-eabi/lib/thumb/v7-m/nofp/libc_nano.a(libc_a-findfp.o) (__sread)
/opt/st/stm32cubeide_1.14.0/plugins/com.st.stm32cube.ide.mcu.externaltools.gnu-tools-for-stm32.11.3.rel1.linux64_1.1.100.202309141235/tools/bin/../lib/gcc/arm-none-eabi/11.3.1/../../../../arm-none-eabi/lib/thumb/v7-m/nofp/libc_nano.a(libc_a-memset.o)
                              /opt/st/stm32cubeide_1.14.0/plugins/com.st.stm32cube.ide.mcu.externaltools.gnu-tools-for-stm32.11.3.rel1.linux64_1.1.100.202309141235/tools/bin/../lib/gcc/arm-none-eabi/11.3.1/../../../../arm-none-eabi/lib/thumb/v7-m/nofp/crt0.o (memset)
/opt/st/stm32cubeide_1.14.0/plugins/com.st.stm32cube.ide.mcu.externaltools.gnu-tools-for-stm32.11.3.rel1.linux64_1.1.100.202309141235/tools/bin/../lib/gcc/arm-none-eabi/11.3.1/../../../../arm-none-eabi/lib/thumb/v7-m/nofp/libc_nano.a(libc_a-closer.o)
                              /opt/st/stm32cubeide_1.14.0/plugins/com.st.stm32cube.ide.mcu.externaltools.gnu-tools-for-stm32.11.3.rel1.linux64_1.1.100.202309141235/tools/bin/../lib/gcc/arm-none-eabi/11.3.1/../../../../arm-none-eabi/lib/thumb/v7-m/nofp/libc_nano.a(libc_a-stdio.o) (_close_r)
/opt/st/stm32cubeide_1.14.0/plugins/com.st.stm32cube.ide.mcu.externaltools.gnu-tools-for-stm32.11.3.rel1.linux64_1.1.100.202309141235/tools/bin/../lib/gcc/arm-none-eabi/11.3.1/../../../../arm-none-eabi/lib/thumb/v7-m/nofp/libc_nano.a(libc_a-reent.o)
                              ./Middlewares/Third_Party/FreeRTOS/Source/tasks.o (_reclaim_reent)
/opt/st/stm32cubeide_1.14.0/plugins/com.st.stm32cube.ide.mcu.externaltools.gnu-tools-for-stm32.11.3.rel1.linux64_1.1.100.202309141235/tools/bin/../lib/gcc/arm-none-eabi/11.3.1/../../../../arm-none-eabi/lib/thumb/v7-m/nofp/libc_nano.a(libc_a-impure.o)
                              ./Middlewares/Third_Party/FreeRTOS/Source/tasks.o (_impure_ptr)
/opt/st/stm32cubeide_1.14.0/plugins/com.st.stm32cube.ide.mcu.externaltools.gnu-tools-for-stm32.11.3.rel1.linux64_1.1.100.202309141235/tools/bin/../lib/gcc/arm-none-eabi/11.3.1/../../../../arm-none-eabi/lib/thumb/v7-m/nofp/libc_nano.a(libc_a-lseekr.o)
                              /opt/st/stm32cubeide_1.14.0/plugins/com.st.stm32cube.ide.mcu.externaltools.gnu-tools-for-stm32.11.3.rel1.linux64_1.1.100.202309141235/tools/bin/../lib/gcc/arm-none-eabi/11.3.1/../../../../arm-none-eabi/lib/thumb/v7-m/nofp/libc_nano.a(libc_a-stdio.o) (_lseek_r)
/opt/st/stm32cubeide_1.14.0/plugins/com.st.stm32cube.ide.mcu.externaltools.gnu-tools-for-stm32.11.3.rel1.linux64_1.1.100.202309141235/tools/bin/../lib/gcc/arm-none-eabi/11.3.1/../../../../arm-none-eabi/lib/thumb/v7-m/nofp/libc_nano.a(libc_a-readr.o)
                              /opt/st/stm32cubeide_1.14.0/plugins/com.st.stm32cube.ide.mcu.externaltools.gnu-tools-for-stm32.11.3.rel1.linux64_1.1.100.202309141235/tools/bin/../lib/gcc/arm-none-eabi/11.3.1/../../../../arm-none-eabi/lib/thumb/v7-m/nofp/libc_nano.a(libc_a-stdio.o) (_read_r)
[...]
Memory Configuration

Name             Origin             Length             Attributes
RAM              0x0000000020000000 0x0000000000005000 xrw
FLASH            0x0000000008000000 0x0000000000010000 xr
*default*        0x0000000000000000 0xffffffffffffffff

Linker script and memory map

LOAD /opt/st/stm32cubeide_1.14.0/plugins/com.st.stm32cube.ide.mcu.externaltools.gnu-tools-for-stm32.11.3.rel1.linux64_1.1.100.202309141235/tools/bin/../lib/gcc/arm-none-eabi/11.3.1/thumb/v7-m/nofp/crti.o
LOAD /opt/st/stm32cubeide_1.14.0/plugins/com.st.stm32cube.ide.mcu.externaltools.gnu-tools-for-stm32.11.3.rel1.linux64_1.1.100.202309141235/tools/bin/../lib/gcc/arm-none-eabi/11.3.1/thumb/v7-m/nofp/crtbegin.o
LOAD /opt/st/stm32cubeide_1.14.0/plugins/com.st.stm32cube.ide.mcu.externaltools.gnu-tools-for-stm32.11.3.rel1.linux64_1.1.100.202309141235/tools/bin/../lib/gcc/arm-none-eabi/11.3.1/../../../../arm-none-eabi/lib/thumb/v7-m/nofp/crt0.o
LOAD ./Core/Src/freertos.o
LOAD ./Core/Src/main.o
LOAD ./Core/Src/stm32f1xx_hal_msp.o
LOAD ./Core/Src/stm32f1xx_hal_timebase_tim.o
LOAD ./Core/Src/stm32f1xx_it.o
LOAD ./Core/Src/syscalls.o
LOAD ./Core/Src/sysmem.o
LOAD ./Core/Src/system_stm32f1xx.o
LOAD ./Core/Startup/startup_stm32f103c8tx.o
LOAD ./Drivers/STM32F1xx_HAL_Driver/Src/stm32f1xx_hal.o
LOAD ./Drivers/STM32F1xx_HAL_Driver/Src/stm32f1xx_hal_cortex.o
LOAD ./Drivers/STM32F1xx_HAL_Driver/Src/stm32f1xx_hal_dma.o
LOAD ./Drivers/STM32F1xx_HAL_Driver/Src/stm32f1xx_hal_exti.o
LOAD ./Drivers/STM32F1xx_HAL_Driver/Src/stm32f1xx_hal_flash.o
LOAD ./Drivers/STM32F1xx_HAL_Driver/Src/stm32f1xx_hal_flash_ex.o
LOAD ./Drivers/STM32F1xx_HAL_Driver/Src/stm32f1xx_hal_gpio.o
LOAD ./Drivers/STM32F1xx_HAL_Driver/Src/stm32f1xx_hal_gpio_ex.o
LOAD ./Drivers/STM32F1xx_HAL_Driver/Src/stm32f1xx_hal_pwr.o
LOAD ./Drivers/STM32F1xx_HAL_Driver/Src/stm32f1xx_hal_rcc.o
LOAD ./Drivers/STM32F1xx_HAL_Driver/Src/stm32f1xx_hal_rcc_ex.o
LOAD ./Drivers/STM32F1xx_HAL_Driver/Src/stm32f1xx_hal_tim.o
LOAD ./Drivers/STM32F1xx_HAL_Driver/Src/stm32f1xx_hal_tim_ex.o
LOAD ./Middlewares/Third_Party/FreeRTOS/Source/CMSIS_RTOS_V2/cmsis_os2.o
LOAD ./Middlewares/Third_Party/FreeRTOS/Source/croutine.o
LOAD ./Middlewares/Third_Party/FreeRTOS/Source/event_groups.o
LOAD ./Middlewares/Third_Party/FreeRTOS/Source/list.o
LOAD ./Middlewares/Third_Party/FreeRTOS/Source/queue.o
LOAD ./Middlewares/Third_Party/FreeRTOS/Source/stream_buffer.o
LOAD ./Middlewares/Third_Party/FreeRTOS/Source/tasks.o
LOAD ./Middlewares/Third_Party/FreeRTOS/Source/timers.o
LOAD ./Middlewares/Third_Party/FreeRTOS/Source/portable/GCC/ARM_CM3/port.o
LOAD ./Middlewares/Third_Party/FreeRTOS/Source/portable/MemMang/heap_4.o
START GROUP
LOAD /opt/st/stm32cubeide_1.14.0/plugins/com.st.stm32cube.ide.mcu.externaltools.gnu-tools-for-stm32.11.3.rel1.linux64_1.1.100.202309141235/tools/bin/../lib/gcc/arm-none-eabi/11.3.1/../../../../arm-none-eabi/lib/thumb/v7-m/nofp/libc_nano.a
LOAD /opt/st/stm32cubeide_1.14.0/plugins/com.st.stm32cube.ide.mcu.externaltools.gnu-tools-for-stm32.11.3.rel1.linux64_1.1.100.202309141235/tools/bin/../lib/gcc/arm-none-eabi/11.3.1/../../../../arm-none-eabi/lib/thumb/v7-m/nofp/libm.a
END GROUP
START GROUP
LOAD /opt/st/stm32cubeide_1.14.0/plugins/com.st.stm32cube.ide.mcu.externaltools.gnu-tools-for-stm32.11.3.rel1.linux64_1.1.100.202309141235/tools/bin/../lib/gcc/arm-none-eabi/11.3.1/thumb/v7-m/nofp/libgcc.a
LOAD /opt/st/stm32cubeide_1.14.0/plugins/com.st.stm32cube.ide.mcu.externaltools.gnu-tools-for-stm32.11.3.rel1.linux64_1.1.100.202309141235/tools/bin/../lib/gcc/arm-none-eabi/11.3.1/../../../../arm-none-eabi/lib/thumb/v7-m/nofp/libc_nano.a
END GROUP
START GROUP
LOAD /opt/st/stm32cubeide_1.14.0/plugins/com.st.stm32cube.ide.mcu.externaltools.gnu-tools-for-stm32.11.3.rel1.linux64_1.1.100.202309141235/tools/bin/../lib/gcc/arm-none-eabi/11.3.1/thumb/v7-m/nofp/libgcc.a
LOAD /opt/st/stm32cubeide_1.14.0/plugins/com.st.stm32cube.ide.mcu.externaltools.gnu-tools-for-stm32.11.3.rel1.linux64_1.1.100.202309141235/tools/bin/../lib/gcc/arm-none-eabi/11.3.1/../../../../arm-none-eabi/lib/thumb/v7-m/nofp/libc_nano.a
LOAD /opt/st/stm32cubeide_1.14.0/plugins/com.st.stm32cube.ide.mcu.externaltools.gnu-tools-for-stm32.11.3.rel1.linux64_1.1.100.202309141235/tools/bin/../lib/gcc/arm-none-eabi/11.3.1/../../../../arm-none-eabi/lib/thumb/v7-m/nofp/libnosys.a
END GROUP
START GROUP
LOAD /opt/st/stm32cubeide_1.14.0/plugins/com.st.stm32cube.ide.mcu.externaltools.gnu-tools-for-stm32.11.3.rel1.linux64_1.1.100.202309141235/tools/bin/../lib/gcc/arm-none-eabi/11.3.1/thumb/v7-m/nofp/libgcc.a
LOAD /opt/st/stm32cubeide_1.14.0/plugins/com.st.stm32cube.ide.mcu.externaltools.gnu-tools-for-stm32.11.3.rel1.linux64_1.1.100.202309141235/tools/bin/../lib/gcc/arm-none-eabi/11.3.1/../../../../arm-none-eabi/lib/thumb/v7-m/nofp/libc_nano.a
LOAD /opt/st/stm32cubeide_1.14.0/plugins/com.st.stm32cube.ide.mcu.externaltools.gnu-tools-for-stm32.11.3.rel1.linux64_1.1.100.202309141235/tools/bin/../lib/gcc/arm-none-eabi/11.3.1/../../../../arm-none-eabi/lib/thumb/v7-m/nofp/libnosys.a
END GROUP
LOAD /opt/st/stm32cubeide_1.14.0/plugins/com.st.stm32cube.ide.mcu.externaltools.gnu-tools-for-stm32.11.3.rel1.linux64_1.1.100.202309141235/tools/bin/../lib/gcc/arm-none-eabi/11.3.1/thumb/v7-m/nofp/crtend.o
LOAD /opt/st/stm32cubeide_1.14.0/plugins/com.st.stm32cube.ide.mcu.externaltools.gnu-tools-for-stm32.11.3.rel1.linux64_1.1.100.202309141235/tools/bin/../lib/gcc/arm-none-eabi/11.3.1/thumb/v7-m/nofp/crtn.o
                0x0000000020005000                _estack = (ORIGIN (RAM) + LENGTH (RAM))
                0x0000000000000200                _Min_Heap_Size = 0x200
                0x0000000000000400                _Min_Stack_Size = 0x400

.isr_vector     0x0000000008000000      0x10c
                0x0000000008000000                . = ALIGN (0x4)
 *(.isr_vector)
 .isr_vector    0x0000000008000000      0x10c ./Core/Startup/startup_stm32f103c8tx.o
                0x0000000008000000                g_pfnVectors
                0x000000000800010c                . = ALIGN (0x4)

.text           0x0000000008000110     0x4e60
                0x0000000008000110                . = ALIGN (0x4)
 *(.text)
 .text          0x0000000008000110       0x40 /opt/st/stm32cubeide_1.14.0/plugins/com.st.stm32cube.ide.mcu.externaltools.gnu-tools-for-stm32.11.3.rel1.linux64_1.1.100.202309141235/tools/bin/../lib/gcc/arm-none-eabi/11.3.1/thumb/v7-m/nofp/crtbegin.o
 *(.text*)
 .text.main     0x0000000008000150      0x1a8 ./Core/Src/main.o
                0x0000000008000150                main
 .text.SystemClock_Config
                0x00000000080002f8       0x76 ./Core/Src/main.o
                0x00000000080002f8                SystemClock_Config
 *fill*         0x000000000800036e        0x2 
 .text.MX_GPIO_Init
                0x0000000008000370       0x98 ./Core/Src/main.o
 .text.initializeTransitionEvent
                0x0000000008000408       0x50 ./Core/Src/main.o
                0x0000000008000408                initializeTransitionEvent
 .text.initializeTransitionFork
                0x0000000008000458       0x56 ./Core/Src/main.o
                0x0000000008000458                initializeTransitionFork
 .text.initializeTransitionEndState
                0x00000000080004ae       0x36 ./Core/Src/main.o
                0x00000000080004ae                initializeTransitionEndState
 .text.addToTransitionFork
                0x00000000080004e4       0x40 ./Core/Src/main.o
                0x00000000080004e4                addToTransitionFork
 .text.addToTransitionEvent
                0x0000000008000524       0x48 ./Core/Src/main.o
                0x0000000008000524                addToTransitionEvent
 .text.addToTransitionEndState
                0x000000000800056c       0x38 ./Core/Src/main.o
                0x000000000800056c                addToTransitionEndState
 .text.handleTransition
                0x00000000080005a4       0x48 ./Core/Src/main.o
                0x00000000080005a4                handleTransition
 .text.createStateQueueMapping
                0x00000000080005ec       0x24 ./Core/Src/main.o
                0x00000000080005ec                createStateQueueMapping
 .text.getQueueForState
                0x0000000008000610       0x20 ./Core/Src/main.o
                0x0000000008000610                getQueueForState
 .text.MessageQueueState
                0x0000000008000630       0x26 ./Core/Src/main.o
                0x0000000008000630                MessageQueueState
 .text.MessageQueueEvent
                0x0000000008000656       0x2c ./Core/Src/main.o
                0x0000000008000656                MessageQueueEvent
 *fill*         0x0000000008000682        0x2 
 .text.sendToTransitionFork
                0x0000000008000684       0x50 ./Core/Src/main.o
                0x0000000008000684                sendToTransitionFork
 .text.sendToTransitionEvent
                0x00000000080006d4       0x2c ./Core/Src/main.o
                0x00000000080006d4                sendToTransitionEvent
 .text.sendToTransitionEndState
                0x0000000008000700       0x24 ./Core/Src/main.o
                0x0000000008000700                sendToTransitionEndState
 .text.waitForOwnState
                0x0000000008000724       0x26 ./Core/Src/main.o
                0x0000000008000724                waitForOwnState
 .text.waitForOwnEvent
                0x000000000800074a       0x2a ./Core/Src/main.o
                0x000000000800074a                waitForOwnEvent
 .text.fTaskBlinkLong
                0x0000000008000774       0x64 ./Core/Src/main.o
                0x0000000008000774                fTaskBlinkLong
 .text.fTaskBlinkShort
                0x00000000080007d8       0x68 ./Core/Src/main.o
                0x00000000080007d8                fTaskBlinkShort
 .text.fTaskBlinkReal
                0x0000000008000840       0x60 ./Core/Src/main.o
                0x0000000008000840                fTaskBlinkReal
 .text.fTaskStart
                0x00000000080008a0      0x100 ./Core/Src/main.o
                0x00000000080008a0                fTaskStart
 .text.fTaskTimerEvent
                0x00000000080009a0       0x4c ./Core/Src/main.o
                0x00000000080009a0                fTaskTimerEvent
 .text.fTaskStartFSM1
                0x00000000080009ec       0x26 ./Core/Src/main.o
                0x00000000080009ec                fTaskStartFSM1
 .text.fTaskStartFSM2
                0x0000000008000a12       0x26 ./Core/Src/main.o
                0x0000000008000a12                fTaskStartFSM2
 .text.CallbackTimerBlinkDelay
                0x0000000008000a38       0x18 ./Core/Src/main.o
                0x0000000008000a38                CallbackTimerBlinkDelay
 .text.HAL_TIM_PeriodElapsedCallback
                0x0000000008000a50       0x24 ./Core/Src/main.o
                0x0000000008000a50                HAL_TIM_PeriodElapsedCallback
 .text.Error_Handler
                0x0000000008000a74        0xa ./Core/Src/main.o
                0x0000000008000a74                Error_Handler
 *fill*         0x0000000008000a7e        0x2 
 .text.HAL_MspInit
                0x0000000008000a80       0x70 ./Core/Src/stm32f1xx_hal_msp.o
                0x0000000008000a80                HAL_MspInit
 .text.HAL_InitTick
                0x0000000008000af0       0xe4 ./Core/Src/stm32f1xx_hal_timebase_tim.o
                0x0000000008000af0                HAL_InitTick
 .text.NMI_Handler
                0x0000000008000bd4        0x6 ./Core/Src/stm32f1xx_it.o
                0x0000000008000bd4                NMI_Handler
 .text.HardFault_Handler
                0x0000000008000bda        0x6 ./Core/Src/stm32f1xx_it.o
                0x0000000008000bda                HardFault_Handler
 .text.MemManage_Handler
                0x0000000008000be0        0x6 ./Core/Src/stm32f1xx_it.o
                0x0000000008000be0                MemManage_Handler
 .text.BusFault_Handler
                0x0000000008000be6        0x6 ./Core/Src/stm32f1xx_it.o
                0x0000000008000be6                BusFault_Handler
 .text.UsageFault_Handler
                0x0000000008000bec        0x6 ./Core/Src/stm32f1xx_it.o
                0x0000000008000bec                UsageFault_Handler
 .text.DebugMon_Handler
                0x0000000008000bf2        0xc ./Core/Src/stm32f1xx_it.o
                0x0000000008000bf2                DebugMon_Handler
 *fill*         0x0000000008000bfe        0x2 
 .text.TIM1_UP_IRQHandler
                0x0000000008000c00       0x14 ./Core/Src/stm32f1xx_it.o
                0x0000000008000c00                TIM1_UP_IRQHandler
 .text.SystemInit
                0x0000000008000c14        0xc ./Core/Src/system_stm32f1xx.o
                0x0000000008000c14                SystemInit
 .text.Reset_Handler
                0x0000000008000c20       0x48 ./Core/Startup/startup_stm32f103c8tx.o
                0x0000000008000c20                Reset_Handler
 .text.Default_Handler
                0x0000000008000c68        0x2 ./Core/Startup/startup_stm32f103c8tx.o
                0x0000000008000c68                RTC_Alarm_IRQHandler
                0x0000000008000c68                EXTI2_IRQHandler
                0x0000000008000c68                TIM1_CC_IRQHandler
                0x0000000008000c68                PVD_IRQHandler
                0x0000000008000c68                EXTI3_IRQHandler
                0x0000000008000c68                EXTI0_IRQHandler
                0x0000000008000c68                I2C2_EV_IRQHandler
                0x0000000008000c68                ADC1_2_IRQHandler
                0x0000000008000c68                SPI1_IRQHandler
                0x0000000008000c68                TAMPER_IRQHandler
                0x0000000008000c68                DMA1_Channel4_IRQHandler
                0x0000000008000c68                USART3_IRQHandler
                0x0000000008000c68                RTC_IRQHandler
                0x0000000008000c68                DMA1_Channel7_IRQHandler
                0x0000000008000c68                CAN1_RX1_IRQHandler
                0x0000000008000c68                TIM4_IRQHandler
                0x0000000008000c68                I2C1_EV_IRQHandler
                0x0000000008000c68                DMA1_Channel6_IRQHandler
                0x0000000008000c68                TIM3_IRQHandler
                0x0000000008000c68                RCC_IRQHandler
                0x0000000008000c68                TIM1_TRG_COM_IRQHandler
                0x0000000008000c68                DMA1_Channel1_IRQHandler
                0x0000000008000c68                Default_Handler
                0x0000000008000c68                EXTI15_10_IRQHandler
                0x0000000008000c68                EXTI9_5_IRQHandler
                0x0000000008000c68                SPI2_IRQHandler
                0x0000000008000c68                DMA1_Channel5_IRQHandler
                0x0000000008000c68                EXTI4_IRQHandler
                0x0000000008000c68                USB_LP_CAN1_RX0_IRQHandler
                0x0000000008000c68                USB_HP_CAN1_TX_IRQHandler
                0x0000000008000c68                DMA1_Channel3_IRQHandler
                0x0000000008000c68                WWDG_IRQHandler
                0x0000000008000c68                TIM2_IRQHandler
                0x0000000008000c68                TIM1_BRK_IRQHandler
                0x0000000008000c68                EXTI1_IRQHandler
                0x0000000008000c68                USART2_IRQHandler
                0x0000000008000c68                I2C2_ER_IRQHandler
                0x0000000008000c68                DMA1_Channel2_IRQHandler
                0x0000000008000c68                CAN1_SCE_IRQHandler
                0x0000000008000c68                FLASH_IRQHandler
                0x0000000008000c68                USART1_IRQHandler
                0x0000000008000c68                I2C1_ER_IRQHandler
                0x0000000008000c68                USBWakeUp_IRQHandler
 *fill*         0x0000000008000c6a        0x2 
 .text.HAL_Init
                0x0000000008000c6c       0x2c ./Drivers/STM32F1xx_HAL_Driver/Src/stm32f1xx_hal.o
                0x0000000008000c6c                HAL_Init
 .text.HAL_IncTick
                0x0000000008000c98       0x24 ./Drivers/STM32F1xx_HAL_Driver/Src/stm32f1xx_hal.o
                0x0000000008000c98                HAL_IncTick
 .text.HAL_GetTick
                0x0000000008000cbc       0x14 ./Drivers/STM32F1xx_HAL_Driver/Src/stm32f1xx_hal.o
                0x0000000008000cbc                HAL_GetTick
 .text.__NVIC_SetPriorityGrouping
                0x0000000008000cd0       0x48 ./Drivers/STM32F1xx_HAL_Driver/Src/stm32f1xx_hal_cortex.o
 .text.__NVIC_GetPriorityGrouping
                0x0000000008000d18       0x1c ./Drivers/STM32F1xx_HAL_Driver/Src/stm32f1xx_hal_cortex.o
 .text.__NVIC_EnableIRQ
                0x0000000008000d34       0x38 ./Drivers/STM32F1xx_HAL_Driver/Src/stm32f1xx_hal_cortex.o
 .text.__NVIC_SetPriority
                0x0000000008000d6c       0x54 ./Drivers/STM32F1xx_HAL_Driver/Src/stm32f1xx_hal_cortex.o
 .text.NVIC_EncodePriority
                0x0000000008000dc0       0x64 ./Drivers/STM32F1xx_HAL_Driver/Src/stm32f1xx_hal_cortex.o
 .text.HAL_NVIC_SetPriorityGrouping
                0x0000000008000e24       0x16 ./Drivers/STM32F1xx_HAL_Driver/Src/stm32f1xx_hal_cortex.o
                0x0000000008000e24                HAL_NVIC_SetPriorityGrouping
 .text.HAL_NVIC_SetPriority
                0x0000000008000e3a       0x38 ./Drivers/STM32F1xx_HAL_Driver/Src/stm32f1xx_hal_cortex.o
                0x0000000008000e3a                HAL_NVIC_SetPriority
 .text.HAL_NVIC_EnableIRQ
                0x0000000008000e72       0x1c ./Drivers/STM32F1xx_HAL_Driver/Src/stm32f1xx_hal_cortex.o
                0x0000000008000e72                HAL_NVIC_EnableIRQ
 *fill*         0x0000000008000e8e        0x2 
 .text.HAL_GPIO_Init
                0x0000000008000e90      0x308 ./Drivers/STM32F1xx_HAL_Driver/Src/stm32f1xx_hal_gpio.o
                0x0000000008000e90                HAL_GPIO_Init
 .text.HAL_GPIO_WritePin
                0x0000000008001198       0x30 ./Drivers/STM32F1xx_HAL_Driver/Src/stm32f1xx_hal_gpio.o
                0x0000000008001198                HAL_GPIO_WritePin
 .text.HAL_GPIO_TogglePin
                0x00000000080011c8       0x32 ./Drivers/STM32F1xx_HAL_Driver/Src/stm32f1xx_hal_gpio.o
                0x00000000080011c8                HAL_GPIO_TogglePin
 *fill*         0x00000000080011fa        0x2 
 .text.HAL_RCC_OscConfig
                0x00000000080011fc      0x504 ./Drivers/STM32F1xx_HAL_Driver/Src/stm32f1xx_hal_rcc.o
                0x00000000080011fc                HAL_RCC_OscConfig
 .text.HAL_RCC_ClockConfig
                0x0000000008001700      0x1d4 ./Drivers/STM32F1xx_HAL_Driver/Src/stm32f1xx_hal_rcc.o
                0x0000000008001700                HAL_RCC_ClockConfig
 .text.HAL_RCC_GetSysClockFreq
                0x00000000080018d4       0xa8 ./Drivers/STM32F1xx_HAL_Driver/Src/stm32f1xx_hal_rcc.o
                0x00000000080018d4                HAL_RCC_GetSysClockFreq
 .text.HAL_RCC_GetHCLKFreq
                0x000000000800197c       0x14 ./Drivers/STM32F1xx_HAL_Driver/Src/stm32f1xx_hal_rcc.o
                0x000000000800197c                HAL_RCC_GetHCLKFreq
 .text.HAL_RCC_GetPCLK2Freq
                0x0000000008001990       0x28 ./Drivers/STM32F1xx_HAL_Driver/Src/stm32f1xx_hal_rcc.o
                0x0000000008001990                HAL_RCC_GetPCLK2Freq
 .text.HAL_RCC_GetClockConfig
                0x00000000080019b8       0x60 ./Drivers/STM32F1xx_HAL_Driver/Src/stm32f1xx_hal_rcc.o
                0x00000000080019b8                HAL_RCC_GetClockConfig
 .text.RCC_Delay
                0x0000000008001a18       0x3c ./Drivers/STM32F1xx_HAL_Driver/Src/stm32f1xx_hal_rcc.o
 .text.HAL_TIM_Base_Init
                0x0000000008001a54       0x9e ./Drivers/STM32F1xx_HAL_Driver/Src/stm32f1xx_hal_tim.o
                0x0000000008001a54                HAL_TIM_Base_Init
 .text.HAL_TIM_Base_MspInit
                0x0000000008001af2       0x12 ./Drivers/STM32F1xx_HAL_Driver/Src/stm32f1xx_hal_tim.o
                0x0000000008001af2                HAL_TIM_Base_MspInit
 .text.HAL_TIM_Base_Start_IT
                0x0000000008001b04       0xa4 ./Drivers/STM32F1xx_HAL_Driver/Src/stm32f1xx_hal_tim.o
                0x0000000008001b04                HAL_TIM_Base_Start_IT
 .text.HAL_TIM_IRQHandler
                0x0000000008001ba8      0x210 ./Drivers/STM32F1xx_HAL_Driver/Src/stm32f1xx_hal_tim.o
                0x0000000008001ba8                HAL_TIM_IRQHandler
 .text.HAL_TIM_OC_DelayElapsedCallback
                0x0000000008001db8       0x12 ./Drivers/STM32F1xx_HAL_Driver/Src/stm32f1xx_hal_tim.o
                0x0000000008001db8                HAL_TIM_OC_DelayElapsedCallback
 .text.HAL_TIM_IC_CaptureCallback
                0x0000000008001dca       0x12 ./Drivers/STM32F1xx_HAL_Driver/Src/stm32f1xx_hal_tim.o
                0x0000000008001dca                HAL_TIM_IC_CaptureCallback
 .text.HAL_TIM_PWM_PulseFinishedCallback
                0x0000000008001ddc       0x12 ./Drivers/STM32F1xx_HAL_Driver/Src/stm32f1xx_hal_tim.o
                0x0000000008001ddc                HAL_TIM_PWM_PulseFinishedCallback
 .text.HAL_TIM_TriggerCallback
                0x0000000008001dee       0x12 ./Drivers/STM32F1xx_HAL_Driver/Src/stm32f1xx_hal_tim.o
                0x0000000008001dee                HAL_TIM_TriggerCallback
 .text.TIM_Base_SetConfig
                0x0000000008001e00       0xc4 ./Drivers/STM32F1xx_HAL_Driver/Src/stm32f1xx_hal_tim.o
                0x0000000008001e00                TIM_Base_SetConfig
 .text.HAL_TIMEx_CommutCallback
                0x0000000008001ec4       0x12 ./Drivers/STM32F1xx_HAL_Driver/Src/stm32f1xx_hal_tim_ex.o
                0x0000000008001ec4                HAL_TIMEx_CommutCallback
 .text.HAL_TIMEx_BreakCallback
                0x0000000008001ed6       0x12 ./Drivers/STM32F1xx_HAL_Driver/Src/stm32f1xx_hal_tim_ex.o
                0x0000000008001ed6                HAL_TIMEx_BreakCallback
 .text.osKernelInitialize
                0x0000000008001ee8       0x64 ./Middlewares/Third_Party/FreeRTOS/Source/CMSIS_RTOS_V2/cmsis_os2.o
                0x0000000008001ee8                osKernelInitialize
 .text.osKernelStart
                0x0000000008001f4c       0x68 ./Middlewares/Third_Party/FreeRTOS/Source/CMSIS_RTOS_V2/cmsis_os2.o
                0x0000000008001f4c                osKernelStart
 .text.osThreadNew
                0x0000000008001fb4      0x154 ./Middlewares/Third_Party/FreeRTOS/Source/CMSIS_RTOS_V2/cmsis_os2.o
                0x0000000008001fb4                osThreadNew
 .text.osDelay  0x0000000008002108       0x5c ./Middlewares/Third_Party/FreeRTOS/Source/CMSIS_RTOS_V2/cmsis_os2.o
                0x0000000008002108                osDelay
 .text.TimerCallback
                0x0000000008002164       0x2a ./Middlewares/Third_Party/FreeRTOS/Source/CMSIS_RTOS_V2/cmsis_os2.o
 *fill*         0x000000000800218e        0x2 
 .text.osTimerNew
                0x0000000008002190      0x108 ./Middlewares/Third_Party/FreeRTOS/Source/CMSIS_RTOS_V2/cmsis_os2.o
                0x0000000008002190                osTimerNew
 .text.osTimerStart
                0x0000000008002298       0x80 ./Middlewares/Third_Party/FreeRTOS/Source/CMSIS_RTOS_V2/cmsis_os2.o
                0x0000000008002298                osTimerStart
 .text.osMessageQueueNew
                0x0000000008002318      0x10c ./Middlewares/Third_Party/FreeRTOS/Source/CMSIS_RTOS_V2/cmsis_os2.o
                0x0000000008002318                osMessageQueueNew
 .text.vApplicationGetIdleTaskMemory
                0x0000000008002424       0x30 ./Middlewares/Third_Party/FreeRTOS/Source/CMSIS_RTOS_V2/cmsis_os2.o
                0x0000000008002424                vApplicationGetIdleTaskMemory
 .text.vApplicationGetTimerTaskMemory
                0x0000000008002454       0x34 ./Middlewares/Third_Party/FreeRTOS/Source/CMSIS_RTOS_V2/cmsis_os2.o
                0x0000000008002454                vApplicationGetTimerTaskMemory
 .text.vListInitialise
                0x0000000008002488       0x3e ./Middlewares/Third_Party/FreeRTOS/Source/list.o
                0x0000000008002488                vListInitialise
 .text.vListInitialiseItem
                0x00000000080024c6       0x18 ./Middlewares/Third_Party/FreeRTOS/Source/list.o
                0x00000000080024c6                vListInitialiseItem
 .text.vListInsertEnd
                0x00000000080024de       0x46 ./Middlewares/Third_Party/FreeRTOS/Source/list.o
                0x00000000080024de                vListInsertEnd
 .text.vListInsert
                0x0000000008002524       0x70 ./Middlewares/Third_Party/FreeRTOS/Source/list.o
                0x0000000008002524                vListInsert
 .text.uxListRemove
                0x0000000008002594       0x52 ./Middlewares/Third_Party/FreeRTOS/Source/list.o
                0x0000000008002594                uxListRemove
 *fill*         0x00000000080025e6        0x2 
 .text.xQueueGenericReset
                0x00000000080025e8       0xd0 ./Middlewares/Third_Party/FreeRTOS/Source/queue.o
                0x00000000080025e8                xQueueGenericReset
 .text.xQueueGenericCreateStatic
                0x00000000080026b8       0xee ./Middlewares/Third_Party/FreeRTOS/Source/queue.o
                0x00000000080026b8                xQueueGenericCreateStatic
 .text.xQueueGenericCreate
                0x00000000080027a6       0x7c ./Middlewares/Third_Party/FreeRTOS/Source/queue.o
                0x00000000080027a6                xQueueGenericCreate
 .text.prvInitialiseNewQueue
                0x0000000008002822       0x46 ./Middlewares/Third_Party/FreeRTOS/Source/queue.o
 .text.xQueueGenericSend
                0x0000000008002868      0x1fc ./Middlewares/Third_Party/FreeRTOS/Source/queue.o
                0x0000000008002868                xQueueGenericSend
 .text.xQueueGenericSendFromISR
                0x0000000008002a64      0x130 ./Middlewares/Third_Party/FreeRTOS/Source/queue.o
                0x0000000008002a64                xQueueGenericSendFromISR
 .text.xQueueReceive
                0x0000000008002b94      0x1c0 ./Middlewares/Third_Party/FreeRTOS/Source/queue.o
                0x0000000008002b94                xQueueReceive
 .text.prvCopyDataToQueue
                0x0000000008002d54       0xd4 ./Middlewares/Third_Party/FreeRTOS/Source/queue.o
 .text.prvCopyDataFromQueue
                0x0000000008002e28       0x4c ./Middlewares/Third_Party/FreeRTOS/Source/queue.o
 .text.prvUnlockQueue
                0x0000000008002e74       0xa4 ./Middlewares/Third_Party/FreeRTOS/Source/queue.o
 .text.prvIsQueueEmpty
                0x0000000008002f18       0x2c ./Middlewares/Third_Party/FreeRTOS/Source/queue.o
 .text.prvIsQueueFull
                0x0000000008002f44       0x30 ./Middlewares/Third_Party/FreeRTOS/Source/queue.o
 .text.vQueueAddToRegistry
                0x0000000008002f74       0x50 ./Middlewares/Third_Party/FreeRTOS/Source/queue.o
                0x0000000008002f74                vQueueAddToRegistry
 .text.vQueueWaitForMessageRestricted
                0x0000000008002fc4       0x68 ./Middlewares/Third_Party/FreeRTOS/Source/queue.o
                0x0000000008002fc4                vQueueWaitForMessageRestricted
 .text.xTaskCreateStatic
                0x000000000800302c       0xb8 ./Middlewares/Third_Party/FreeRTOS/Source/tasks.o
                0x000000000800302c                xTaskCreateStatic
 .text.xTaskCreate
                0x00000000080030e4       0x8a ./Middlewares/Third_Party/FreeRTOS/Source/tasks.o
                0x00000000080030e4                xTaskCreate
 *fill*         0x000000000800316e        0x2 
 .text.prvInitialiseNewTask
                0x0000000008003170      0x13c ./Middlewares/Third_Party/FreeRTOS/Source/tasks.o
 .text.prvAddNewTaskToReadyList
                0x00000000080032ac       0xe0 ./Middlewares/Third_Party/FreeRTOS/Source/tasks.o
 .text.vTaskDelay
                0x000000000800338c       0x68 ./Middlewares/Third_Party/FreeRTOS/Source/tasks.o
                0x000000000800338c                vTaskDelay
 .text.vTaskStartScheduler
                0x00000000080033f4       0xe0 ./Middlewares/Third_Party/FreeRTOS/Source/tasks.o
                0x00000000080033f4                vTaskStartScheduler
 .text.vTaskSuspendAll
                0x00000000080034d4       0x1c ./Middlewares/Third_Party/FreeRTOS/Source/tasks.o
                0x00000000080034d4                vTaskSuspendAll
 .text.xTaskResumeAll
                0x00000000080034f0      0x13c ./Middlewares/Third_Party/FreeRTOS/Source/tasks.o
                0x00000000080034f0                xTaskResumeAll
 .text.xTaskGetTickCount
                0x000000000800362c       0x1c ./Middlewares/Third_Party/FreeRTOS/Source/tasks.o
                0x000000000800362c                xTaskGetTickCount
 .text.xTaskIncrementTick
                0x0000000008003648      0x17c ./Middlewares/Third_Party/FreeRTOS/Source/tasks.o
                0x0000000008003648                xTaskIncrementTick
 .text.vTaskSwitchContext
                0x00000000080037c4       0xc8 ./Middlewares/Third_Party/FreeRTOS/Source/tasks.o
                0x00000000080037c4                vTaskSwitchContext
 .text.vTaskPlaceOnEventList
                0x000000000800388c       0x48 ./Middlewares/Third_Party/FreeRTOS/Source/tasks.o
                0x000000000800388c                vTaskPlaceOnEventList
 .text.vTaskPlaceOnEventListRestricted
                0x00000000080038d4       0x58 ./Middlewares/Third_Party/FreeRTOS/Source/tasks.o
                0x00000000080038d4                vTaskPlaceOnEventListRestricted
 .text.xTaskRemoveFromEventList
                0x000000000800392c       0xc8 ./Middlewares/Third_Party/FreeRTOS/Source/tasks.o
                0x000000000800392c                xTaskRemoveFromEventList
 .text.vTaskInternalSetTimeOutState
                0x00000000080039f4       0x2c ./Middlewares/Third_Party/FreeRTOS/Source/tasks.o
                0x00000000080039f4                vTaskInternalSetTimeOutState
 .text.xTaskCheckForTimeOut
                0x0000000008003a20       0xc4 ./Middlewares/Third_Party/FreeRTOS/Source/tasks.o
                0x0000000008003a20                xTaskCheckForTimeOut
 .text.vTaskMissedYield
                0x0000000008003ae4       0x18 ./Middlewares/Third_Party/FreeRTOS/Source/tasks.o
                0x0000000008003ae4                vTaskMissedYield
 .text.prvIdleTask
                0x0000000008003afc       0x30 ./Middlewares/Third_Party/FreeRTOS/Source/tasks.o
 .text.prvInitialiseTaskLists
                0x0000000008003b2c       0x80 ./Middlewares/Third_Party/FreeRTOS/Source/tasks.o
 .text.prvCheckTasksWaitingTermination
                0x0000000008003bac       0x5c ./Middlewares/Third_Party/FreeRTOS/Source/tasks.o
 .text.prvDeleteTCB
                0x0000000008003c08       0x68 ./Middlewares/Third_Party/FreeRTOS/Source/tasks.o
 .text.prvResetNextTaskUnblockTime
                0x0000000008003c70       0x48 ./Middlewares/Third_Party/FreeRTOS/Source/tasks.o
 .text.xTaskGetSchedulerState
                0x0000000008003cb8       0x3c ./Middlewares/Third_Party/FreeRTOS/Source/tasks.o
                0x0000000008003cb8                xTaskGetSchedulerState
 .text.xTaskPriorityDisinherit
                0x0000000008003cf4       0xdc ./Middlewares/Third_Party/FreeRTOS/Source/tasks.o
                0x0000000008003cf4                xTaskPriorityDisinherit
 .text.prvAddCurrentTaskToDelayedList
                0x0000000008003dd0       0xa8 ./Middlewares/Third_Party/FreeRTOS/Source/tasks.o
 .text.xTimerCreateTimerTask
                0x0000000008003e78       0x90 ./Middlewares/Third_Party/FreeRTOS/Source/timers.o
                0x0000000008003e78                xTimerCreateTimerTask
 .text.xTimerCreate
                0x0000000008003f08       0x42 ./Middlewares/Third_Party/FreeRTOS/Source/timers.o
                0x0000000008003f08                xTimerCreate
 .text.xTimerCreateStatic
                0x0000000008003f4a       0x7a ./Middlewares/Third_Party/FreeRTOS/Source/timers.o
                0x0000000008003f4a                xTimerCreateStatic
 .text.prvInitialiseNewTimer
                0x0000000008003fc4       0x64 ./Middlewares/Third_Party/FreeRTOS/Source/timers.o
 .text.xTimerGenericCommand
                0x0000000008004028       0x9c ./Middlewares/Third_Party/FreeRTOS/Source/timers.o
                0x0000000008004028                xTimerGenericCommand
 .text.prvProcessExpiredTimer
                0x00000000080040c4       0x80 ./Middlewares/Third_Party/FreeRTOS/Source/timers.o
 .text.prvTimerTask
                0x0000000008004144       0x24 ./Middlewares/Third_Party/FreeRTOS/Source/timers.o
 .text.prvProcessTimerOrBlockTask
                0x0000000008004168       0x9c ./Middlewares/Third_Party/FreeRTOS/Source/timers.o
 .text.prvGetNextExpireTime
                0x0000000008004204       0x48 ./Middlewares/Third_Party/FreeRTOS/Source/timers.o
 .text.prvSampleTimeNow
                0x000000000800424c       0x40 ./Middlewares/Third_Party/FreeRTOS/Source/timers.o
 .text.prvInsertTimerInActiveList
                0x000000000800428c       0x84 ./Middlewares/Third_Party/FreeRTOS/Source/timers.o
 .text.prvProcessReceivedCommands
                0x0000000008004310      0x168 ./Middlewares/Third_Party/FreeRTOS/Source/timers.o
 .text.prvSwitchTimerLists
                0x0000000008004478       0xc4 ./Middlewares/Third_Party/FreeRTOS/Source/timers.o
 .text.prvCheckForValidListAndQueue
                0x000000000800453c       0x80 ./Middlewares/Third_Party/FreeRTOS/Source/timers.o
 .text.pvTimerGetTimerID
                0x00000000080045bc       0x40 ./Middlewares/Third_Party/FreeRTOS/Source/timers.o
                0x00000000080045bc                pvTimerGetTimerID
 .text.pxPortInitialiseStack
                0x00000000080045fc       0x58 ./Middlewares/Third_Party/FreeRTOS/Source/portable/GCC/ARM_CM3/port.o
                0x00000000080045fc                pxPortInitialiseStack
 .text.prvTaskExitError
                0x0000000008004654       0x58 ./Middlewares/Third_Party/FreeRTOS/Source/portable/GCC/ARM_CM3/port.o
 *fill*         0x00000000080046ac        0x4 
 .text.SVC_Handler
                0x00000000080046b0       0x28 ./Middlewares/Third_Party/FreeRTOS/Source/portable/GCC/ARM_CM3/port.o
                0x00000000080046b0                SVC_Handler
 .text.prvPortStartFirstTask
                0x00000000080046d8       0x20 ./Middlewares/Third_Party/FreeRTOS/Source/portable/GCC/ARM_CM3/port.o
 .text.xPortStartScheduler
                0x00000000080046f8       0xe4 ./Middlewares/Third_Party/FreeRTOS/Source/portable/GCC/ARM_CM3/port.o
                0x00000000080046f8                xPortStartScheduler
 .text.vPortEnterCritical
                0x00000000080047dc       0x60 ./Middlewares/Third_Party/FreeRTOS/Source/portable/GCC/ARM_CM3/port.o
                0x00000000080047dc                vPortEnterCritical
 .text.vPortExitCritical
                0x000000000800483c       0x50 ./Middlewares/Third_Party/FreeRTOS/Source/portable/GCC/ARM_CM3/port.o
                0x000000000800483c                vPortExitCritical
 *fill*         0x000000000800488c        0x4 
 .text.PendSV_Handler
                0x0000000008004890       0x48 ./Middlewares/Third_Party/FreeRTOS/Source/portable/GCC/ARM_CM3/port.o
                0x0000000008004890                PendSV_Handler
 .text.SysTick_Handler
                0x00000000080048d8       0x44 ./Middlewares/Third_Party/FreeRTOS/Source/portable/GCC/ARM_CM3/port.o
                0x00000000080048d8                SysTick_Handler
 .text.vPortSetupTimerInterrupt
                0x000000000800491c       0x44 ./Middlewares/Third_Party/FreeRTOS/Source/portable/GCC/ARM_CM3/port.o
                0x000000000800491c                vPortSetupTimerInterrupt
 .text.vPortValidateInterruptPriority
                0x0000000008004960       0x7c ./Middlewares/Third_Party/FreeRTOS/Source/portable/GCC/ARM_CM3/port.o
                0x0000000008004960                vPortValidateInterruptPriority
 .text.pvPortMalloc
                0x00000000080049dc      0x188 ./Middlewares/Third_Party/FreeRTOS/Source/portable/MemMang/heap_4.o
                0x00000000080049dc                pvPortMalloc
 .text.vPortFree
                0x0000000008004b64       0xb4 ./Middlewares/Third_Party/FreeRTOS/Source/portable/MemMang/heap_4.o
                0x0000000008004b64                vPortFree
 .text.prvHeapInit
                0x0000000008004c18       0xc4 ./Middlewares/Third_Party/FreeRTOS/Source/portable/MemMang/heap_4.o
 .text.prvInsertBlockIntoFreeList
                0x0000000008004cdc       0xb0 ./Middlewares/Third_Party/FreeRTOS/Source/portable/MemMang/heap_4.o
 .text.memset   0x0000000008004d8c       0x10 /opt/st/stm32cubeide_1.14.0/plugins/com.st.stm32cube.ide.mcu.externaltools.gnu-tools-for-stm32.11.3.rel1.linux64_1.1.100.202309141235/tools/bin/../lib/gcc/arm-none-eabi/11.3.1/../../../../arm-none-eabi/lib/thumb/v7-m/nofp/libc_nano.a(libc_a-memset.o)
                0x0000000008004d8c                memset
 .text._reclaim_reent
                0x0000000008004d9c       0xac /opt/st/stm32cubeide_1.14.0/plugins/com.st.stm32cube.ide.mcu.externaltools.gnu-tools-for-stm32.11.3.rel1.linux64_1.1.100.202309141235/tools/bin/../lib/gcc/arm-none-eabi/11.3.1/../../../../arm-none-eabi/lib/thumb/v7-m/nofp/libc_nano.a(libc_a-reent.o)
                0x0000000008004d9c                _reclaim_reent
 .text.__libc_init_array
                0x0000000008004e48       0x48 /opt/st/stm32cubeide_1.14.0/plugins/com.st.stm32cube.ide.mcu.externaltools.gnu-tools-for-stm32.11.3.rel1.linux64_1.1.100.202309141235/tools/bin/../lib/gcc/arm-none-eabi/11.3.1/../../../../arm-none-eabi/lib/thumb/v7-m/nofp/libc_nano.a(libc_a-init.o)
                0x0000000008004e48                __libc_init_array
 .text.__retarget_lock_acquire_recursive
                0x0000000008004e90        0x2 /opt/st/stm32cubeide_1.14.0/plugins/com.st.stm32cube.ide.mcu.externaltools.gnu-tools-for-stm32.11.3.rel1.linux64_1.1.100.202309141235/tools/bin/../lib/gcc/arm-none-eabi/11.3.1/../../../../arm-none-eabi/lib/thumb/v7-m/nofp/libc_nano.a(libc_a-lock.o)
                0x0000000008004e90                __retarget_lock_acquire_recursive
 .text.__retarget_lock_release_recursive
                0x0000000008004e92        0x2 /opt/st/stm32cubeide_1.14.0/plugins/com.st.stm32cube.ide.mcu.externaltools.gnu-tools-for-stm32.11.3.rel1.linux64_1.1.100.202309141235/tools/bin/../lib/gcc/arm-none-eabi/11.3.1/../../../../arm-none-eabi/lib/thumb/v7-m/nofp/libc_nano.a(libc_a-lock.o)
                0x0000000008004e92                __retarget_lock_release_recursive
 .text.memcpy   0x0000000008004e94       0x1c /opt/st/stm32cubeide_1.14.0/plugins/com.st.stm32cube.ide.mcu.externaltools.gnu-tools-for-stm32.11.3.rel1.linux64_1.1.100.202309141235/tools/bin/../lib/gcc/arm-none-eabi/11.3.1/../../../../arm-none-eabi/lib/thumb/v7-m/nofp/libc_nano.a(libc_a-memcpy-stub.o)
                0x0000000008004e94                memcpy
 .text._free_r  0x0000000008004eb0       0x90 /opt/st/stm32cubeide_1.14.0/plugins/com.st.stm32cube.ide.mcu.externaltools.gnu-tools-for-stm32.11.3.rel1.linux64_1.1.100.202309141235/tools/bin/../lib/gcc/arm-none-eabi/11.3.1/../../../../arm-none-eabi/lib/thumb/v7-m/nofp/libc_nano.a(libc_a-freer.o)
                0x0000000008004eb0                _free_r
 .text.__malloc_lock
                0x0000000008004f40        0xc /opt/st/stm32cubeide_1.14.0/plugins/com.st.stm32cube.ide.mcu.externaltools.gnu-tools-for-stm32.11.3.rel1.linux64_1.1.100.202309141235/tools/bin/../lib/gcc/arm-none-eabi/11.3.1/../../../../arm-none-eabi/lib/thumb/v7-m/nofp/libc_nano.a(libc_a-mlock.o)
                0x0000000008004f40                __malloc_lock
 .text.__malloc_unlock
                0x0000000008004f4c        0xc /opt/st/stm32cubeide_1.14.0/plugins/com.st.stm32cube.ide.mcu.externaltools.gnu-tools-for-stm32.11.3.rel1.linux64_1.1.100.202309141235/tools/bin/../lib/gcc/arm-none-eabi/11.3.1/../../../../arm-none-eabi/lib/thumb/v7-m/nofp/libc_nano.a(libc_a-mlock.o)
                0x0000000008004f4c                __malloc_unlock
 *(.glue_7)
 .glue_7        0x0000000008004f58        0x0 linker stubs
 *(.glue_7t)
 .glue_7t       0x0000000008004f58        0x0 linker stubs
 *(.eh_frame)
 .eh_frame      0x0000000008004f58        0x0 /opt/st/stm32cubeide_1.14.0/plugins/com.st.stm32cube.ide.mcu.externaltools.gnu-tools-for-stm32.11.3.rel1.linux64_1.1.100.202309141235/tools/bin/../lib/gcc/arm-none-eabi/11.3.1/thumb/v7-m/nofp/crtbegin.o
 *(.init)
 .init          0x0000000008004f58        0x4 /opt/st/stm32cubeide_1.14.0/plugins/com.st.stm32cube.ide.mcu.externaltools.gnu-tools-for-stm32.11.3.rel1.linux64_1.1.100.202309141235/tools/bin/../lib/gcc/arm-none-eabi/11.3.1/thumb/v7-m/nofp/crti.o
                0x0000000008004f58                _init
 .init          0x0000000008004f5c        0x8 /opt/st/stm32cubeide_1.14.0/plugins/com.st.stm32cube.ide.mcu.externaltools.gnu-tools-for-stm32.11.3.rel1.linux64_1.1.100.202309141235/tools/bin/../lib/gcc/arm-none-eabi/11.3.1/thumb/v7-m/nofp/crtn.o
 *(.fini)
 .fini          0x0000000008004f64        0x4 /opt/st/stm32cubeide_1.14.0/plugins/com.st.stm32cube.ide.mcu.externaltools.gnu-tools-for-stm32.11.3.rel1.linux64_1.1.100.202309141235/tools/bin/../lib/gcc/arm-none-eabi/11.3.1/thumb/v7-m/nofp/crti.o
                0x0000000008004f64                _fini
 .fini          0x0000000008004f68        0x8 /opt/st/stm32cubeide_1.14.0/plugins/com.st.stm32cube.ide.mcu.externaltools.gnu-tools-for-stm32.11.3.rel1.linux64_1.1.100.202309141235/tools/bin/../lib/gcc/arm-none-eabi/11.3.1/thumb/v7-m/nofp/crtn.o
                0x0000000008004f70                . = ALIGN (0x4)
                0x0000000008004f70                _etext = .

.vfp11_veneer   0x0000000008004f70        0x0
 .vfp11_veneer  0x0000000008004f70        0x0 linker stubs

.v4_bx          0x0000000008004f70        0x0
 .v4_bx         0x0000000008004f70        0x0 linker stubs

.iplt           0x0000000008004f70        0x0
 .iplt          0x0000000008004f70        0x0 /opt/st/stm32cubeide_1.14.0/plugins/com.st.stm32cube.ide.mcu.externaltools.gnu-tools-for-stm32.11.3.rel1.linux64_1.1.100.202309141235/tools/bin/../lib/gcc/arm-none-eabi/11.3.1/thumb/v7-m/nofp/crtbegin.o

.rodata         0x0000000008004f70      0x2c8
                0x0000000008004f70                . = ALIGN (0x4)
 *(.rodata)
 .rodata        0x0000000008004f70       0xd0 ./Core/Src/main.o
 .rodata        0x0000000008005040        0x5 ./Middlewares/Third_Party/FreeRTOS/Source/tasks.o
 *fill*         0x0000000008005045        0x3 
 .rodata        0x0000000008005048        0xd ./Middlewares/Third_Party/FreeRTOS/Source/timers.o
 *(.rodata*)
 *fill*         0x0000000008005055        0x3 
 .rodata.TaskBlinkLong_attributes
                0x0000000008005058       0x24 ./Core/Src/main.o
                0x0000000008005058                TaskBlinkLong_attributes
 .rodata.TaskBlinkShort_attributes
                0x000000000800507c       0x24 ./Core/Src/main.o
                0x000000000800507c                TaskBlinkShort_attributes
 .rodata.TaskBlinkReal_attributes
                0x00000000080050a0       0x24 ./Core/Src/main.o
                0x00000000080050a0                TaskBlinkReal_attributes
 .rodata.TaskStart_attributes
                0x00000000080050c4       0x24 ./Core/Src/main.o
                0x00000000080050c4                TaskStart_attributes
 .rodata.TaskTimerEvent_attributes
                0x00000000080050e8       0x24 ./Core/Src/main.o
                0x00000000080050e8                TaskTimerEvent_attributes
 .rodata.TaskStartFSM1_attributes
                0x000000000800510c       0x24 ./Core/Src/main.o
                0x000000000800510c                TaskStartFSM1_attributes
 .rodata.TaskStartFSM2_attributes
                0x0000000008005130       0x24 ./Core/Src/main.o
                0x0000000008005130                TaskStartFSM2_attributes
 .rodata.myQueue0_attributes
                0x0000000008005154       0x18 ./Core/Src/main.o
                0x0000000008005154                myQueue0_attributes
 .rodata.myQueue1_attributes
                0x000000000800516c       0x18 ./Core/Src/main.o
                0x000000000800516c                myQueue1_attributes
 .rodata.myQueue2_attributes
                0x0000000008005184       0x18 ./Core/Src/main.o
                0x0000000008005184                myQueue2_attributes
 .rodata.myQueue3_attributes
                0x000000000800519c       0x18 ./Core/Src/main.o
                0x000000000800519c                myQueue3_attributes
 .rodata.myQueue4_attributes
                0x00000000080051b4       0x18 ./Core/Src/main.o
                0x00000000080051b4                myQueue4_attributes
 .rodata.myQueue5_attributes
                0x00000000080051cc       0x18 ./Core/Src/main.o
                0x00000000080051cc                myQueue5_attributes
 .rodata.myQueue6_attributes
                0x00000000080051e4       0x18 ./Core/Src/main.o
                0x00000000080051e4                myQueue6_attributes
 .rodata.TimerBlinkDelay_attributes
                0x00000000080051fc       0x10 ./Core/Src/main.o
                0x00000000080051fc                TimerBlinkDelay_attributes
 .rodata.AHBPrescTable
                0x000000000800520c       0x10 ./Core/Src/system_stm32f1xx.o
                0x000000000800520c                AHBPrescTable
 .rodata.APBPrescTable
                0x000000000800521c        0x8 ./Core/Src/system_stm32f1xx.o
                0x000000000800521c                APBPrescTable
 .rodata.aPLLMULFactorTable.1
                0x0000000008005224       0x10 ./Drivers/STM32F1xx_HAL_Driver/Src/stm32f1xx_hal_rcc.o
 .rodata.aPredivFactorTable.0
                0x0000000008005234        0x2 ./Drivers/STM32F1xx_HAL_Driver/Src/stm32f1xx_hal_rcc.o
                0x0000000008005238                . = ALIGN (0x4)
 *fill*         0x0000000008005236        0x2 

.rel.dyn        0x0000000008005238        0x0
 .rel.iplt      0x0000000008005238        0x0 /opt/st/stm32cubeide_1.14.0/plugins/com.st.stm32cube.ide.mcu.externaltools.gnu-tools-for-stm32.11.3.rel1.linux64_1.1.100.202309141235/tools/bin/../lib/gcc/arm-none-eabi/11.3.1/thumb/v7-m/nofp/crtbegin.o

.ARM.extab      0x0000000008005238        0x0
                0x0000000008005238                . = ALIGN (0x4)
 *(.ARM.extab* .gnu.linkonce.armextab.*)
                0x0000000008005238                . = ALIGN (0x4)

.ARM            0x0000000008005238        0x0
                0x0000000008005238                . = ALIGN (0x4)
                0x0000000008005238                __exidx_start = .
 *(.ARM.exidx*)
                0x0000000008005238                __exidx_end = .
                0x0000000008005238                . = ALIGN (0x4)

.preinit_array  0x0000000008005238        0x0
                0x0000000008005238                . = ALIGN (0x4)
                0x0000000008005238                PROVIDE (__preinit_array_start = .)
 *(.preinit_array*)
                0x0000000008005238                PROVIDE (__preinit_array_end = .)
                0x0000000008005238                . = ALIGN (0x4)

.init_array     0x0000000008005238        0x4
                0x0000000008005238                . = ALIGN (0x4)
                0x0000000008005238                PROVIDE (__init_array_start = .)
 *(SORT_BY_NAME(.init_array.*))
 *(.init_array*)
 .init_array    0x0000000008005238        0x4 /opt/st/stm32cubeide_1.14.0/plugins/com.st.stm32cube.ide.mcu.externaltools.gnu-tools-for-stm32.11.3.rel1.linux64_1.1.100.202309141235/tools/bin/../lib/gcc/arm-none-eabi/11.3.1/thumb/v7-m/nofp/crtbegin.o
                0x000000000800523c                PROVIDE (__init_array_end = .)
                0x000000000800523c                . = ALIGN (0x4)

.fini_array     0x000000000800523c        0x4
                0x000000000800523c                . = ALIGN (0x4)
                [!provide]                        PROVIDE (__fini_array_start = .)
 *(SORT_BY_NAME(.fini_array.*))
 *(.fini_array*)
 .fini_array    0x000000000800523c        0x4 /opt/st/stm32cubeide_1.14.0/plugins/com.st.stm32cube.ide.mcu.externaltools.gnu-tools-for-stm32.11.3.rel1.linux64_1.1.100.202309141235/tools/bin/../lib/gcc/arm-none-eabi/11.3.1/thumb/v7-m/nofp/crtbegin.o
                [!provide]                        PROVIDE (__fini_array_end = .)
                0x0000000008005240                . = ALIGN (0x4)
                0x0000000008005240                _sidata = LOADADDR (.data)

.data           0x0000000020000000       0x68 load address 0x0000000008005240
                0x0000000020000000                . = ALIGN (0x4)
                0x0000000020000000                _sdata = .
 *(.data)
 *(.data*)
 .data.arrState
                0x0000000020000000        0x8 ./Core/Src/main.o
                0x0000000020000000                arrState
 .data.SystemCoreClock
                0x0000000020000008        0x4 ./Core/Src/system_stm32f1xx.o
                0x0000000020000008                SystemCoreClock
 .data.uwTickPrio
                0x000000002000000c        0x4 ./Drivers/STM32F1xx_HAL_Driver/Src/stm32f1xx_hal.o
                0x000000002000000c                uwTickPrio
 .data.uwTickFreq
                0x0000000020000010        0x1 ./Drivers/STM32F1xx_HAL_Driver/Src/stm32f1xx_hal.o
                0x0000000020000010                uwTickFreq
 *fill*         0x0000000020000011        0x3 
 .data.uxCriticalNesting
                0x0000000020000014        0x4 ./Middlewares/Third_Party/FreeRTOS/Source/portable/GCC/ARM_CM3/port.o
 .data._impure_data
                0x0000000020000018       0x4c /opt/st/stm32cubeide_1.14.0/plugins/com.st.stm32cube.ide.mcu.externaltools.gnu-tools-for-stm32.11.3.rel1.linux64_1.1.100.202309141235/tools/bin/../lib/gcc/arm-none-eabi/11.3.1/../../../../arm-none-eabi/lib/thumb/v7-m/nofp/libc_nano.a(libc_a-impure.o)
                0x0000000020000018                _impure_data
 .data._impure_ptr
                0x0000000020000064        0x4 /opt/st/stm32cubeide_1.14.0/plugins/com.st.stm32cube.ide.mcu.externaltools.gnu-tools-for-stm32.11.3.rel1.linux64_1.1.100.202309141235/tools/bin/../lib/gcc/arm-none-eabi/11.3.1/../../../../arm-none-eabi/lib/thumb/v7-m/nofp/libc_nano.a(libc_a-impure.o)
                0x0000000020000064                _impure_ptr
 *(.RamFunc)
 *(.RamFunc*)
                0x0000000020000068                . = ALIGN (0x4)
                0x0000000020000068                _edata = .

.igot.plt       0x0000000020000068        0x0 load address 0x00000000080052a8
 .igot.plt      0x0000000020000068        0x0 /opt/st/stm32cubeide_1.14.0/plugins/com.st.stm32cube.ide.mcu.externaltools.gnu-tools-for-stm32.11.3.rel1.linux64_1.1.100.202309141235/tools/bin/../lib/gcc/arm-none-eabi/11.3.1/thumb/v7-m/nofp/crtbegin.o
                0x0000000020000068                . = ALIGN (0x4)

.bss            0x0000000020000068     0x35b4 load address 0x00000000080052a8
                0x0000000020000068                _sbss = .
                0x0000000020000068                __bss_start__ = _sbss
 *(.bss)
 .bss           0x0000000020000068       0x1c /opt/st/stm32cubeide_1.14.0/plugins/com.st.stm32cube.ide.mcu.externaltools.gnu-tools-for-stm32.11.3.rel1.linux64_1.1.100.202309141235/tools/bin/../lib/gcc/arm-none-eabi/11.3.1/thumb/v7-m/nofp/crtbegin.o
 *(.bss*)
 .bss.TaskBlinkLongHandle
                0x0000000020000084        0x4 ./Core/Src/main.o
                0x0000000020000084                TaskBlinkLongHandle
 .bss.TaskBlinkLongBuffer
                0x0000000020000088      0x2a0 ./Core/Src/main.o
                0x0000000020000088                TaskBlinkLongBuffer
 .bss.TaskBlinkLongControlBlock
                0x0000000020000328       0xa8 ./Core/Src/main.o
                0x0000000020000328                TaskBlinkLongControlBlock
 .bss.TaskBlinkShortHandle
                0x00000000200003d0        0x4 ./Core/Src/main.o
                0x00000000200003d0                TaskBlinkShortHandle
 .bss.TaskBlinkShortBuffer
                0x00000000200003d4      0x2a0 ./Core/Src/main.o
                0x00000000200003d4                TaskBlinkShortBuffer
 .bss.TaskBlinkShortControlBlock
                0x0000000020000674       0xa8 ./Core/Src/main.o
                0x0000000020000674                TaskBlinkShortControlBlock
 .bss.TaskBlinkRealHandle
                0x000000002000071c        0x4 ./Core/Src/main.o
                0x000000002000071c                TaskBlinkRealHandle
 .bss.TaskBlinkRealBuffer
                0x0000000020000720      0x2a0 ./Core/Src/main.o
                0x0000000020000720                TaskBlinkRealBuffer
 .bss.TaskBlinkRealControlBlock
                0x00000000200009c0       0xa8 ./Core/Src/main.o
                0x00000000200009c0                TaskBlinkRealControlBlock
 .bss.TaskStartHandle
                0x0000000020000a68        0x4 ./Core/Src/main.o
                0x0000000020000a68                TaskStartHandle
 .bss.TaskStartBuffer
                0x0000000020000a6c      0x2a0 ./Core/Src/main.o
                0x0000000020000a6c                TaskStartBuffer
 .bss.TaskStartControlBlock
                0x0000000020000d0c       0xa8 ./Core/Src/main.o
                0x0000000020000d0c                TaskStartControlBlock
 .bss.TaskTimerEventHandle
                0x0000000020000db4        0x4 ./Core/Src/main.o
                0x0000000020000db4                TaskTimerEventHandle
 .bss.TaskTimerEventBuffer
                0x0000000020000db8      0x2a0 ./Core/Src/main.o
                0x0000000020000db8                TaskTimerEventBuffer
 .bss.TaskTimerEventControlBlock
                0x0000000020001058       0xa8 ./Core/Src/main.o
                0x0000000020001058                TaskTimerEventControlBlock
 .bss.TaskStartFSM1Handle
                0x0000000020001100        0x4 ./Core/Src/main.o
                0x0000000020001100                TaskStartFSM1Handle
 .bss.TaskStartFSM1Buffer
                0x0000000020001104      0x2a0 ./Core/Src/main.o
                0x0000000020001104                TaskStartFSM1Buffer
 .bss.TaskStartFSM1ControlBlock
                0x00000000200013a4       0xa8 ./Core/Src/main.o
                0x00000000200013a4                TaskStartFSM1ControlBlock
 .bss.TaskStartFSM2Handle
                0x000000002000144c        0x4 ./Core/Src/main.o
                0x000000002000144c                TaskStartFSM2Handle
 .bss.TaskStartFSM2Buffer
                0x0000000020001450      0x2a0 ./Core/Src/main.o
                0x0000000020001450                TaskStartFSM2Buffer
 .bss.TaskStartFSM2ControlBlock
                0x00000000200016f0       0xa8 ./Core/Src/main.o
                0x00000000200016f0                TaskStartFSM2ControlBlock
 .bss.myQueue0Handle
                0x0000000020001798        0x4 ./Core/Src/main.o
                0x0000000020001798                myQueue0Handle
 .bss.myQueue0Buffer
                0x000000002000179c        0x8 ./Core/Src/main.o
                0x000000002000179c                myQueue0Buffer
 .bss.myQueue0ControlBlock
                0x00000000200017a4       0x50 ./Core/Src/main.o
                0x00000000200017a4                myQueue0ControlBlock
 .bss.myQueue1Handle
                0x00000000200017f4        0x4 ./Core/Src/main.o
                0x00000000200017f4                myQueue1Handle
 .bss.myQueue1Buffer
                0x00000000200017f8        0x8 ./Core/Src/main.o
                0x00000000200017f8                myQueue1Buffer
 .bss.myQueue1ControlBlock
                0x0000000020001800       0x50 ./Core/Src/main.o
                0x0000000020001800                myQueue1ControlBlock
 .bss.myQueue2Handle
                0x0000000020001850        0x4 ./Core/Src/main.o
                0x0000000020001850                myQueue2Handle
 .bss.myQueue2Buffer
                0x0000000020001854        0x8 ./Core/Src/main.o
                0x0000000020001854                myQueue2Buffer
 .bss.myQueue2ControlBlock
                0x000000002000185c       0x50 ./Core/Src/main.o
                0x000000002000185c                myQueue2ControlBlock
 .bss.myQueue3Handle
                0x00000000200018ac        0x4 ./Core/Src/main.o
                0x00000000200018ac                myQueue3Handle
 .bss.myQueue3Buffer
                0x00000000200018b0        0x8 ./Core/Src/main.o
                0x00000000200018b0                myQueue3Buffer
 .bss.myQueue3ControlBlock
                0x00000000200018b8       0x50 ./Core/Src/main.o
                0x00000000200018b8                myQueue3ControlBlock
 .bss.myQueue4Handle
                0x0000000020001908        0x4 ./Core/Src/main.o
                0x0000000020001908                myQueue4Handle
 .bss.myQueue4Buffer
                0x000000002000190c        0x8 ./Core/Src/main.o
                0x000000002000190c                myQueue4Buffer
 .bss.myQueue4ControlBlock
                0x0000000020001914       0x50 ./Core/Src/main.o
                0x0000000020001914                myQueue4ControlBlock
 .bss.myQueue5Handle
                0x0000000020001964        0x4 ./Core/Src/main.o
                0x0000000020001964                myQueue5Handle
 .bss.myQueue5Buffer
                0x0000000020001968        0x8 ./Core/Src/main.o
                0x0000000020001968                myQueue5Buffer
 .bss.myQueue5ControlBlock
                0x0000000020001970       0x50 ./Core/Src/main.o
                0x0000000020001970                myQueue5ControlBlock
 .bss.myQueue6Handle
                0x00000000200019c0        0x4 ./Core/Src/main.o
                0x00000000200019c0                myQueue6Handle
 .bss.myQueue6Buffer
                0x00000000200019c4        0x8 ./Core/Src/main.o
                0x00000000200019c4                myQueue6Buffer
 .bss.myQueue6ControlBlock
                0x00000000200019cc       0x50 ./Core/Src/main.o
                0x00000000200019cc                myQueue6ControlBlock
 .bss.TimerBlinkDelayHandle
                0x0000000020001a1c        0x4 ./Core/Src/main.o
                0x0000000020001a1c                TimerBlinkDelayHandle
 .bss.TimerBlinkDelayControlBlock
                0x0000000020001a20       0x30 ./Core/Src/main.o
                0x0000000020001a20                TimerBlinkDelayControlBlock
 .bss.transitionTable
                0x0000000020001a50        0x7 ./Core/Src/main.o
                0x0000000020001a50                transitionTable
 *fill*         0x0000000020001a57        0x1 
 .bss.transitionEndState
                0x0000000020001a58        0x7 ./Core/Src/main.o
                0x0000000020001a58                transitionEndState
 *fill*         0x0000000020001a5f        0x1 
 .bss.transitionForkState
                0x0000000020001a60       0x31 ./Core/Src/main.o
                0x0000000020001a60                transitionForkState
 *fill*         0x0000000020001a91        0x3 
 .bss.stateQueueMappings
                0x0000000020001a94       0x1c ./Core/Src/main.o
                0x0000000020001a94                stateQueueMappings
 .bss.htim1     0x0000000020001ab0       0x48 ./Core/Src/stm32f1xx_hal_timebase_tim.o
                0x0000000020001ab0                htim1
 .bss.uwTick    0x0000000020001af8        0x4 ./Drivers/STM32F1xx_HAL_Driver/Src/stm32f1xx_hal.o
                0x0000000020001af8                uwTick
 .bss.KernelState
                0x0000000020001afc        0x4 ./Middlewares/Third_Party/FreeRTOS/Source/CMSIS_RTOS_V2/cmsis_os2.o
 .bss.Idle_TCB  0x0000000020001b00       0xa8 ./Middlewares/Third_Party/FreeRTOS/Source/CMSIS_RTOS_V2/cmsis_os2.o
 .bss.Idle_Stack
                0x0000000020001ba8      0x200 ./Middlewares/Third_Party/FreeRTOS/Source/CMSIS_RTOS_V2/cmsis_os2.o
 .bss.Timer_TCB
                0x0000000020001da8       0xa8 ./Middlewares/Third_Party/FreeRTOS/Source/CMSIS_RTOS_V2/cmsis_os2.o
 .bss.Timer_Stack
                0x0000000020001e50      0x400 ./Middlewares/Third_Party/FreeRTOS/Source/CMSIS_RTOS_V2/cmsis_os2.o
 .bss.xQueueRegistry
                0x0000000020002250       0x40 ./Middlewares/Third_Party/FreeRTOS/Source/queue.o
                0x0000000020002250                xQueueRegistry
 .bss.pxCurrentTCB
                0x0000000020002290        0x4 ./Middlewares/Third_Party/FreeRTOS/Source/tasks.o
                0x0000000020002290                pxCurrentTCB
 .bss.pxReadyTasksLists
                0x0000000020002294      0x460 ./Middlewares/Third_Party/FreeRTOS/Source/tasks.o
 .bss.xDelayedTaskList1
                0x00000000200026f4       0x14 ./Middlewares/Third_Party/FreeRTOS/Source/tasks.o
 .bss.xDelayedTaskList2
                0x0000000020002708       0x14 ./Middlewares/Third_Party/FreeRTOS/Source/tasks.o
 .bss.pxDelayedTaskList
                0x000000002000271c        0x4 ./Middlewares/Third_Party/FreeRTOS/Source/tasks.o
 .bss.pxOverflowDelayedTaskList
                0x0000000020002720        0x4 ./Middlewares/Third_Party/FreeRTOS/Source/tasks.o
 .bss.xPendingReadyList
                0x0000000020002724       0x14 ./Middlewares/Third_Party/FreeRTOS/Source/tasks.o
 .bss.xTasksWaitingTermination
                0x0000000020002738       0x14 ./Middlewares/Third_Party/FreeRTOS/Source/tasks.o
 .bss.uxDeletedTasksWaitingCleanUp
                0x000000002000274c        0x4 ./Middlewares/Third_Party/FreeRTOS/Source/tasks.o
 .bss.xSuspendedTaskList
                0x0000000020002750       0x14 ./Middlewares/Third_Party/FreeRTOS/Source/tasks.o
 .bss.uxCurrentNumberOfTasks
                0x0000000020002764        0x4 ./Middlewares/Third_Party/FreeRTOS/Source/tasks.o
 .bss.xTickCount
                0x0000000020002768        0x4 ./Middlewares/Third_Party/FreeRTOS/Source/tasks.o
 .bss.uxTopReadyPriority
                0x000000002000276c        0x4 ./Middlewares/Third_Party/FreeRTOS/Source/tasks.o
 .bss.xSchedulerRunning
                0x0000000020002770        0x4 ./Middlewares/Third_Party/FreeRTOS/Source/tasks.o
 .bss.uxPendedTicks
                0x0000000020002774        0x4 ./Middlewares/Third_Party/FreeRTOS/Source/tasks.o
 .bss.xYieldPending
                0x0000000020002778        0x4 ./Middlewares/Third_Party/FreeRTOS/Source/tasks.o
 .bss.xNumOfOverflows
                0x000000002000277c        0x4 ./Middlewares/Third_Party/FreeRTOS/Source/tasks.o
 .bss.uxTaskNumber
                0x0000000020002780        0x4 ./Middlewares/Third_Party/FreeRTOS/Source/tasks.o
 .bss.xNextTaskUnblockTime
                0x0000000020002784        0x4 ./Middlewares/Third_Party/FreeRTOS/Source/tasks.o
 .bss.xIdleTaskHandle
                0x0000000020002788        0x4 ./Middlewares/Third_Party/FreeRTOS/Source/tasks.o
 .bss.uxSchedulerSuspended
                0x000000002000278c        0x4 ./Middlewares/Third_Party/FreeRTOS/Source/tasks.o
 .bss.xActiveTimerList1
                0x0000000020002790       0x14 ./Middlewares/Third_Party/FreeRTOS/Source/timers.o
 .bss.xActiveTimerList2
                0x00000000200027a4       0x14 ./Middlewares/Third_Party/FreeRTOS/Source/timers.o
 .bss.pxCurrentTimerList
                0x00000000200027b8        0x4 ./Middlewares/Third_Party/FreeRTOS/Source/timers.o
 .bss.pxOverflowTimerList
                0x00000000200027bc        0x4 ./Middlewares/Third_Party/FreeRTOS/Source/timers.o
 .bss.xTimerQueue
                0x00000000200027c0        0x4 ./Middlewares/Third_Party/FreeRTOS/Source/timers.o
 .bss.xTimerTaskHandle
                0x00000000200027c4        0x4 ./Middlewares/Third_Party/FreeRTOS/Source/timers.o
 .bss.xLastTime.2
                0x00000000200027c8        0x4 ./Middlewares/Third_Party/FreeRTOS/Source/timers.o
 .bss.ucStaticTimerQueueStorage.1
                0x00000000200027cc       0xa0 ./Middlewares/Third_Party/FreeRTOS/Source/timers.o
 .bss.xStaticTimerQueue.0
                0x000000002000286c       0x50 ./Middlewares/Third_Party/FreeRTOS/Source/timers.o
 .bss.ucMaxSysCallPriority
                0x00000000200028bc        0x1 ./Middlewares/Third_Party/FreeRTOS/Source/portable/GCC/ARM_CM3/port.o
 *fill*         0x00000000200028bd        0x3 
 .bss.ulMaxPRIGROUPValue
                0x00000000200028c0        0x4 ./Middlewares/Third_Party/FreeRTOS/Source/portable/GCC/ARM_CM3/port.o
 .bss.ucHeap    0x00000000200028c4      0xc00 ./Middlewares/Third_Party/FreeRTOS/Source/portable/MemMang/heap_4.o
 .bss.xStart    0x00000000200034c4        0x8 ./Middlewares/Third_Party/FreeRTOS/Source/portable/MemMang/heap_4.o
 .bss.pxEnd     0x00000000200034cc        0x4 ./Middlewares/Third_Party/FreeRTOS/Source/portable/MemMang/heap_4.o
 .bss.xFreeBytesRemaining
                0x00000000200034d0        0x4 ./Middlewares/Third_Party/FreeRTOS/Source/portable/MemMang/heap_4.o
 .bss.xMinimumEverFreeBytesRemaining
                0x00000000200034d4        0x4 ./Middlewares/Third_Party/FreeRTOS/Source/portable/MemMang/heap_4.o
 .bss.xBlockAllocatedBit
                0x00000000200034d8        0x4 ./Middlewares/Third_Party/FreeRTOS/Source/portable/MemMang/heap_4.o
 .bss.__sf      0x00000000200034dc      0x138 /opt/st/stm32cubeide_1.14.0/plugins/com.st.stm32cube.ide.mcu.externaltools.gnu-tools-for-stm32.11.3.rel1.linux64_1.1.100.202309141235/tools/bin/../lib/gcc/arm-none-eabi/11.3.1/../../../../arm-none-eabi/lib/thumb/v7-m/nofp/libc_nano.a(libc_a-findfp.o)
                0x00000000200034dc                __sf
 .bss.__lock___malloc_recursive_mutex
                0x0000000020003614        0x1 /opt/st/stm32cubeide_1.14.0/plugins/com.st.stm32cube.ide.mcu.externaltools.gnu-tools-for-stm32.11.3.rel1.linux64_1.1.100.202309141235/tools/bin/../lib/gcc/arm-none-eabi/11.3.1/../../../../arm-none-eabi/lib/thumb/v7-m/nofp/libc_nano.a(libc_a-lock.o)
                0x0000000020003614                __lock___malloc_recursive_mutex
 *fill*         0x0000000020003615        0x3 
 .bss.__malloc_free_list
                0x0000000020003618        0x4 /opt/st/stm32cubeide_1.14.0/plugins/com.st.stm32cube.ide.mcu.externaltools.gnu-tools-for-stm32.11.3.rel1.linux64_1.1.100.202309141235/tools/bin/../lib/gcc/arm-none-eabi/11.3.1/../../../../arm-none-eabi/lib/thumb/v7-m/nofp/libc_nano.a(libc_a-mallocr.o)
                0x0000000020003618                __malloc_free_list
 *(COMMON)
                0x000000002000361c                . = ALIGN (0x4)
                0x000000002000361c                _ebss = .
                0x000000002000361c                __bss_end__ = _ebss

._user_heap_stack
                0x000000002000361c      0x604 load address 0x00000000080052a8
                0x0000000020003620                . = ALIGN (0x8)
 *fill*         0x000000002000361c        0x4 
                [!provide]                        PROVIDE (end = .)
                0x0000000020003620                PROVIDE (_end = .)
                0x0000000020003820                . = (. + _Min_Heap_Size)
 *fill*         0x0000000020003620      0x200 
                0x0000000020003c20                . = (. + _Min_Stack_Size)
 *fill*         0x0000000020003820      0x400 
                0x0000000020003c20                . = ALIGN (0x8)

/DISCARD/
 libc.a(*)
 libm.a(*)
 libgcc.a(*)

.ARM.attributes
                0x0000000000000000       0x29
 *(.ARM.attributes)
 .ARM.attributes
                0x0000000000000000       0x1d /opt/st/stm32cubeide_1.14.0/plugins/com.st.stm32cube.ide.mcu.externaltools.gnu-tools-for-stm32.11.3.rel1.linux64_1.1.100.202309141235/tools/bin/../lib/gcc/arm-none-eabi/11.3.1/thumb/v7-m/nofp/crti.o
 .ARM.attributes
                0x000000000000001d       0x2d /opt/st/stm32cubeide_1.14.0/plugins/com.st.stm32cube.ide.mcu.externaltools.gnu-tools-for-stm32.11.3.rel1.linux64_1.1.100.202309141235/tools/bin/../lib/gcc/arm-none-eabi/11.3.1/thumb/v7-m/nofp/crtbegin.o
 .ARM.attributes
                0x000000000000004a       0x2d ./Core/Src/main.o
 .ARM.attributes
                0x0000000000000077       0x2d ./Core/Src/stm32f1xx_hal_msp.o
 .ARM.attributes
                0x00000000000000a4       0x2d ./Core/Src/stm32f1xx_hal_timebase_tim.o
 .ARM.attributes
                0x00000000000000d1       0x2d ./Core/Src/stm32f1xx_it.o
 .ARM.attributes
                0x00000000000000fe       0x2d ./Core/Src/system_stm32f1xx.o
 .ARM.attributes
                0x000000000000012b       0x21 ./Core/Startup/startup_stm32f103c8tx.o
 .ARM.attributes
                0x000000000000014c       0x2d ./Drivers/STM32F1xx_HAL_Driver/Src/stm32f1xx_hal.o
 .ARM.attributes
                0x0000000000000179       0x2d ./Drivers/STM32F1xx_HAL_Driver/Src/stm32f1xx_hal_cortex.o
 .ARM.attributes
                0x00000000000001a6       0x2d ./Drivers/STM32F1xx_HAL_Driver/Src/stm32f1xx_hal_gpio.o
 .ARM.attributes
                0x00000000000001d3       0x2d ./Drivers/STM32F1xx_HAL_Driver/Src/stm32f1xx_hal_rcc.o
 .ARM.attributes
                0x0000000000000200       0x2d ./Drivers/STM32F1xx_HAL_Driver/Src/stm32f1xx_hal_tim.o
 .ARM.attributes
                0x000000000000022d       0x2d ./Drivers/STM32F1xx_HAL_Driver/Src/stm32f1xx_hal_tim_ex.o
 .ARM.attributes
                0x000000000000025a       0x2d ./Middlewares/Third_Party/FreeRTOS/Source/CMSIS_RTOS_V2/cmsis_os2.o
 .ARM.attributes
                0x0000000000000287       0x2d ./Middlewares/Third_Party/FreeRTOS/Source/list.o
 .ARM.attributes
                0x00000000000002b4       0x2d ./Middlewares/Third_Party/FreeRTOS/Source/queue.o
 .ARM.attributes
                0x00000000000002e1       0x2d ./Middlewares/Third_Party/FreeRTOS/Source/tasks.o
 .ARM.attributes
                0x000000000000030e       0x2d ./Middlewares/Third_Party/FreeRTOS/Source/timers.o
 .ARM.attributes
                0x000000000000033b       0x2d ./Middlewares/Third_Party/FreeRTOS/Source/portable/GCC/ARM_CM3/port.o
 .ARM.attributes
                0x0000000000000368       0x2d ./Middlewares/Third_Party/FreeRTOS/Source/portable/MemMang/heap_4.o
 .ARM.attributes
                0x0000000000000395       0x2d /opt/st/stm32cubeide_1.14.0/plugins/com.st.stm32cube.ide.mcu.externaltools.gnu-tools-for-stm32.11.3.rel1.linux64_1.1.100.202309141235/tools/bin/../lib/gcc/arm-none-eabi/11.3.1/../../../../arm-none-eabi/lib/thumb/v7-m/nofp/libc_nano.a(libc_a-findfp.o)
 .ARM.attributes
                0x00000000000003c2       0x2d /opt/st/stm32cubeide_1.14.0/plugins/com.st.stm32cube.ide.mcu.externaltools.gnu-tools-for-stm32.11.3.rel1.linux64_1.1.100.202309141235/tools/bin/../lib/gcc/arm-none-eabi/11.3.1/../../../../arm-none-eabi/lib/thumb/v7-m/nofp/libc_nano.a(libc_a-memset.o)
 .ARM.attributes
                0x00000000000003ef       0x2d /opt/st/stm32cubeide_1.14.0/plugins/com.st.stm32cube.ide.mcu.externaltools.gnu-tools-for-stm32.11.3.rel1.linux64_1.1.100.202309141235/tools/bin/../lib/gcc/arm-none-eabi/11.3.1/../../../../arm-none-eabi/lib/thumb/v7-m/nofp/libc_nano.a(libc_a-reent.o)
 .ARM.attributes
                0x000000000000041c       0x2d /opt/st/stm32cubeide_1.14.0/plugins/com.st.stm32cube.ide.mcu.externaltools.gnu-tools-for-stm32.11.3.rel1.linux64_1.1.100.202309141235/tools/bin/../lib/gcc/arm-none-eabi/11.3.1/../../../../arm-none-eabi/lib/thumb/v7-m/nofp/libc_nano.a(libc_a-impure.o)
 .ARM.attributes
                0x0000000000000449       0x2d /opt/st/stm32cubeide_1.14.0/plugins/com.st.stm32cube.ide.mcu.externaltools.gnu-tools-for-stm32.11.3.rel1.linux64_1.1.100.202309141235/tools/bin/../lib/gcc/arm-none-eabi/11.3.1/../../../../arm-none-eabi/lib/thumb/v7-m/nofp/libc_nano.a(libc_a-init.o)
 .ARM.attributes
                0x0000000000000476       0x2d /opt/st/stm32cubeide_1.14.0/plugins/com.st.stm32cube.ide.mcu.externaltools.gnu-tools-for-stm32.11.3.rel1.linux64_1.1.100.202309141235/tools/bin/../lib/gcc/arm-none-eabi/11.3.1/../../../../arm-none-eabi/lib/thumb/v7-m/nofp/libc_nano.a(libc_a-lock.o)
 .ARM.attributes
                0x00000000000004a3       0x2d /opt/st/stm32cubeide_1.14.0/plugins/com.st.stm32cube.ide.mcu.externaltools.gnu-tools-for-stm32.11.3.rel1.linux64_1.1.100.202309141235/tools/bin/../lib/gcc/arm-none-eabi/11.3.1/../../../../arm-none-eabi/lib/thumb/v7-m/nofp/libc_nano.a(libc_a-memcpy-stub.o)
 .ARM.attributes
                0x00000000000004d0       0x2d /opt/st/stm32cubeide_1.14.0/plugins/com.st.stm32cube.ide.mcu.externaltools.gnu-tools-for-stm32.11.3.rel1.linux64_1.1.100.202309141235/tools/bin/../lib/gcc/arm-none-eabi/11.3.1/../../../../arm-none-eabi/lib/thumb/v7-m/nofp/libc_nano.a(libc_a-freer.o)
 .ARM.attributes
                0x00000000000004fd       0x2d /opt/st/stm32cubeide_1.14.0/plugins/com.st.stm32cube.ide.mcu.externaltools.gnu-tools-for-stm32.11.3.rel1.linux64_1.1.100.202309141235/tools/bin/../lib/gcc/arm-none-eabi/11.3.1/../../../../arm-none-eabi/lib/thumb/v7-m/nofp/libc_nano.a(libc_a-mallocr.o)
 .ARM.attributes
                0x000000000000052a       0x2d /opt/st/stm32cubeide_1.14.0/plugins/com.st.stm32cube.ide.mcu.externaltools.gnu-tools-for-stm32.11.3.rel1.linux64_1.1.100.202309141235/tools/bin/../lib/gcc/arm-none-eabi/11.3.1/../../../../arm-none-eabi/lib/thumb/v7-m/nofp/libc_nano.a(libc_a-mlock.o)
 .ARM.attributes
                0x0000000000000557       0x1d /opt/st/stm32cubeide_1.14.0/plugins/com.st.stm32cube.ide.mcu.externaltools.gnu-tools-for-stm32.11.3.rel1.linux64_1.1.100.202309141235/tools/bin/../lib/gcc/arm-none-eabi/11.3.1/thumb/v7-m/nofp/crtn.o
OUTPUT(stm32_FSM_FreeRtos_Event_State.elf elf32-littlearm)
LOAD linker stubs
LOAD /opt/st/stm32cubeide_1.14.0/plugins/com.st.stm32cube.ide.mcu.externaltools.gnu-tools-for-stm32.11.3.rel1.linux64_1.1.100.202309141235/tools/bin/../lib/gcc/arm-none-eabi/11.3.1/../../../../arm-none-eabi/lib/thumb/v7-m/nofp/libc.a
LOAD /opt/st/stm32cubeide_1.14.0/plugins/com.st.stm32cube.ide.mcu.externaltools.gnu-tools-for-stm32.11.3.rel1.linux64_1.1.100.202309141235/tools/bin/../lib/gcc/arm-none-eabi/11.3.1/../../../../arm-none-eabi/lib/thumb/v7-m/nofp/libm.a
LOAD /opt/st/stm32cubeide_1.14.0/plugins/com.st.stm32cube.ide.mcu.externaltools.gnu-tools-for-stm32.11.3.rel1.linux64_1.1.100.202309141235/tools/bin/../lib/gcc/arm-none-eabi/11.3.1/thumb/v7-m/nofp/libgcc.a

.comment        0x0000000000000000       0x43
 .comment       0x0000000000000000       0x43 /opt/st/stm32cubeide_1.14.0/plugins/com.st.stm32cube.ide.mcu.externaltools.gnu-tools-for-stm32.11.3.rel1.linux64_1.1.100.202309141235/tools/bin/../lib/gcc/arm-none-eabi/11.3.1/thumb/v7-m/nofp/crtbegin.o
                                         0x44 (size before relaxing)
 .comment       0x0000000000000043       0x44 ./Core/Src/main.o
 .comment       0x0000000000000043       0x44 ./Core/Src/stm32f1xx_hal_msp.o
 .comment       0x0000000000000043       0x44 ./Core/Src/stm32f1xx_hal_timebase_tim.o
 .comment       0x0000000000000043       0x44 ./Core/Src/stm32f1xx_it.o
 .comment       0x0000000000000043       0x44 ./Core/Src/system_stm32f1xx.o
 .comment       0x0000000000000043       0x44 ./Drivers/STM32F1xx_HAL_Driver/Src/stm32f1xx_hal.o
 .comment       0x0000000000000043       0x44 ./Drivers/STM32F1xx_HAL_Driver/Src/stm32f1xx_hal_cortex.o
 .comment       0x0000000000000043       0x44 ./Drivers/STM32F1xx_HAL_Driver/Src/stm32f1xx_hal_gpio.o
 .comment       0x0000000000000043       0x44 ./Drivers/STM32F1xx_HAL_Driver/Src/stm32f1xx_hal_rcc.o
 .comment       0x0000000000000043       0x44 ./Drivers/STM32F1xx_HAL_Driver/Src/stm32f1xx_hal_tim.o
 .comment       0x0000000000000043       0x44 ./Drivers/STM32F1xx_HAL_Driver/Src/stm32f1xx_hal_tim_ex.o
 .comment       0x0000000000000043       0x44 ./Middlewares/Third_Party/FreeRTOS/Source/CMSIS_RTOS_V2/cmsis_os2.o
 .comment       0x0000000000000043       0x44 ./Middlewares/Third_Party/FreeRTOS/Source/list.o
 .comment       0x0000000000000043       0x44 ./Middlewares/Third_Party/FreeRTOS/Source/queue.o
 .comment       0x0000000000000043       0x44 ./Middlewares/Third_Party/FreeRTOS/Source/tasks.o
 .comment       0x0000000000000043       0x44 ./Middlewares/Third_Party/FreeRTOS/Source/timers.o
 .comment       0x0000000000000043       0x44 ./Middlewares/Third_Party/FreeRTOS/Source/portable/GCC/ARM_CM3/port.o
 .comment       0x0000000000000043       0x44 ./Middlewares/Third_Party/FreeRTOS/Source/portable/MemMang/heap_4.o

.debug_info     0x0000000000000000    0x1400a
 .debug_info    0x0000000000000000     0x2534 ./Core/Src/main.o
 .debug_info    0x0000000000002534      0x361 ./Core/Src/stm32f1xx_hal_msp.o
 .debug_info    0x0000000000002895      0x99a ./Core/Src/stm32f1xx_hal_timebase_tim.o
 .debug_info    0x000000000000322f      0x66a ./Core/Src/stm32f1xx_it.o
 .debug_info    0x0000000000003899      0x222 ./Core/Src/system_stm32f1xx.o
 .debug_info    0x0000000000003abb       0x23 ./Core/Startup/startup_stm32f103c8tx.o
 .debug_info    0x0000000000003ade      0x704 ./Drivers/STM32F1xx_HAL_Driver/Src/stm32f1xx_hal.o
 .debug_info    0x00000000000041e2      0xa87 ./Drivers/STM32F1xx_HAL_Driver/Src/stm32f1xx_hal_cortex.o
 .debug_info    0x0000000000004c69      0x5ab ./Drivers/STM32F1xx_HAL_Driver/Src/stm32f1xx_hal_gpio.o
 .debug_info    0x0000000000005214      0x7d5 ./Drivers/STM32F1xx_HAL_Driver/Src/stm32f1xx_hal_rcc.o
 .debug_info    0x00000000000059e9     0x293b ./Drivers/STM32F1xx_HAL_Driver/Src/stm32f1xx_hal_tim.o
 .debug_info    0x0000000000008324     0x149b ./Drivers/STM32F1xx_HAL_Driver/Src/stm32f1xx_hal_tim_ex.o
 .debug_info    0x00000000000097bf     0x4058 ./Middlewares/Third_Party/FreeRTOS/Source/CMSIS_RTOS_V2/cmsis_os2.o
 .debug_info    0x000000000000d817      0x2aa ./Middlewares/Third_Party/FreeRTOS/Source/list.o
 .debug_info    0x000000000000dac1     0x1abf ./Middlewares/Third_Party/FreeRTOS/Source/queue.o
 .debug_info    0x000000000000f580     0x27b7 ./Middlewares/Third_Party/FreeRTOS/Source/tasks.o
 .debug_info    0x0000000000011d37     0x1a7c ./Middlewares/Third_Party/FreeRTOS/Source/timers.o
 .debug_info    0x00000000000137b3      0x494 ./Middlewares/Third_Party/FreeRTOS/Source/portable/GCC/ARM_CM3/port.o
 .debug_info    0x0000000000013c47      0x3c3 ./Middlewares/Third_Party/FreeRTOS/Source/portable/MemMang/heap_4.o

.debug_abbrev   0x0000000000000000     0x2c8f
 .debug_abbrev  0x0000000000000000      0x35a ./Core/Src/main.o
 .debug_abbrev  0x000000000000035a      0x11c ./Core/Src/stm32f1xx_hal_msp.o
 .debug_abbrev  0x0000000000000476      0x1f3 ./Core/Src/stm32f1xx_hal_timebase_tim.o
 .debug_abbrev  0x0000000000000669      0x17c ./Core/Src/stm32f1xx_it.o
 .debug_abbrev  0x00000000000007e5      0x13f ./Core/Src/system_stm32f1xx.o
 .debug_abbrev  0x0000000000000924       0x12 ./Core/Startup/startup_stm32f103c8tx.o
 .debug_abbrev  0x0000000000000936      0x201 ./Drivers/STM32F1xx_HAL_Driver/Src/stm32f1xx_hal.o
 .debug_abbrev  0x0000000000000b37      0x2f8 ./Drivers/STM32F1xx_HAL_Driver/Src/stm32f1xx_hal_cortex.o
 .debug_abbrev  0x0000000000000e2f      0x1ca ./Drivers/STM32F1xx_HAL_Driver/Src/stm32f1xx_hal_gpio.o
 .debug_abbrev  0x0000000000000ff9      0x2b3 ./Drivers/STM32F1xx_HAL_Driver/Src/stm32f1xx_hal_rcc.o
 .debug_abbrev  0x00000000000012ac      0x277 ./Drivers/STM32F1xx_HAL_Driver/Src/stm32f1xx_hal_tim.o
 .debug_abbrev  0x0000000000001523      0x282 ./Drivers/STM32F1xx_HAL_Driver/Src/stm32f1xx_hal_tim_ex.o
 .debug_abbrev  0x00000000000017a5      0x465 ./Middlewares/Third_Party/FreeRTOS/Source/CMSIS_RTOS_V2/cmsis_os2.o
 .debug_abbrev  0x0000000000001c0a       0xf5 ./Middlewares/Third_Party/FreeRTOS/Source/list.o
 .debug_abbrev  0x0000000000001cff      0x3ce ./Middlewares/Third_Party/FreeRTOS/Source/queue.o
 .debug_abbrev  0x00000000000020cd      0x3fe ./Middlewares/Third_Party/FreeRTOS/Source/tasks.o
 .debug_abbrev  0x00000000000024cb      0x367 ./Middlewares/Third_Party/FreeRTOS/Source/timers.o
 .debug_abbrev  0x0000000000002832      0x258 ./Middlewares/Third_Party/FreeRTOS/Source/portable/GCC/ARM_CM3/port.o
 .debug_abbrev  0x0000000000002a8a      0x205 ./Middlewares/Third_Party/FreeRTOS/Source/portable/MemMang/heap_4.o

.debug_aranges  0x0000000000000000     0x1150
 .debug_aranges
                0x0000000000000000      0x100 ./Core/Src/main.o
 .debug_aranges
                0x0000000000000100       0x20 ./Core/Src/stm32f1xx_hal_msp.o
 .debug_aranges
                0x0000000000000120       0x30 ./Core/Src/stm32f1xx_hal_timebase_tim.o
 .debug_aranges
                0x0000000000000150       0x50 ./Core/Src/stm32f1xx_it.o
 .debug_aranges
                0x00000000000001a0       0x28 ./Core/Src/system_stm32f1xx.o
 .debug_aranges
                0x00000000000001c8       0x28 ./Core/Startup/startup_stm32f103c8tx.o
 .debug_aranges
                0x00000000000001f0       0xe0 ./Drivers/STM32F1xx_HAL_Driver/Src/stm32f1xx_hal.o
 .debug_aranges
                0x00000000000002d0      0x100 ./Drivers/STM32F1xx_HAL_Driver/Src/stm32f1xx_hal_cortex.o
 .debug_aranges
                0x00000000000003d0       0x58 ./Drivers/STM32F1xx_HAL_Driver/Src/stm32f1xx_hal_gpio.o
 .debug_aranges
                0x0000000000000428       0x90 ./Drivers/STM32F1xx_HAL_Driver/Src/stm32f1xx_hal_rcc.o
 .debug_aranges
                0x00000000000004b8      0x3d0 ./Drivers/STM32F1xx_HAL_Driver/Src/stm32f1xx_hal_tim.o
 .debug_aranges
                0x0000000000000888      0x168 ./Drivers/STM32F1xx_HAL_Driver/Src/stm32f1xx_hal_tim_ex.o
 .debug_aranges
                0x00000000000009f0      0x228 ./Middlewares/Third_Party/FreeRTOS/Source/CMSIS_RTOS_V2/cmsis_os2.o
 .debug_aranges
                0x0000000000000c18       0x40 ./Middlewares/Third_Party/FreeRTOS/Source/list.o
 .debug_aranges
                0x0000000000000c58      0x158 ./Middlewares/Third_Party/FreeRTOS/Source/queue.o
 .debug_aranges
                0x0000000000000db0      0x1f8 ./Middlewares/Third_Party/FreeRTOS/Source/tasks.o
 .debug_aranges
                0x0000000000000fa8       0xe0 ./Middlewares/Third_Party/FreeRTOS/Source/timers.o
 .debug_aranges
                0x0000000000001088       0x78 ./Middlewares/Third_Party/FreeRTOS/Source/portable/GCC/ARM_CM3/port.o
 .debug_aranges
                0x0000000000001100       0x50 ./Middlewares/Third_Party/FreeRTOS/Source/portable/MemMang/heap_4.o

.debug_rnglists
                0x0000000000000000      0xd5b
 .debug_rnglists
                0x0000000000000000       0xbe ./Core/Src/main.o
 .debug_rnglists
                0x00000000000000be       0x13 ./Core/Src/stm32f1xx_hal_msp.o
 .debug_rnglists
                0x00000000000000d1       0x20 ./Core/Src/stm32f1xx_hal_timebase_tim.o
 .debug_rnglists
                0x00000000000000f1       0x37 ./Core/Src/stm32f1xx_it.o
 .debug_rnglists
                0x0000000000000128       0x1a ./Core/Src/system_stm32f1xx.o
 .debug_rnglists
                0x0000000000000142       0x19 ./Core/Startup/startup_stm32f103c8tx.o
 .debug_rnglists
                0x000000000000015b       0xa3 ./Drivers/STM32F1xx_HAL_Driver/Src/stm32f1xx_hal.o
 .debug_rnglists
                0x00000000000001fe       0xbb ./Drivers/STM32F1xx_HAL_Driver/Src/stm32f1xx_hal_cortex.o
 .debug_rnglists
                0x00000000000002b9       0x3f ./Drivers/STM32F1xx_HAL_Driver/Src/stm32f1xx_hal_gpio.o
 .debug_rnglists
                0x00000000000002f8       0x6c ./Drivers/STM32F1xx_HAL_Driver/Src/stm32f1xx_hal_rcc.o
 .debug_rnglists
                0x0000000000000364      0x31a ./Drivers/STM32F1xx_HAL_Driver/Src/stm32f1xx_hal_tim.o
 .debug_rnglists
                0x000000000000067e      0x125 ./Drivers/STM32F1xx_HAL_Driver/Src/stm32f1xx_hal_tim_ex.o
 .debug_rnglists
                0x00000000000007a3      0x1b4 ./Middlewares/Third_Party/FreeRTOS/Source/CMSIS_RTOS_V2/cmsis_os2.o
 .debug_rnglists
                0x0000000000000957       0x2b ./Middlewares/Third_Party/FreeRTOS/Source/list.o
 .debug_rnglists
                0x0000000000000982      0x109 ./Middlewares/Third_Party/FreeRTOS/Source/queue.o
 .debug_rnglists
                0x0000000000000a8b      0x194 ./Middlewares/Third_Party/FreeRTOS/Source/tasks.o
 .debug_rnglists
                0x0000000000000c1f       0xab ./Middlewares/Third_Party/FreeRTOS/Source/timers.o
 .debug_rnglists
                0x0000000000000cca       0x56 ./Middlewares/Third_Party/FreeRTOS/Source/portable/GCC/ARM_CM3/port.o
 .debug_rnglists
                0x0000000000000d20       0x3b ./Middlewares/Third_Party/FreeRTOS/Source/portable/MemMang/heap_4.o

.debug_macro    0x0000000000000000     0x2797
 .debug_macro   0x0000000000000000      0x2c3 ./Core/Src/main.o
 .debug_macro   0x00000000000002c3       0x5b ./Core/Src/main.o
 .debug_macro   0x000000000000031e       0x74 ./Core/Src/main.o
 .debug_macro   0x0000000000000392      0x129 ./Core/Src/main.o
 .debug_macro   0x00000000000004bb       0xdd ./Core/Src/main.o
 .debug_macro   0x0000000000000598       0x8d ./Core/Src/main.o
 .debug_macro   0x0000000000000625      0x1a3 ./Core/Src/stm32f1xx_hal_msp.o
 .debug_macro   0x00000000000007c8      0x199 ./Core/Src/stm32f1xx_hal_timebase_tim.o
 .debug_macro   0x0000000000000961      0x1ad ./Core/Src/stm32f1xx_it.o
 .debug_macro   0x0000000000000b0e      0x199 ./Core/Src/system_stm32f1xx.o
 .debug_macro   0x0000000000000ca7      0x1bd ./Drivers/STM32F1xx_HAL_Driver/Src/stm32f1xx_hal.o
 .debug_macro   0x0000000000000e64      0x199 ./Drivers/STM32F1xx_HAL_Driver/Src/stm32f1xx_hal_cortex.o
 .debug_macro   0x0000000000000ffd      0x204 ./Drivers/STM32F1xx_HAL_Driver/Src/stm32f1xx_hal_gpio.o
 .debug_macro   0x0000000000001201      0x1ab ./Drivers/STM32F1xx_HAL_Driver/Src/stm32f1xx_hal_rcc.o
 .debug_macro   0x00000000000013ac      0x19a ./Drivers/STM32F1xx_HAL_Driver/Src/stm32f1xx_hal_tim.o
 .debug_macro   0x0000000000001546      0x199 ./Drivers/STM32F1xx_HAL_Driver/Src/stm32f1xx_hal_tim_ex.o
 .debug_macro   0x00000000000016df      0x259 ./Middlewares/Third_Party/FreeRTOS/Source/CMSIS_RTOS_V2/cmsis_os2.o
 .debug_macro   0x0000000000001938       0x10 ./Middlewares/Third_Party/FreeRTOS/Source/CMSIS_RTOS_V2/cmsis_os2.o
 .debug_macro   0x0000000000001948       0x20 ./Middlewares/Third_Party/FreeRTOS/Source/CMSIS_RTOS_V2/cmsis_os2.o
 .debug_macro   0x0000000000001968       0x10 ./Middlewares/Third_Party/FreeRTOS/Source/CMSIS_RTOS_V2/cmsis_os2.o
 .debug_macro   0x0000000000001978       0xb7 ./Middlewares/Third_Party/FreeRTOS/Source/CMSIS_RTOS_V2/cmsis_os2.o
 .debug_macro   0x0000000000001a2f       0x16 ./Middlewares/Third_Party/FreeRTOS/Source/CMSIS_RTOS_V2/cmsis_os2.o
 .debug_macro   0x0000000000001a45       0x91 ./Middlewares/Third_Party/FreeRTOS/Source/CMSIS_RTOS_V2/cmsis_os2.o
 .debug_macro   0x0000000000001ad6       0x9a ./Middlewares/Third_Party/FreeRTOS/Source/CMSIS_RTOS_V2/cmsis_os2.o
 .debug_macro   0x0000000000001b70      0x199 ./Middlewares/Third_Party/FreeRTOS/Source/list.o
 .debug_macro   0x0000000000001d09      0x224 ./Middlewares/Third_Party/FreeRTOS/Source/queue.o
 .debug_macro   0x0000000000001f2d       0x16 ./Middlewares/Third_Party/FreeRTOS/Source/queue.o
 .debug_macro   0x0000000000001f43      0x299 ./Middlewares/Third_Party/FreeRTOS/Source/tasks.o
 .debug_macro   0x00000000000021dc       0x10 ./Middlewares/Third_Party/FreeRTOS/Source/tasks.o
 .debug_macro   0x00000000000021ec      0x1dc ./Middlewares/Third_Party/FreeRTOS/Source/timers.o
 .debug_macro   0x00000000000023c8      0x20f ./Middlewares/Third_Party/FreeRTOS/Source/portable/GCC/ARM_CM3/port.o
 .debug_macro   0x00000000000025d7      0x1c0 ./Middlewares/Third_Party/FreeRTOS/Source/portable/MemMang/heap_4.o

.debug_line     0x0000000000000000    0x11aa5
 .debug_line    0x0000000000000000      0xde1 ./Core/Src/main.o
 .debug_line    0x0000000000000de1      0x634 ./Core/Src/stm32f1xx_hal_msp.o
 .debug_line    0x0000000000001415      0x6a0 ./Core/Src/stm32f1xx_hal_timebase_tim.o
 .debug_line    0x0000000000001ab5      0x6ce ./Core/Src/stm32f1xx_it.o
 .debug_line    0x0000000000002183      0x6b0 ./Core/Src/system_stm32f1xx.o
 .debug_line    0x0000000000002833       0x78 ./Core/Startup/startup_stm32f103c8tx.o
 .debug_line    0x00000000000028ab      0x8dd ./Drivers/STM32F1xx_HAL_Driver/Src/stm32f1xx_hal.o
 .debug_line    0x0000000000003188      0xac5 ./Drivers/STM32F1xx_HAL_Driver/Src/stm32f1xx_hal_cortex.o
 .debug_line    0x0000000000003c4d      0x976 ./Drivers/STM32F1xx_HAL_Driver/Src/stm32f1xx_hal_gpio.o
 .debug_line    0x00000000000045c3      0xce6 ./Drivers/STM32F1xx_HAL_Driver/Src/stm32f1xx_hal_rcc.o
 .debug_line    0x00000000000052a9     0x33c9 ./Drivers/STM32F1xx_HAL_Driver/Src/stm32f1xx_hal_tim.o
 .debug_line    0x0000000000008672     0x183c ./Drivers/STM32F1xx_HAL_Driver/Src/stm32f1xx_hal_tim_ex.o
 .debug_line    0x0000000000009eae     0x2425 ./Middlewares/Third_Party/FreeRTOS/Source/CMSIS_RTOS_V2/cmsis_os2.o
 .debug_line    0x000000000000c2d3      0x6d5 ./Middlewares/Third_Party/FreeRTOS/Source/list.o
 .debug_line    0x000000000000c9a8     0x1698 ./Middlewares/Third_Party/FreeRTOS/Source/queue.o
 .debug_line    0x000000000000e040     0x1d26 ./Middlewares/Third_Party/FreeRTOS/Source/tasks.o
 .debug_line    0x000000000000fd66      0xc6c ./Middlewares/Third_Party/FreeRTOS/Source/timers.o
 .debug_line    0x00000000000109d2      0x83c ./Middlewares/Third_Party/FreeRTOS/Source/portable/GCC/ARM_CM3/port.o
 .debug_line    0x000000000001120e      0x897 ./Middlewares/Third_Party/FreeRTOS/Source/portable/MemMang/heap_4.o

.debug_str      0x0000000000000000    0x91af2
 .debug_str     0x0000000000000000    0x88913 ./Core/Src/main.o
                                      0x88e4a (size before relaxing)
 .debug_str     0x0000000000088913      0x2dd ./Core/Src/stm32f1xx_hal_msp.o
                                      0x81c9f (size before relaxing)
 .debug_str     0x0000000000088bf0      0x10a ./Core/Src/stm32f1xx_hal_timebase_tim.o
                                      0x8228e (size before relaxing)
 .debug_str     0x0000000000088cfa       0xa5 ./Core/Src/stm32f1xx_it.o
                                      0x81e7d (size before relaxing)
 .debug_str     0x0000000000088d9f       0x7e ./Core/Src/system_stm32f1xx.o
                                      0x819d6 (size before relaxing)
 .debug_str     0x0000000000088e1d       0x34 ./Core/Startup/startup_stm32f103c8tx.o
                                         0x81 (size before relaxing)
 .debug_str     0x0000000000088e51      0x34a ./Drivers/STM32F1xx_HAL_Driver/Src/stm32f1xx_hal.o
                                      0x82109 (size before relaxing)
 .debug_str     0x000000000008919b      0x29f ./Drivers/STM32F1xx_HAL_Driver/Src/stm32f1xx_hal_cortex.o
                                      0x82055 (size before relaxing)
 .debug_str     0x000000000008943a      0x2e3 ./Drivers/STM32F1xx_HAL_Driver/Src/stm32f1xx_hal_gpio.o
                                      0x81d5c (size before relaxing)
 .debug_str     0x000000000008971d      0x1f3 ./Drivers/STM32F1xx_HAL_Driver/Src/stm32f1xx_hal_rcc.o
                                      0x81e05 (size before relaxing)
 .debug_str     0x0000000000089910      0xe69 ./Drivers/STM32F1xx_HAL_Driver/Src/stm32f1xx_hal_tim.o
                                      0x82df7 (size before relaxing)
 .debug_str     0x000000000008a779      0x503 ./Drivers/STM32F1xx_HAL_Driver/Src/stm32f1xx_hal_tim_ex.o
                                      0x82613 (size before relaxing)
 .debug_str     0x000000000008ac7c     0x4576 ./Middlewares/Third_Party/FreeRTOS/Source/CMSIS_RTOS_V2/cmsis_os2.o
                                       0xe88b (size before relaxing)
 .debug_str     0x000000000008f1f2      0x21b ./Middlewares/Third_Party/FreeRTOS/Source/list.o
                                       0xa659 (size before relaxing)
 .debug_str     0x000000000008f40d      0x863 ./Middlewares/Third_Party/FreeRTOS/Source/queue.o
                                       0xc053 (size before relaxing)
 .debug_str     0x000000000008fc70     0x10c5 ./Middlewares/Third_Party/FreeRTOS/Source/tasks.o
                                       0xceff (size before relaxing)
 .debug_str     0x0000000000090d35      0x515 ./Middlewares/Third_Party/FreeRTOS/Source/timers.o
                                       0xc847 (size before relaxing)
 .debug_str     0x000000000009124a      0x66e ./Middlewares/Third_Party/FreeRTOS/Source/portable/GCC/ARM_CM3/port.o
                                       0x9c28 (size before relaxing)
 .debug_str     0x00000000000918b8      0x23a ./Middlewares/Third_Party/FreeRTOS/Source/portable/MemMang/heap_4.o
                                       0xada6 (size before relaxing)

.debug_frame    0x0000000000000000     0x4b2c
 .debug_frame   0x0000000000000000      0x41c ./Core/Src/main.o
 .debug_frame   0x000000000000041c       0x34 ./Core/Src/stm32f1xx_hal_msp.o
 .debug_frame   0x0000000000000450       0x74 ./Core/Src/stm32f1xx_hal_timebase_tim.o
 .debug_frame   0x00000000000004c4       0xc4 ./Core/Src/stm32f1xx_it.o
 .debug_frame   0x0000000000000588       0x58 ./Core/Src/system_stm32f1xx.o
 .debug_frame   0x00000000000005e0      0x334 ./Drivers/STM32F1xx_HAL_Driver/Src/stm32f1xx_hal.o
 .debug_frame   0x0000000000000914      0x428 ./Drivers/STM32F1xx_HAL_Driver/Src/stm32f1xx_hal_cortex.o
 .debug_frame   0x0000000000000d3c      0x14c ./Drivers/STM32F1xx_HAL_Driver/Src/stm32f1xx_hal_gpio.o
 .debug_frame   0x0000000000000e88      0x218 ./Drivers/STM32F1xx_HAL_Driver/Src/stm32f1xx_hal_rcc.o
 .debug_frame   0x00000000000010a0     0x11bc ./Drivers/STM32F1xx_HAL_Driver/Src/stm32f1xx_hal_tim.o
 .debug_frame   0x000000000000225c      0x638 ./Drivers/STM32F1xx_HAL_Driver/Src/stm32f1xx_hal_tim_ex.o
 .debug_frame   0x0000000000002894      0x980 ./Middlewares/Third_Party/FreeRTOS/Source/CMSIS_RTOS_V2/cmsis_os2.o
 .debug_frame   0x0000000000003214       0xd8 ./Middlewares/Third_Party/FreeRTOS/Source/list.o
 .debug_frame   0x00000000000032ec      0x5ec ./Middlewares/Third_Party/FreeRTOS/Source/queue.o
 .debug_frame   0x00000000000038d8      0x8a8 ./Middlewares/Third_Party/FreeRTOS/Source/tasks.o
 .debug_frame   0x0000000000004180      0x3b4 ./Middlewares/Third_Party/FreeRTOS/Source/timers.o
 .debug_frame   0x0000000000004534      0x198 ./Middlewares/Third_Party/FreeRTOS/Source/portable/GCC/ARM_CM3/port.o
 .debug_frame   0x00000000000046cc      0x108 ./Middlewares/Third_Party/FreeRTOS/Source/portable/MemMang/heap_4.o
 .debug_frame   0x00000000000047d4      0x144 /opt/st/stm32cubeide_1.14.0/plugins/com.st.stm32cube.ide.mcu.externaltools.gnu-tools-for-stm32.11.3.rel1.linux64_1.1.100.202309141235/tools/bin/../lib/gcc/arm-none-eabi/11.3.1/../../../../arm-none-eabi/lib/thumb/v7-m/nofp/libc_nano.a(libc_a-findfp.o)
 .debug_frame   0x0000000000004918       0x20 /opt/st/stm32cubeide_1.14.0/plugins/com.st.stm32cube.ide.mcu.externaltools.gnu-tools-for-stm32.11.3.rel1.linux64_1.1.100.202309141235/tools/bin/../lib/gcc/arm-none-eabi/11.3.1/../../../../arm-none-eabi/lib/thumb/v7-m/nofp/libc_nano.a(libc_a-memset.o)