../Core/Src/main.c:280:5:main	8	static
../Core/Src/main.c:404:6:SystemClock_Config	72	static
../Core/Src/main.c:441:13:MX_GPIO_Init	40	static
../Core/Src/main.c:612:6:fTaskBlinkLong	32	static
../Core/Src/main.c:642:6:fTaskBlinkShort	32	static
../Core/Src/main.c:673:6:fTaskBlinkReal	32	static
../Core/Src/main.c:703:6:fTaskStart	24	static
../Core/Src/main.c:779:6:fTaskTimerEvent	24	static
../Core/Src/main.c:804:6:fTaskStartFSM1	24	static
../Core/Src/main.c:826:6:fTaskStartFSM2	24	static
../Core/Src/main.c:842:6:CallbackTimerBlinkDelay	16	static
../Core/Src/main.c:857:6:HAL_TIM_PeriodElapsedCallback	16	static
../Core/Src/main.c:874:6:Error_Handler	4	static,ignoring_inline_asm
