../Core/Src/main.c:331:5:main	80	static
../Core/Src/main.c:462:6:SystemClock_Config	72	static
../Core/Src/main.c:499:13:MX_GPIO_Init	40	static
../Core/Src/main.c:525:6:initializeTransitionEvent	24	static
../Core/Src/main.c:534:6:initializeTransitionFork	24	static
../Core/Src/main.c:543:6:initializeTransitionEndState	24	static
../Core/Src/main.c:549:6:addToTransitionFork	16	static
../Core/Src/main.c:560:6:addToTransitionEvent	16	static
../Core/Src/main.c:573:6:addToTransitionEndState	16	static
../Core/Src/main.c:584:9:handleTransition	24	static
../Core/Src/main.c:604:6:createStateQueueMapping	16	static
../Core/Src/main.c:610:20:getQueueForState	16	static
../Core/Src/main.c:614:6:MessageQueueState	16	static
../Core/Src/main.c:618:6:sendToTransitionFork	24	static
../Core/Src/main.c:636:6:sendToTransitionEvent	16	static
../Core/Src/main.c:640:6:sendToTransitionEndState	16	static
../Core/Src/main.c:645:6:waitForOwnState	16	static
../Core/Src/main.c:650:6:waitForOwnEvent	16	static
../Core/Src/main.c:663:6:fTaskBlinkLong	32	static
../Core/Src/main.c:693:6:fTaskBlinkShort	32	static
../Core/Src/main.c:723:6:fTaskBlinkReal	32	static
../Core/Src/main.c:753:6:fTaskStateHandler	16	static
../Core/Src/main.c:771:6:fTaskEventHandler	16	static
../Core/Src/main.c:789:6:fTaskStart	24	static
../Core/Src/main.c:832:6:fTaskTimerEvent	24	static
../Core/Src/main.c:855:6:fTaskStartFSM1	24	static
../Core/Src/main.c:877:6:fTaskStartFSM2	24	static
../Core/Src/main.c:893:6:CallbackTimerBlinkDelay	16	static
../Core/Src/main.c:908:6:HAL_TIM_PeriodElapsedCallback	16	static
../Core/Src/main.c:925:6:Error_Handler	4	static,ignoring_inline_asm
